185.220.101.45 - - [12/May/2026:00:00:13 +0700] "PUT /api/users HTTP/1.1" 200 44102 "-" "python-requests/2.28.0" "-"
185.220.101.45 - - [12/May/2026:00:00:31 +0700] "POST /api/users HTTP/1.1" 404 66 "-" "curl/7.68.0" "-"
178.128.45.67 - - [12/May/2026:00:00:44 +0700] "GET /api/orders HTTP/1.1" 404 161 "-" "Mozilla/5.0 (Macintosh; Intel Mac OS X 10_15_7) AppleWebKit/537.36 Safari/537.36" "-"
45.148.10.231 - - [12/May/2026:00:00:54 +0700] "DELETE /api/orders HTTP/1.1" 200 16068 "-" "curl/7.68.0" "-"
103.72.98.10 - - [12/May/2026:00:01:09 +0700] "PUT /static/css/main.css HTTP/1.1" 200 9427 "-" "Mozilla/5.0 (Windows NT 10.0; Win64; x64) AppleWebKit/537.36 Chrome/120.0.0.0 Safari/537.36" "-"
185.220.101.45 - - [12/May/2026:00:01:18 +0700] "PUT /admin HTTP/1.1" 200 2511 "-" "Mozilla/5.0 (Macintosh; Intel Mac OS X 10_15_7) AppleWebKit/537.36 Safari/537.36" "-"
52.167.144.16 - - [12/May/2026:00:01:30 +0700] "PUT /about HTTP/1.1" 404 285 "-" "python-requests/2.28.0" "-"
178.128.45.67 - - [12/May/2026:00:01:43 +0700] "PUT /login HTTP/1.1" 200 17847 "-" "python-requests/2.28.0" "-"
203.0.113.42 - - [12/May/2026:00:01:58 +0700] "POST / HTTP/1.1" 200 48813 "-" "Mozilla/5.0 (Macintosh; Intel Mac OS X 10_15_7) AppleWebKit/537.36 Safari/537.36" "-"
45.148.10.231 - - [12/May/2026:00:02:25 +0700] "PUT /old-page HTTP/1.1" 200 22055 "-" "Mozilla/5.0 (X11; Linux x86_64) AppleWebKit/537.36 Chrome/119.0.0.0 Safari/537.36" "-"
203.0.113.42 - - [12/May/2026:00:02:36 +0700] "POST /wp-admin HTTP/1.1" 200 41083 "-" "Mozilla/5.0 (X11; Linux x86_64) AppleWebKit/537.36 Chrome/119.0.0.0 Safari/537.36" "-"
203.0.113.42 - - [12/May/2026:00:03:34 +0700] "POST /nonexistent-page HTTP/1.1" 200 11065 "-" "Mozilla/5.0 (Macintosh; Intel Mac OS X 10_15_7) AppleWebKit/537.36 Safari/537.36" "-"
185.220.101.45 - - [12/May/2026:00:03:47 +0700] "PUT /api/v1/health HTTP/1.1" 200 48769 "-" "Mozilla/5.0 (Macintosh; Intel Mac OS X 10_15_7) AppleWebKit/537.36 Safari/537.36" "-"
52.167.144.16 - - [12/May/2026:00:04:46 +0700] "GET /admin/users HTTP/1.1" 200 19588 "-" "curl/7.68.0" "-"
45.148.10.231 - - [12/May/2026:00:04:54 +0700] "DELETE /admin HTTP/1.1" 200 43115 "-" "Googlebot/2.1 (+http://www.google.com/bot.html)" "-"
103.56.163.10 - - [12/May/2026:00:06:36 +0700] "POST /api/users HTTP/1.1" 200 4175 "-" "curl/7.68.0" "-"
103.56.163.10 - - [12/May/2026:00:06:46 +0700] "GET /api/orders HTTP/1.1" 200 43325 "-" "Googlebot/2.1 (+http://www.google.com/bot.html)" "-"
91.108.4.100 - - [12/May/2026:00:06:58 +0700] "POST /admin/users HTTP/1.1" 200 22670 "-" "Mozilla/5.0 (X11; Linux x86_64) AppleWebKit/537.36 Chrome/119.0.0.0 Safari/537.36" "-"
192.168.1.10 - - [12/May/2026:00:07:04 +0700] "PUT /logout HTTP/1.1" 200 38269 "-" "Googlebot/2.1 (+http://www.google.com/bot.html)" "-"
103.56.163.10 - - [12/May/2026:00:07:11 +0700] "GET /nonexistent-page HTTP/1.1" 200 9798 "-" "curl/7.68.0" "-"
91.108.4.100 - - [12/May/2026:00:07:12 +0700] "PUT /index.html HTTP/1.1" 404 407 "-" "curl/7.68.0" "-"
103.72.98.10 - - [12/May/2026:00:07:48 +0700] "POST /nonexistent-page HTTP/1.1" 200 22479 "-" "curl/7.68.0" "-"
91.108.4.100 - - [12/May/2026:00:07:48 +0700] "PUT /login HTTP/1.1" 200 48174 "-" "Mozilla/5.0 (X11; Linux x86_64) AppleWebKit/537.36 Chrome/119.0.0.0 Safari/537.36" "-"
185.220.101.45 - - [12/May/2026:00:08:06 +0700] "GET /index.html HTTP/1.1" 200 762 "-" "Mozilla/5.0 (Macintosh; Intel Mac OS X 10_15_7) AppleWebKit/537.36 Safari/537.36" "-"
45.148.10.231 - - [12/May/2026:00:08:21 +0700] "PUT /login HTTP/1.1" 200 21099 "-" "Mozilla/5.0 (Windows NT 10.0; Win64; x64) AppleWebKit/537.36 Chrome/120.0.0.0 Safari/537.36" "-"
103.56.163.10 - - [12/May/2026:00:08:21 +0700] "PUT /admin HTTP/1.1" 200 20503 "-" "Mozilla/5.0 (Windows NT 10.0; Win64; x64) AppleWebKit/537.36 Chrome/120.0.0.0 Safari/537.36" "-"
185.220.101.45 - - [12/May/2026:00:08:24 +0700] "DELETE /admin HTTP/1.1" 200 36328 "-" "Mozilla/5.0 (X11; Linux x86_64) AppleWebKit/537.36 Chrome/119.0.0.0 Safari/537.36" "-"
52.167.144.16 - - [12/May/2026:00:08:38 +0700] "GET /index.html HTTP/1.1" 404 427 "-" "curl/7.68.0" "-"
91.108.4.100 - - [12/May/2026:00:08:39 +0700] "DELETE /static/js/app.js HTTP/1.1" 200 30271 "-" "Mozilla/5.0 (Windows NT 10.0; Win64; x64) AppleWebKit/537.36 Chrome/120.0.0.0 Safari/537.36" "-"
185.220.101.45 - - [12/May/2026:00:08:48 +0700] "POST /index.html HTTP/1.1" 200 9010 "-" "curl/7.68.0" "-"
192.168.1.10 - - [12/May/2026:00:08:51 +0700] "POST / HTTP/1.1" 200 41208 "-" "Googlebot/2.1 (+http://www.google.com/bot.html)" "-"
45.148.10.231 - - [12/May/2026:00:08:58 +0700] "PUT /api/orders HTTP/1.1" 200 15714 "-" "Mozilla/5.0 (Windows NT 10.0; Win64; x64) AppleWebKit/537.36 Chrome/120.0.0.0 Safari/537.36" "-"
185.220.101.45 - - [12/May/2026:00:09:04 +0700] "DELETE /dashboard HTTP/1.1" 200 24721 "-" "curl/7.68.0" "-"
103.56.163.10 - - [12/May/2026:00:09:08 +0700] "GET /static/css/main.css HTTP/1.1" 400 482 "-" "Mozilla/5.0 (Windows NT 10.0; Win64; x64) AppleWebKit/537.36 Chrome/120.0.0.0 Safari/537.36" "-"
34.89.120.5 - - [12/May/2026:00:09:15 +0700] "GET /favicon.ico HTTP/1.1" 200 24972 "-" "Mozilla/5.0 (X11; Linux x86_64) AppleWebKit/537.36 Chrome/119.0.0.0 Safari/537.36" "-"
185.220.101.45 - - [12/May/2026:00:09:22 +0700] "DELETE /api/orders HTTP/1.1" 404 186 "-" "curl/7.68.0" "-"
185.220.101.45 - - [12/May/2026:00:09:51 +0700] "POST /admin/users HTTP/1.1" 200 9048 "-" "Mozilla/5.0 (Windows NT 10.0; Win64; x64) AppleWebKit/537.36 Chrome/120.0.0.0 Safari/537.36" "-"
178.128.45.67 - - [12/May/2026:00:10:22 +0700] "POST /favicon.ico HTTP/1.1" 200 42187 "-" "Mozilla/5.0 (X11; Linux x86_64) AppleWebKit/537.36 Chrome/119.0.0.0 Safari/537.36" "-"
103.72.98.10 - - [12/May/2026:00:10:23 +0700] "POST /about HTTP/1.1" 200 22511 "-" "Mozilla/5.0 (Macintosh; Intel Mac OS X 10_15_7) AppleWebKit/537.36 Safari/537.36" "-"
185.220.101.45 - - [12/May/2026:00:10:28 +0700] "POST /api/products HTTP/1.1" 200 15469 "-" "Googlebot/2.1 (+http://www.google.com/bot.html)" "-"
34.89.120.5 - - [12/May/2026:00:10:29 +0700] "POST /.env HTTP/1.1" 200 8004 "-" "Mozilla/5.0 (X11; Linux x86_64) AppleWebKit/537.36 Chrome/119.0.0.0 Safari/537.36" "-"
45.148.10.231 - - [12/May/2026:00:10:58 +0700] "DELETE / HTTP/1.1" 200 43613 "-" "Googlebot/2.1 (+http://www.google.com/bot.html)" "-"
192.168.1.10 - - [12/May/2026:00:11:22 +0700] "PUT /login HTTP/1.1" 200 11366 "-" "Googlebot/2.1 (+http://www.google.com/bot.html)" "-"
178.128.45.67 - - [12/May/2026:00:11:34 +0700] "PUT /admin HTTP/1.1" 200 22645 "-" "Mozilla/5.0 (Macintosh; Intel Mac OS X 10_15_7) AppleWebKit/537.36 Safari/537.36" "-"
185.220.101.45 - - [12/May/2026:00:12:07 +0700] "DELETE /admin HTTP/1.1" 200 38024 "-" "python-requests/2.28.0" "-"
34.89.120.5 - - [12/May/2026:00:12:28 +0700] "GET /logout HTTP/1.1" 200 11073 "-" "Mozilla/5.0 (Macintosh; Intel Mac OS X 10_15_7) AppleWebKit/537.36 Safari/537.36" "-"
103.56.163.10 - - [12/May/2026:00:12:39 +0700] "GET /dashboard HTTP/1.1" 200 12140 "-" "Mozilla/5.0 (Macintosh; Intel Mac OS X 10_15_7) AppleWebKit/537.36 Safari/537.36" "-"
185.220.101.45 - - [12/May/2026:00:12:44 +0700] "PUT /api/users HTTP/1.1" 200 768 "-" "Mozilla/5.0 (Macintosh; Intel Mac OS X 10_15_7) AppleWebKit/537.36 Safari/537.36" "-"
185.220.101.45 - - [12/May/2026:00:13:03 +0700] "POST /api/users HTTP/1.1" 200 34416 "-" "python-requests/2.28.0" "-"
185.220.101.45 - - [12/May/2026:00:13:09 +0700] "GET /logout HTTP/1.1" 200 3034 "-" "Mozilla/5.0 (Macintosh; Intel Mac OS X 10_15_7) AppleWebKit/537.36 Safari/537.36" "-"
185.220.101.45 - - [12/May/2026:00:13:30 +0700] "POST /login HTTP/1.1" 499 321 "-" "Mozilla/5.0 (X11; Linux x86_64) AppleWebKit/537.36 Chrome/119.0.0.0 Safari/537.36" "-"
185.220.101.45 - - [12/May/2026:00:13:44 +0700] "POST /admin HTTP/1.1" 304 376 "-" "curl/7.68.0" "-"
185.220.101.45 - - [12/May/2026:00:13:47 +0700] "DELETE /index.html HTTP/1.1" 301 180 "-" "curl/7.68.0" "-"
178.128.45.67 - - [12/May/2026:00:13:48 +0700] "DELETE /api/v1/health HTTP/1.1" 200 1596 "-" "Mozilla/5.0 (Macintosh; Intel Mac OS X 10_15_7) AppleWebKit/537.36 Safari/537.36" "-"
103.72.98.10 - - [12/May/2026:00:13:52 +0700] "POST /logout HTTP/1.1" 302 58 "-" "python-requests/2.28.0" "-"
45.148.10.231 - - [12/May/2026:00:14:08 +0700] "PUT /admin HTTP/1.1" 200 20668 "-" "Mozilla/5.0 (Windows NT 10.0; Win64; x64) AppleWebKit/537.36 Chrome/120.0.0.0 Safari/537.36" "-"
45.148.10.231 - - [12/May/2026:00:14:37 +0700] "POST /admin/users HTTP/1.1" 200 12534 "-" "Mozilla/5.0 (Windows NT 10.0; Win64; x64) AppleWebKit/537.36 Chrome/120.0.0.0 Safari/537.36" "-"
185.220.101.45 - - [12/May/2026:00:14:42 +0700] "POST /dashboard HTTP/1.1" 200 30692 "-" "python-requests/2.28.0" "-"
52.167.144.16 - - [12/May/2026:00:14:55 +0700] "DELETE /contact HTTP/1.1" 200 41240 "-" "Mozilla/5.0 (X11; Linux x86_64) AppleWebKit/537.36 Chrome/119.0.0.0 Safari/537.36" "-"
192.168.1.10 - - [12/May/2026:00:15:10 +0700] "GET /api/v1/health HTTP/1.1" 200 7079 "-" "Mozilla/5.0 (Macintosh; Intel Mac OS X 10_15_7) AppleWebKit/537.36 Safari/537.36" "-"
185.220.101.45 - - [12/May/2026:00:15:15 +0700] "PUT /api/users HTTP/1.1" 200 34092 "-" "curl/7.68.0" "-"
203.0.113.42 - - [12/May/2026:00:15:30 +0700] "POST /api/orders HTTP/1.1" 200 16266 "-" "Mozilla/5.0 (X11; Linux x86_64) AppleWebKit/537.36 Chrome/119.0.0.0 Safari/537.36" "-"
192.168.1.10 - - [12/May/2026:00:15:59 +0700] "PUT /admin/users HTTP/1.1" 200 12966 "-" "Mozilla/5.0 (Windows NT 10.0; Win64; x64) AppleWebKit/537.36 Chrome/120.0.0.0 Safari/537.36" "-"
91.108.4.100 - - [12/May/2026:00:15:59 +0700] "DELETE /about HTTP/1.1" 200 9666 "-" "Mozilla/5.0 (X11; Linux x86_64) AppleWebKit/537.36 Chrome/119.0.0.0 Safari/537.36" "-"
203.0.113.42 - - [12/May/2026:00:16:06 +0700] "GET /dashboard HTTP/1.1" 304 215 "-" "Googlebot/2.1 (+http://www.google.com/bot.html)" "-"
103.56.163.10 - - [12/May/2026:00:16:24 +0700] "PUT /index.html HTTP/1.1" 200 27551 "-" "python-requests/2.28.0" "-"
45.148.10.231 - - [12/May/2026:00:16:25 +0700] "POST /static/js/app.js HTTP/1.1" 400 480 "-" "Mozilla/5.0 (Windows NT 10.0; Win64; x64) AppleWebKit/537.36 Chrome/120.0.0.0 Safari/537.36" "-"
192.168.1.10 - - [12/May/2026:00:16:43 +0700] "PUT /api/v1/health HTTP/1.1" 200 8727 "-" "python-requests/2.28.0" "-"
103.56.163.10 - - [12/May/2026:00:16:55 +0700] "PUT /admin/users HTTP/1.1" 404 456 "-" "curl/7.68.0" "-"
34.89.120.5 - - [12/May/2026:00:17:12 +0700] "POST /api/products HTTP/1.1" 200 27588 "-" "python-requests/2.28.0" "-"
185.220.101.45 - - [12/May/2026:00:17:19 +0700] "GET /admin HTTP/1.1" 200 24692 "-" "python-requests/2.28.0" "-"
203.0.113.42 - - [12/May/2026:00:17:24 +0700] "POST /dashboard HTTP/1.1" 200 20257 "-" "curl/7.68.0" "-"
185.220.101.45 - - [12/May/2026:00:18:28 +0700] "PUT /api/orders HTTP/1.1" 404 118 "-" "python-requests/2.28.0" "-"
185.220.101.45 - - [12/May/2026:00:18:39 +0700] "GET / HTTP/1.1" 404 435 "-" "Googlebot/2.1 (+http://www.google.com/bot.html)" "-"
45.148.10.231 - - [12/May/2026:00:18:46 +0700] "POST /api/orders HTTP/1.1" 200 30985 "-" "Mozilla/5.0 (Windows NT 10.0; Win64; x64) AppleWebKit/537.36 Chrome/120.0.0.0 Safari/537.36" "-"
103.72.98.10 - - [12/May/2026:00:19:06 +0700] "GET / HTTP/1.1" 499 215 "-" "python-requests/2.28.0" "-"
178.128.45.67 - - [12/May/2026:00:19:38 +0700] "PUT /api/users HTTP/1.1" 200 16370 "-" "python-requests/2.28.0" "-"
178.128.45.67 - - [12/May/2026:00:19:39 +0700] "POST / HTTP/1.1" 301 32 "-" "Googlebot/2.1 (+http://www.google.com/bot.html)" "-"
45.148.10.231 - - [12/May/2026:00:19:45 +0700] "GET /login HTTP/1.1" 200 43520 "-" "Mozilla/5.0 (Windows NT 10.0; Win64; x64) AppleWebKit/537.36 Chrome/120.0.0.0 Safari/537.36" "-"
103.56.163.10 - - [12/May/2026:00:19:59 +0700] "PUT /nonexistent-page HTTP/1.1" 200 44454 "-" "Googlebot/2.1 (+http://www.google.com/bot.html)" "-"
91.108.4.100 - - [12/May/2026:00:20:06 +0700] "PUT /api/orders HTTP/1.1" 200 3162 "-" "Mozilla/5.0 (X11; Linux x86_64) AppleWebKit/537.36 Chrome/119.0.0.0 Safari/537.36" "-"
103.72.98.10 - - [12/May/2026:00:20:10 +0700] "DELETE /admin HTTP/1.1" 302 69 "-" "python-requests/2.28.0" "-"
103.72.98.10 - - [12/May/2026:00:20:21 +0700] "DELETE /dashboard HTTP/1.1" 200 47666 "-" "Googlebot/2.1 (+http://www.google.com/bot.html)" "-"
185.220.101.45 - - [12/May/2026:00:20:28 +0700] "GET / HTTP/1.1" 200 23704 "-" "Mozilla/5.0 (X11; Linux x86_64) AppleWebKit/537.36 Chrome/119.0.0.0 Safari/537.36" "-"
34.89.120.5 - - [12/May/2026:00:20:44 +0700] "POST /api/users HTTP/1.1" 200 4401 "-" "Mozilla/5.0 (Windows NT 10.0; Win64; x64) AppleWebKit/537.36 Chrome/120.0.0.0 Safari/537.36" "-"
103.72.98.10 - - [12/May/2026:00:20:58 +0700] "POST /api/products HTTP/1.1" 400 245 "-" "curl/7.68.0" "-"
185.220.101.45 - - [12/May/2026:00:21:33 +0700] "GET /api/products HTTP/1.1" 499 287 "-" "Mozilla/5.0 (Macintosh; Intel Mac OS X 10_15_7) AppleWebKit/537.36 Safari/537.36" "-"
91.108.4.100 - - [12/May/2026:00:21:42 +0700] "GET /logout HTTP/1.1" 200 21767 "-" "curl/7.68.0" "-"
185.220.101.45 - - [12/May/2026:00:23:08 +0700] "DELETE /api/v1/health HTTP/1.1" 200 4492 "-" "Mozilla/5.0 (X11; Linux x86_64) AppleWebKit/537.36 Chrome/119.0.0.0 Safari/537.36" "-"
52.167.144.16 - - [12/May/2026:00:23:42 +0700] "GET /api/v1/health HTTP/1.1" 200 4685 "-" "Mozilla/5.0 (Windows NT 10.0; Win64; x64) AppleWebKit/537.36 Chrome/120.0.0.0 Safari/537.36" "-"
45.148.10.231 - - [12/May/2026:00:23:47 +0700] "POST /old-page HTTP/1.1" 404 382 "-" "Googlebot/2.1 (+http://www.google.com/bot.html)" "-"
45.148.10.231 - - [12/May/2026:00:24:02 +0700] "POST /contact HTTP/1.1" 200 17936 "-" "Mozilla/5.0 (X11; Linux x86_64) AppleWebKit/537.36 Chrome/119.0.0.0 Safari/537.36" "-"
52.167.144.16 - - [12/May/2026:00:24:05 +0700] "PUT /admin/users HTTP/1.1" 304 166 "-" "Googlebot/2.1 (+http://www.google.com/bot.html)" "-"
203.0.113.42 - - [12/May/2026:00:24:08 +0700] "DELETE /admin HTTP/1.1" 200 45262 "-" "Mozilla/5.0 (Windows NT 10.0; Win64; x64) AppleWebKit/537.36 Chrome/120.0.0.0 Safari/537.36" "-"
103.56.163.10 - - [12/May/2026:00:24:12 +0700] "DELETE /old-page HTTP/1.1" 200 11276 "-" "Mozilla/5.0 (Windows NT 10.0; Win64; x64) AppleWebKit/537.36 Chrome/120.0.0.0 Safari/537.36" "-"
52.167.144.16 - - [12/May/2026:00:24:20 +0700] "DELETE /dashboard HTTP/1.1" 200 1303 "-" "Mozilla/5.0 (Macintosh; Intel Mac OS X 10_15_7) AppleWebKit/537.36 Safari/537.36" "-"
185.220.101.45 - - [12/May/2026:00:24:46 +0700] "POST /dashboard HTTP/1.1" 200 45753 "-" "python-requests/2.28.0" "-"
185.220.101.45 - - [12/May/2026:00:25:01 +0700] "GET /admin HTTP/1.1" 200 35253 "-" "Googlebot/2.1 (+http://www.google.com/bot.html)" "-"
185.220.101.45 - - [12/May/2026:00:25:05 +0700] "POST /favicon.ico HTTP/1.1" 200 6739 "-" "curl/7.68.0" "-"
103.56.163.10 - - [12/May/2026:00:25:13 +0700] "DELETE /favicon.ico HTTP/1.1" 301 410 "-" "python-requests/2.28.0" "-"
52.167.144.16 - - [12/May/2026:00:25:48 +0700] "GET /static/js/app.js HTTP/1.1" 200 13840 "-" "Mozilla/5.0 (Windows NT 10.0; Win64; x64) AppleWebKit/537.36 Chrome/120.0.0.0 Safari/537.36" "-"
103.72.98.10 - - [12/May/2026:00:26:09 +0700] "DELETE /static/js/app.js HTTP/1.1" 302 310 "-" "python-requests/2.28.0" "-"
185.220.101.45 - - [12/May/2026:00:26:19 +0700] "DELETE /api/orders HTTP/1.1" 302 269 "-" "curl/7.68.0" "-"
45.148.10.231 - - [12/May/2026:00:26:40 +0700] "POST /admin HTTP/1.1" 200 44854 "-" "Mozilla/5.0 (Windows NT 10.0; Win64; x64) AppleWebKit/537.36 Chrome/120.0.0.0 Safari/537.36" "-"
178.128.45.67 - - [12/May/2026:00:27:50 +0700] "POST /contact HTTP/1.1" 200 38910 "-" "Mozilla/5.0 (Windows NT 10.0; Win64; x64) AppleWebKit/537.36 Chrome/120.0.0.0 Safari/537.36" "-"
192.168.1.10 - - [12/May/2026:00:28:10 +0700] "POST /index.html HTTP/1.1" 200 10557 "-" "Mozilla/5.0 (X11; Linux x86_64) AppleWebKit/537.36 Chrome/119.0.0.0 Safari/537.36" "-"
45.148.10.231 - - [12/May/2026:00:28:15 +0700] "PUT /logout HTTP/1.1" 200 37595 "-" "Mozilla/5.0 (Windows NT 10.0; Win64; x64) AppleWebKit/537.36 Chrome/120.0.0.0 Safari/537.36" "-"
45.148.10.231 - - [12/May/2026:00:28:27 +0700] "POST /wp-admin HTTP/1.1" 404 496 "-" "python-requests/2.28.0" "-"
178.128.45.67 - - [12/May/2026:00:28:35 +0700] "POST /old-page HTTP/1.1" 200 14113 "-" "Googlebot/2.1 (+http://www.google.com/bot.html)" "-"
185.220.101.45 - - [12/May/2026:00:29:01 +0700] "POST / HTTP/1.1" 200 34942 "-" "curl/7.68.0" "-"
203.0.113.42 - - [12/May/2026:00:29:19 +0700] "GET /about HTTP/1.1" 200 23059 "-" "Mozilla/5.0 (Macintosh; Intel Mac OS X 10_15_7) AppleWebKit/537.36 Safari/537.36" "-"
192.168.1.10 - - [12/May/2026:00:29:24 +0700] "GET /logout HTTP/1.1" 200 33374 "-" "Mozilla/5.0 (X11; Linux x86_64) AppleWebKit/537.36 Chrome/119.0.0.0 Safari/537.36" "-"
34.89.120.5 - - [12/May/2026:00:29:56 +0700] "GET /api/users HTTP/1.1" 200 3669 "-" "Mozilla/5.0 (Macintosh; Intel Mac OS X 10_15_7) AppleWebKit/537.36 Safari/537.36" "-"
34.89.120.5 - - [12/May/2026:00:29:57 +0700] "PUT /nonexistent-page HTTP/1.1" 200 31877 "-" "Mozilla/5.0 (X11; Linux x86_64) AppleWebKit/537.36 Chrome/119.0.0.0 Safari/537.36" "-"
52.167.144.16 - - [12/May/2026:00:30:07 +0700] "DELETE /wp-admin HTTP/1.1" 200 49923 "-" "Googlebot/2.1 (+http://www.google.com/bot.html)" "-"
103.72.98.10 - - [12/May/2026:00:30:27 +0700] "DELETE /old-page HTTP/1.1" 200 33770 "-" "Mozilla/5.0 (Macintosh; Intel Mac OS X 10_15_7) AppleWebKit/537.36 Safari/537.36" "-"
192.168.1.10 - - [12/May/2026:00:30:38 +0700] "DELETE /favicon.ico HTTP/1.1" 200 14003 "-" "python-requests/2.28.0" "-"
178.128.45.67 - - [12/May/2026:00:30:43 +0700] "GET /logout HTTP/1.1" 200 50000 "-" "Mozilla/5.0 (Windows NT 10.0; Win64; x64) AppleWebKit/537.36 Chrome/120.0.0.0 Safari/537.36" "-"
192.168.1.10 - - [12/May/2026:00:30:50 +0700] "DELETE /api/orders HTTP/1.1" 404 392 "-" "Mozilla/5.0 (Macintosh; Intel Mac OS X 10_15_7) AppleWebKit/537.36 Safari/537.36" "-"
192.168.1.10 - - [12/May/2026:00:30:52 +0700] "POST /.env HTTP/1.1" 200 39346 "-" "Mozilla/5.0 (Windows NT 10.0; Win64; x64) AppleWebKit/537.36 Chrome/120.0.0.0 Safari/537.36" "-"
185.220.101.45 - - [12/May/2026:00:31:06 +0700] "DELETE /logout HTTP/1.1" 200 37280 "-" "curl/7.68.0" "-"
45.148.10.231 - - [12/May/2026:00:31:51 +0700] "PUT /index.html HTTP/1.1" 404 234 "-" "Googlebot/2.1 (+http://www.google.com/bot.html)" "-"
185.220.101.45 - - [12/May/2026:00:31:53 +0700] "DELETE /nonexistent-page HTTP/1.1" 404 192 "-" "Mozilla/5.0 (X11; Linux x86_64) AppleWebKit/537.36 Chrome/119.0.0.0 Safari/537.36" "-"
52.167.144.16 - - [12/May/2026:00:31:55 +0700] "POST /about HTTP/1.1" 200 39634 "-" "Mozilla/5.0 (Macintosh; Intel Mac OS X 10_15_7) AppleWebKit/537.36 Safari/537.36" "-"
34.89.120.5 - - [12/May/2026:00:32:45 +0700] "PUT /api/orders HTTP/1.1" 200 1537 "-" "Mozilla/5.0 (X11; Linux x86_64) AppleWebKit/537.36 Chrome/119.0.0.0 Safari/537.36" "-"
103.56.163.10 - - [12/May/2026:00:34:07 +0700] "DELETE /static/js/app.js HTTP/1.1" 200 5270 "-" "Googlebot/2.1 (+http://www.google.com/bot.html)" "-"
34.89.120.5 - - [12/May/2026:00:34:41 +0700] "GET /admin/users HTTP/1.1" 200 45388 "-" "Googlebot/2.1 (+http://www.google.com/bot.html)" "-"
178.128.45.67 - - [12/May/2026:00:34:47 +0700] "GET /api/users HTTP/1.1" 302 129 "-" "Googlebot/2.1 (+http://www.google.com/bot.html)" "-"
34.89.120.5 - - [12/May/2026:00:34:54 +0700] "DELETE /logout HTTP/1.1" 200 21619 "-" "Mozilla/5.0 (X11; Linux x86_64) AppleWebKit/537.36 Chrome/119.0.0.0 Safari/537.36" "-"
103.56.163.10 - - [12/May/2026:00:35:11 +0700] "DELETE /api/users HTTP/1.1" 200 32528 "-" "python-requests/2.28.0" "-"
185.220.101.45 - - [12/May/2026:00:35:16 +0700] "GET /admin HTTP/1.1" 200 16823 "-" "python-requests/2.28.0" "-"
103.56.163.10 - - [12/May/2026:00:35:19 +0700] "DELETE /admin HTTP/1.1" 404 11 "-" "Mozilla/5.0 (X11; Linux x86_64) AppleWebKit/537.36 Chrome/119.0.0.0 Safari/537.36" "-"
185.220.101.45 - - [12/May/2026:00:35:28 +0700] "GET /.env HTTP/1.1" 301 52 "-" "Googlebot/2.1 (+http://www.google.com/bot.html)" "-"
192.168.1.10 - - [12/May/2026:00:35:58 +0700] "DELETE /static/css/main.css HTTP/1.1" 200 27398 "-" "Mozilla/5.0 (X11; Linux x86_64) AppleWebKit/537.36 Chrome/119.0.0.0 Safari/537.36" "-"
103.72.98.10 - - [12/May/2026:00:36:34 +0700] "POST /nonexistent-page HTTP/1.1" 200 25858 "-" "python-requests/2.28.0" "-"
178.128.45.67 - - [12/May/2026:00:36:42 +0700] "PUT /api/products HTTP/1.1" 200 26502 "-" "Googlebot/2.1 (+http://www.google.com/bot.html)" "-"
45.148.10.231 - - [12/May/2026:00:36:43 +0700] "POST /admin HTTP/1.1" 200 10457 "-" "curl/7.68.0" "-"
185.220.101.45 - - [12/May/2026:00:36:50 +0700] "PUT /dashboard HTTP/1.1" 200 9153 "-" "Mozilla/5.0 (X11; Linux x86_64) AppleWebKit/537.36 Chrome/119.0.0.0 Safari/537.36" "-"
34.89.120.5 - - [12/May/2026:00:37:08 +0700] "GET /contact HTTP/1.1" 200 21704 "-" "Mozilla/5.0 (Windows NT 10.0; Win64; x64) AppleWebKit/537.36 Chrome/120.0.0.0 Safari/537.36" "-"
52.167.144.16 - - [12/May/2026:00:37:18 +0700] "POST /about HTTP/1.1" 200 14796 "-" "Mozilla/5.0 (Windows NT 10.0; Win64; x64) AppleWebKit/537.36 Chrome/120.0.0.0 Safari/537.36" "-"
45.148.10.231 - - [12/May/2026:00:37:31 +0700] "DELETE /logout HTTP/1.1" 200 21332 "-" "Mozilla/5.0 (Windows NT 10.0; Win64; x64) AppleWebKit/537.36 Chrome/120.0.0.0 Safari/537.36" "-"
185.220.101.45 - - [12/May/2026:00:37:50 +0700] "DELETE /login HTTP/1.1" 200 15056 "-" "curl/7.68.0" "-"
185.220.101.45 - - [12/May/2026:00:38:04 +0700] "POST /nonexistent-page HTTP/1.1" 200 1057 "-" "Mozilla/5.0 (X11; Linux x86_64) AppleWebKit/537.36 Chrome/119.0.0.0 Safari/537.36" "-"
103.72.98.10 - - [12/May/2026:00:38:09 +0700] "POST /api/v1/health HTTP/1.1" 404 204 "-" "python-requests/2.28.0" "-"
45.148.10.231 - - [12/May/2026:00:38:48 +0700] "GET /api/v1/health HTTP/1.1" 200 33074 "-" "curl/7.68.0" "-"
45.148.10.231 - - [12/May/2026:00:39:17 +0700] "DELETE /about HTTP/1.1" 404 455 "-" "Mozilla/5.0 (Windows NT 10.0; Win64; x64) AppleWebKit/537.36 Chrome/120.0.0.0 Safari/537.36" "-"
34.89.120.5 - - [12/May/2026:00:39:47 +0700] "GET /api/v1/health HTTP/1.1" 200 47936 "-" "curl/7.68.0" "-"
185.220.101.45 - - [12/May/2026:00:40:05 +0700] "GET /about HTTP/1.1" 200 8384 "-" "Googlebot/2.1 (+http://www.google.com/bot.html)" "-"
192.168.1.10 - - [12/May/2026:00:40:34 +0700] "PUT /static/css/main.css HTTP/1.1" 301 448 "-" "python-requests/2.28.0" "-"
103.72.98.10 - - [12/May/2026:00:40:54 +0700] "DELETE /login HTTP/1.1" 200 34015 "-" "curl/7.68.0" "-"
91.108.4.100 - - [12/May/2026:00:41:05 +0700] "DELETE /api/products HTTP/1.1" 304 29 "-" "Mozilla/5.0 (X11; Linux x86_64) AppleWebKit/537.36 Chrome/119.0.0.0 Safari/537.36" "-"
203.0.113.42 - - [12/May/2026:00:41:29 +0700] "PUT /logout HTTP/1.1" 404 239 "-" "python-requests/2.28.0" "-"
203.0.113.42 - - [12/May/2026:00:41:42 +0700] "POST /login HTTP/1.1" 200 34380 "-" "curl/7.68.0" "-"
185.220.101.45 - - [12/May/2026:00:41:52 +0700] "POST /admin HTTP/1.1" 200 29421 "-" "python-requests/2.28.0" "-"
178.128.45.67 - - [12/May/2026:00:41:58 +0700] "DELETE /login HTTP/1.1" 301 87 "-" "curl/7.68.0" "-"
192.168.1.10 - - [12/May/2026:00:42:01 +0700] "DELETE /api/users HTTP/1.1" 200 47172 "-" "Mozilla/5.0 (X11; Linux x86_64) AppleWebKit/537.36 Chrome/119.0.0.0 Safari/537.36" "-"
203.0.113.42 - - [12/May/2026:00:42:05 +0700] "PUT /index.html HTTP/1.1" 304 304 "-" "Mozilla/5.0 (X11; Linux x86_64) AppleWebKit/537.36 Chrome/119.0.0.0 Safari/537.36" "-"
185.220.101.45 - - [12/May/2026:00:42:39 +0700] "PUT /favicon.ico HTTP/1.1" 200 8620 "-" "python-requests/2.28.0" "-"
178.128.45.67 - - [12/May/2026:00:42:42 +0700] "POST /api/products HTTP/1.1" 200 30747 "-" "Mozilla/5.0 (Windows NT 10.0; Win64; x64) AppleWebKit/537.36 Chrome/120.0.0.0 Safari/537.36" "-"
185.220.101.45 - - [12/May/2026:00:43:01 +0700] "PUT /api/orders HTTP/1.1" 200 33583 "-" "python-requests/2.28.0" "-"
185.220.101.45 - - [12/May/2026:00:43:19 +0700] "POST /static/css/main.css HTTP/1.1" 200 33225 "-" "Mozilla/5.0 (Windows NT 10.0; Win64; x64) AppleWebKit/537.36 Chrome/120.0.0.0 Safari/537.36" "-"
91.108.4.100 - - [12/May/2026:00:43:25 +0700] "GET /static/js/app.js HTTP/1.1" 200 812 "-" "Mozilla/5.0 (Macintosh; Intel Mac OS X 10_15_7) AppleWebKit/537.36 Safari/537.36" "-"
34.89.120.5 - - [12/May/2026:00:43:53 +0700] "GET /api/orders HTTP/1.1" 200 16781 "-" "Mozilla/5.0 (X11; Linux x86_64) AppleWebKit/537.36 Chrome/119.0.0.0 Safari/537.36" "-"
34.89.120.5 - - [12/May/2026:00:44:06 +0700] "GET /api/products HTTP/1.1" 200 31816 "-" "Mozilla/5.0 (Macintosh; Intel Mac OS X 10_15_7) AppleWebKit/537.36 Safari/537.36" "-"
34.89.120.5 - - [12/May/2026:00:44:07 +0700] "POST /api/v1/health HTTP/1.1" 200 1997 "-" "Mozilla/5.0 (X11; Linux x86_64) AppleWebKit/537.36 Chrome/119.0.0.0 Safari/537.36" "-"
185.220.101.45 - - [12/May/2026:00:44:13 +0700] "DELETE /api/products HTTP/1.1" 404 196 "-" "Mozilla/5.0 (Windows NT 10.0; Win64; x64) AppleWebKit/537.36 Chrome/120.0.0.0 Safari/537.36" "-"
192.168.1.10 - - [12/May/2026:00:44:21 +0700] "GET /old-page HTTP/1.1" 200 5428 "-" "python-requests/2.28.0" "-"
34.89.120.5 - - [12/May/2026:00:44:38 +0700] "PUT /api/products HTTP/1.1" 200 38291 "-" "Mozilla/5.0 (Windows NT 10.0; Win64; x64) AppleWebKit/537.36 Chrome/120.0.0.0 Safari/537.36" "-"
203.0.113.42 - - [12/May/2026:00:44:46 +0700] "GET /static/css/main.css HTTP/1.1" 200 12047 "-" "Googlebot/2.1 (+http://www.google.com/bot.html)" "-"
185.220.101.45 - - [12/May/2026:00:44:52 +0700] "GET /api/orders HTTP/1.1" 304 412 "-" "curl/7.68.0" "-"
185.220.101.45 - - [12/May/2026:00:45:07 +0700] "DELETE /static/css/main.css HTTP/1.1" 301 246 "-" "curl/7.68.0" "-"
52.167.144.16 - - [12/May/2026:00:45:47 +0700] "PUT /nonexistent-page HTTP/1.1" 200 44065 "-" "Googlebot/2.1 (+http://www.google.com/bot.html)" "-"
103.56.163.10 - - [12/May/2026:00:46:07 +0700] "GET /admin HTTP/1.1" 200 27367 "-" "Mozilla/5.0 (X11; Linux x86_64) AppleWebKit/537.36 Chrome/119.0.0.0 Safari/537.36" "-"
91.108.4.100 - - [12/May/2026:00:46:07 +0700] "DELETE /.env HTTP/1.1" 499 393 "-" "python-requests/2.28.0" "-"
192.168.1.10 - - [12/May/2026:00:46:08 +0700] "DELETE /api/v1/health HTTP/1.1" 200 10383 "-" "Mozilla/5.0 (X11; Linux x86_64) AppleWebKit/537.36 Chrome/119.0.0.0 Safari/537.36" "-"
185.220.101.45 - - [12/May/2026:00:46:32 +0700] "PUT /static/js/app.js HTTP/1.1" 304 133 "-" "curl/7.68.0" "-"
52.167.144.16 - - [12/May/2026:00:46:48 +0700] "DELETE /dashboard HTTP/1.1" 200 39398 "-" "curl/7.68.0" "-"
103.56.163.10 - - [12/May/2026:00:46:59 +0700] "GET /api/orders HTTP/1.1" 200 17330 "-" "curl/7.68.0" "-"
52.167.144.16 - - [12/May/2026:00:48:13 +0700] "POST /favicon.ico HTTP/1.1" 301 39 "-" "curl/7.68.0" "-"
91.108.4.100 - - [12/May/2026:00:48:24 +0700] "POST /contact HTTP/1.1" 404 416 "-" "Mozilla/5.0 (Windows NT 10.0; Win64; x64) AppleWebKit/537.36 Chrome/120.0.0.0 Safari/537.36" "-"
185.220.101.45 - - [12/May/2026:00:48:33 +0700] "PUT /.env HTTP/1.1" 200 20286 "-" "Mozilla/5.0 (Macintosh; Intel Mac OS X 10_15_7) AppleWebKit/537.36 Safari/537.36" "-"
52.167.144.16 - - [12/May/2026:00:49:01 +0700] "GET /about HTTP/1.1" 200 49891 "-" "curl/7.68.0" "-"
52.167.144.16 - - [12/May/2026:00:49:01 +0700] "DELETE /login HTTP/1.1" 404 243 "-" "Mozilla/5.0 (Windows NT 10.0; Win64; x64) AppleWebKit/537.36 Chrome/120.0.0.0 Safari/537.36" "-"
103.56.163.10 - - [12/May/2026:00:49:11 +0700] "DELETE /api/users HTTP/1.1" 200 34126 "-" "Googlebot/2.1 (+http://www.google.com/bot.html)" "-"
192.168.1.10 - - [12/May/2026:00:49:22 +0700] "PUT /dashboard HTTP/1.1" 200 38156 "-" "Mozilla/5.0 (Windows NT 10.0; Win64; x64) AppleWebKit/537.36 Chrome/120.0.0.0 Safari/537.36" "-"
203.0.113.42 - - [12/May/2026:00:49:29 +0700] "POST /index.html HTTP/1.1" 200 2905 "-" "python-requests/2.28.0" "-"
185.220.101.45 - - [12/May/2026:00:49:32 +0700] "DELETE /admin/users HTTP/1.1" 400 431 "-" "Mozilla/5.0 (Macintosh; Intel Mac OS X 10_15_7) AppleWebKit/537.36 Safari/537.36" "-"
103.72.98.10 - - [12/May/2026:00:50:13 +0700] "POST /favicon.ico HTTP/1.1" 200 18158 "-" "curl/7.68.0" "-"
45.148.10.231 - - [12/May/2026:00:50:20 +0700] "GET /api/products HTTP/1.1" 200 19442 "-" "python-requests/2.28.0" "-"
185.220.101.45 - - [12/May/2026:00:50:42 +0700] "POST /admin HTTP/1.1" 302 467 "-" "Mozilla/5.0 (Macintosh; Intel Mac OS X 10_15_7) AppleWebKit/537.36 Safari/537.36" "-"
34.89.120.5 - - [12/May/2026:00:51:19 +0700] "DELETE /api/orders HTTP/1.1" 304 73 "-" "Mozilla/5.0 (X11; Linux x86_64) AppleWebKit/537.36 Chrome/119.0.0.0 Safari/537.36" "-"
203.0.113.42 - - [12/May/2026:00:51:29 +0700] "DELETE /logout HTTP/1.1" 200 19348 "-" "Mozilla/5.0 (Windows NT 10.0; Win64; x64) AppleWebKit/537.36 Chrome/120.0.0.0 Safari/537.36" "-"
45.148.10.231 - - [12/May/2026:00:52:05 +0700] "POST /about HTTP/1.1" 200 46666 "-" "Mozilla/5.0 (Macintosh; Intel Mac OS X 10_15_7) AppleWebKit/537.36 Safari/537.36" "-"
203.0.113.42 - - [12/May/2026:00:52:07 +0700] "PUT /admin HTTP/1.1" 200 5421 "-" "Mozilla/5.0 (Macintosh; Intel Mac OS X 10_15_7) AppleWebKit/537.36 Safari/537.36" "-"
103.56.163.10 - - [12/May/2026:00:52:08 +0700] "DELETE /logout HTTP/1.1" 499 346 "-" "python-requests/2.28.0" "-"
34.89.120.5 - - [12/May/2026:00:52:10 +0700] "GET /admin/users HTTP/1.1" 200 29928 "-" "Mozilla/5.0 (Windows NT 10.0; Win64; x64) AppleWebKit/537.36 Chrome/120.0.0.0 Safari/537.36" "-"
103.72.98.10 - - [12/May/2026:00:52:17 +0700] "GET /static/js/app.js HTTP/1.1" 200 25729 "-" "Mozilla/5.0 (Windows NT 10.0; Win64; x64) AppleWebKit/537.36 Chrome/120.0.0.0 Safari/537.36" "-"
192.168.1.10 - - [12/May/2026:00:53:03 +0700] "DELETE /static/js/app.js HTTP/1.1" 200 28188 "-" "Googlebot/2.1 (+http://www.google.com/bot.html)" "-"
192.168.1.10 - - [12/May/2026:00:53:32 +0700] "GET /dashboard HTTP/1.1" 200 28747 "-" "Mozilla/5.0 (Windows NT 10.0; Win64; x64) AppleWebKit/537.36 Chrome/120.0.0.0 Safari/537.36" "-"
178.128.45.67 - - [12/May/2026:00:53:56 +0700] "POST /about HTTP/1.1" 200 22462 "-" "Googlebot/2.1 (+http://www.google.com/bot.html)" "-"
91.108.4.100 - - [12/May/2026:00:54:24 +0700] "DELETE /contact HTTP/1.1" 200 49639 "-" "Mozilla/5.0 (Macintosh; Intel Mac OS X 10_15_7) AppleWebKit/537.36 Safari/537.36" "-"
34.89.120.5 - - [12/May/2026:00:54:30 +0700] "GET /index.html HTTP/1.1" 200 14377 "-" "python-requests/2.28.0" "-"
185.220.101.45 - - [12/May/2026:00:55:26 +0700] "POST /static/css/main.css HTTP/1.1" 302 463 "-" "Mozilla/5.0 (X11; Linux x86_64) AppleWebKit/537.36 Chrome/119.0.0.0 Safari/537.36" "-"
185.220.101.45 - - [12/May/2026:00:55:32 +0700] "GET /old-page HTTP/1.1" 200 22466 "-" "python-requests/2.28.0" "-"
34.89.120.5 - - [12/May/2026:00:55:35 +0700] "POST /old-page HTTP/1.1" 200 21529 "-" "Mozilla/5.0 (Macintosh; Intel Mac OS X 10_15_7) AppleWebKit/537.36 Safari/537.36" "-"
52.167.144.16 - - [12/May/2026:00:55:39 +0700] "PUT /static/js/app.js HTTP/1.1" 200 18665 "-" "Mozilla/5.0 (Windows NT 10.0; Win64; x64) AppleWebKit/537.36 Chrome/120.0.0.0 Safari/537.36" "-"
52.167.144.16 - - [12/May/2026:00:55:40 +0700] "PUT /api/v1/health HTTP/1.1" 304 272 "-" "Googlebot/2.1 (+http://www.google.com/bot.html)" "-"
103.72.98.10 - - [12/May/2026:00:55:50 +0700] "POST /about HTTP/1.1" 200 40904 "-" "Mozilla/5.0 (Macintosh; Intel Mac OS X 10_15_7) AppleWebKit/537.36 Safari/537.36" "-"
91.108.4.100 - - [12/May/2026:00:55:58 +0700] "POST /nonexistent-page HTTP/1.1" 200 28387 "-" "Mozilla/5.0 (Windows NT 10.0; Win64; x64) AppleWebKit/537.36 Chrome/120.0.0.0 Safari/537.36" "-"
52.167.144.16 - - [12/May/2026:00:56:39 +0700] "GET /static/css/main.css HTTP/1.1" 200 32027 "-" "Mozilla/5.0 (Windows NT 10.0; Win64; x64) AppleWebKit/537.36 Chrome/120.0.0.0 Safari/537.36" "-"
91.108.4.100 - - [12/May/2026:00:56:40 +0700] "DELETE /favicon.ico HTTP/1.1" 200 138 "-" "curl/7.68.0" "-"
185.220.101.45 - - [12/May/2026:00:56:51 +0700] "POST /contact HTTP/1.1" 200 599 "-" "Mozilla/5.0 (Macintosh; Intel Mac OS X 10_15_7) AppleWebKit/537.36 Safari/537.36" "-"
45.148.10.231 - - [12/May/2026:00:57:45 +0700] "POST /wp-admin HTTP/1.1" 301 494 "-" "Googlebot/2.1 (+http://www.google.com/bot.html)" "-"
103.72.98.10 - - [12/May/2026:00:57:50 +0700] "PUT /api/v1/health HTTP/1.1" 404 119 "-" "Googlebot/2.1 (+http://www.google.com/bot.html)" "-"
34.89.120.5 - - [12/May/2026:00:57:58 +0700] "GET /static/js/app.js HTTP/1.1" 200 27725 "-" "curl/7.68.0" "-"
45.148.10.231 - - [12/May/2026:00:59:06 +0700] "PUT /admin/users HTTP/1.1" 404 164 "-" "Googlebot/2.1 (+http://www.google.com/bot.html)" "-"
185.220.101.45 - - [12/May/2026:00:59:14 +0700] "DELETE /about HTTP/1.1" 200 37316 "-" "python-requests/2.28.0" "-"
185.220.101.45 - - [12/May/2026:00:59:45 +0700] "POST /api/products HTTP/1.1" 304 457 "-" "curl/7.68.0" "-"
192.168.1.10 - - [12/May/2026:01:00:11 +0700] "POST /static/js/app.js HTTP/1.1" 200 26851 "-" "python-requests/2.28.0" "-"
52.167.144.16 - - [12/May/2026:01:00:40 +0700] "POST /api/orders HTTP/1.1" 200 4999 "-" "Googlebot/2.1 (+http://www.google.com/bot.html)" "-"
192.168.1.10 - - [12/May/2026:01:00:45 +0700] "PUT /dashboard HTTP/1.1" 200 37439 "-" "Googlebot/2.1 (+http://www.google.com/bot.html)" "-"
45.148.10.231 - - [12/May/2026:01:00:54 +0700] "GET /contact HTTP/1.1" 200 20981 "-" "Mozilla/5.0 (Windows NT 10.0; Win64; x64) AppleWebKit/537.36 Chrome/120.0.0.0 Safari/537.36" "-"
34.89.120.5 - - [12/May/2026:01:01:27 +0700] "PUT /dashboard HTTP/1.1" 404 350 "-" "Mozilla/5.0 (Windows NT 10.0; Win64; x64) AppleWebKit/537.36 Chrome/120.0.0.0 Safari/537.36" "-"
178.128.45.67 - - [12/May/2026:01:01:37 +0700] "DELETE /favicon.ico HTTP/1.1" 200 9676 "-" "Mozilla/5.0 (Windows NT 10.0; Win64; x64) AppleWebKit/537.36 Chrome/120.0.0.0 Safari/537.36" "-"
52.167.144.16 - - [12/May/2026:01:01:41 +0700] "GET /favicon.ico HTTP/1.1" 200 48776 "-" "python-requests/2.28.0" "-"
91.108.4.100 - - [12/May/2026:01:01:44 +0700] "GET /dashboard HTTP/1.1" 200 15718 "-" "Mozilla/5.0 (Windows NT 10.0; Win64; x64) AppleWebKit/537.36 Chrome/120.0.0.0 Safari/537.36" "-"
185.220.101.45 - - [12/May/2026:01:01:49 +0700] "DELETE /api/v1/health HTTP/1.1" 304 450 "-" "curl/7.68.0" "-"
178.128.45.67 - - [12/May/2026:01:01:52 +0700] "GET /admin/users HTTP/1.1" 200 42443 "-" "Mozilla/5.0 (Windows NT 10.0; Win64; x64) AppleWebKit/537.36 Chrome/120.0.0.0 Safari/537.36" "-"
91.108.4.100 - - [12/May/2026:01:01:57 +0700] "DELETE /api/products HTTP/1.1" 200 11937 "-" "Googlebot/2.1 (+http://www.google.com/bot.html)" "-"
52.167.144.16 - - [12/May/2026:01:02:04 +0700] "POST /login HTTP/1.1" 200 3610 "-" "Mozilla/5.0 (X11; Linux x86_64) AppleWebKit/537.36 Chrome/119.0.0.0 Safari/537.36" "-"
103.72.98.10 - - [12/May/2026:01:02:32 +0700] "DELETE /api/orders HTTP/1.1" 200 40345 "-" "Googlebot/2.1 (+http://www.google.com/bot.html)" "-"
52.167.144.16 - - [12/May/2026:01:02:40 +0700] "GET /login HTTP/1.1" 200 16995 "-" "Mozilla/5.0 (X11; Linux x86_64) AppleWebKit/537.36 Chrome/119.0.0.0 Safari/537.36" "-"
185.220.101.45 - - [12/May/2026:01:03:01 +0700] "POST /contact HTTP/1.1" 304 132 "-" "Googlebot/2.1 (+http://www.google.com/bot.html)" "-"
34.89.120.5 - - [12/May/2026:01:03:47 +0700] "PUT /api/orders HTTP/1.1" 404 243 "-" "Mozilla/5.0 (Macintosh; Intel Mac OS X 10_15_7) AppleWebKit/537.36 Safari/537.36" "-"
192.168.1.10 - - [12/May/2026:01:03:50 +0700] "PUT /static/js/app.js HTTP/1.1" 200 21249 "-" "Googlebot/2.1 (+http://www.google.com/bot.html)" "-"
52.167.144.16 - - [12/May/2026:01:04:03 +0700] "POST /login HTTP/1.1" 200 39526 "-" "Mozilla/5.0 (Macintosh; Intel Mac OS X 10_15_7) AppleWebKit/537.36 Safari/537.36" "-"
52.167.144.16 - - [12/May/2026:01:04:11 +0700] "GET /wp-admin HTTP/1.1" 301 309 "-" "Googlebot/2.1 (+http://www.google.com/bot.html)" "-"
203.0.113.42 - - [12/May/2026:01:04:20 +0700] "GET /admin HTTP/1.1" 200 44169 "-" "python-requests/2.28.0" "-"
185.220.101.45 - - [12/May/2026:01:05:18 +0700] "GET /static/css/main.css HTTP/1.1" 404 78 "-" "Mozilla/5.0 (Windows NT 10.0; Win64; x64) AppleWebKit/537.36 Chrome/120.0.0.0 Safari/537.36" "-"
185.220.101.45 - - [12/May/2026:01:05:37 +0700] "PUT /dashboard HTTP/1.1" 200 19311 "-" "Mozilla/5.0 (Macintosh; Intel Mac OS X 10_15_7) AppleWebKit/537.36 Safari/537.36" "-"
91.108.4.100 - - [12/May/2026:01:05:51 +0700] "DELETE /api/v1/health HTTP/1.1" 200 45276 "-" "curl/7.68.0" "-"
178.128.45.67 - - [12/May/2026:01:06:15 +0700] "PUT /wp-admin HTTP/1.1" 404 489 "-" "Mozilla/5.0 (X11; Linux x86_64) AppleWebKit/537.36 Chrome/119.0.0.0 Safari/537.36" "-"
103.56.163.10 - - [12/May/2026:01:06:20 +0700] "GET /admin/users HTTP/1.1" 301 51 "-" "python-requests/2.28.0" "-"
178.128.45.67 - - [12/May/2026:01:06:28 +0700] "GET /.env HTTP/1.1" 200 24949 "-" "Mozilla/5.0 (Macintosh; Intel Mac OS X 10_15_7) AppleWebKit/537.36 Safari/537.36" "-"
103.56.163.10 - - [12/May/2026:01:06:54 +0700] "POST /nonexistent-page HTTP/1.1" 200 16821 "-" "python-requests/2.28.0" "-"
185.220.101.45 - - [12/May/2026:01:07:29 +0700] "DELETE /.env HTTP/1.1" 200 24312 "-" "Mozilla/5.0 (X11; Linux x86_64) AppleWebKit/537.36 Chrome/119.0.0.0 Safari/537.36" "-"
45.148.10.231 - - [12/May/2026:01:07:48 +0700] "PUT / HTTP/1.1" 200 25967 "-" "Googlebot/2.1 (+http://www.google.com/bot.html)" "-"
178.128.45.67 - - [12/May/2026:01:08:17 +0700] "PUT /dashboard HTTP/1.1" 200 35853 "-" "Googlebot/2.1 (+http://www.google.com/bot.html)" "-"
178.128.45.67 - - [12/May/2026:01:08:31 +0700] "POST /static/css/main.css HTTP/1.1" 200 45400 "-" "Googlebot/2.1 (+http://www.google.com/bot.html)" "-"
91.108.4.100 - - [12/May/2026:01:08:38 +0700] "GET /nonexistent-page HTTP/1.1" 404 132 "-" "Mozilla/5.0 (Windows NT 10.0; Win64; x64) AppleWebKit/537.36 Chrome/120.0.0.0 Safari/537.36" "-"
103.56.163.10 - - [12/May/2026:01:08:42 +0700] "DELETE /api/users HTTP/1.1" 200 34704 "-" "python-requests/2.28.0" "-"
34.89.120.5 - - [12/May/2026:01:08:53 +0700] "GET /.env HTTP/1.1" 200 19088 "-" "Mozilla/5.0 (Windows NT 10.0; Win64; x64) AppleWebKit/537.36 Chrome/120.0.0.0 Safari/537.36" "-"
185.220.101.45 - - [12/May/2026:01:09:07 +0700] "DELETE /api/v1/health HTTP/1.1" 200 36918 "-" "Mozilla/5.0 (X11; Linux x86_64) AppleWebKit/537.36 Chrome/119.0.0.0 Safari/537.36" "-"
34.89.120.5 - - [12/May/2026:01:09:14 +0700] "GET /login HTTP/1.1" 200 31090 "-" "curl/7.68.0" "-"
52.167.144.16 - - [12/May/2026:01:09:21 +0700] "POST /nonexistent-page HTTP/1.1" 200 47667 "-" "Mozilla/5.0 (X11; Linux x86_64) AppleWebKit/537.36 Chrome/119.0.0.0 Safari/537.36" "-"
91.108.4.100 - - [12/May/2026:01:09:37 +0700] "POST /nonexistent-page HTTP/1.1" 200 31277 "-" "curl/7.68.0" "-"
203.0.113.42 - - [12/May/2026:01:10:05 +0700] "DELETE /index.html HTTP/1.1" 200 11339 "-" "Mozilla/5.0 (X11; Linux x86_64) AppleWebKit/537.36 Chrome/119.0.0.0 Safari/537.36" "-"
34.89.120.5 - - [12/May/2026:01:10:15 +0700] "PUT /old-page HTTP/1.1" 301 40 "-" "Mozilla/5.0 (Macintosh; Intel Mac OS X 10_15_7) AppleWebKit/537.36 Safari/537.36" "-"
192.168.1.10 - - [12/May/2026:01:10:30 +0700] "POST /favicon.ico HTTP/1.1" 200 36221 "-" "python-requests/2.28.0" "-"
103.72.98.10 - - [12/May/2026:01:11:18 +0700] "GET /about HTTP/1.1" 499 450 "-" "Mozilla/5.0 (Windows NT 10.0; Win64; x64) AppleWebKit/537.36 Chrome/120.0.0.0 Safari/537.36" "-"
192.168.1.10 - - [12/May/2026:01:11:27 +0700] "DELETE /api/orders HTTP/1.1" 200 14147 "-" "Mozilla/5.0 (X11; Linux x86_64) AppleWebKit/537.36 Chrome/119.0.0.0 Safari/537.36" "-"
103.56.163.10 - - [12/May/2026:01:11:41 +0700] "DELETE /static/js/app.js HTTP/1.1" 301 5 "-" "Mozilla/5.0 (Windows NT 10.0; Win64; x64) AppleWebKit/537.36 Chrome/120.0.0.0 Safari/537.36" "-"
45.148.10.231 - - [12/May/2026:01:12:12 +0700] "GET /admin/users HTTP/1.1" 304 484 "-" "Mozilla/5.0 (Macintosh; Intel Mac OS X 10_15_7) AppleWebKit/537.36 Safari/537.36" "-"
52.167.144.16 - - [12/May/2026:01:12:14 +0700] "GET /admin HTTP/1.1" 200 23601 "-" "Mozilla/5.0 (X11; Linux x86_64) AppleWebKit/537.36 Chrome/119.0.0.0 Safari/537.36" "-"
34.89.120.5 - - [12/May/2026:01:12:29 +0700] "GET /admin HTTP/1.1" 200 27649 "-" "Mozilla/5.0 (Macintosh; Intel Mac OS X 10_15_7) AppleWebKit/537.36 Safari/537.36" "-"
192.168.1.10 - - [12/May/2026:01:13:06 +0700] "PUT /favicon.ico HTTP/1.1" 400 291 "-" "curl/7.68.0" "-"
45.148.10.231 - - [12/May/2026:01:14:02 +0700] "GET /index.html HTTP/1.1" 200 8075 "-" "curl/7.68.0" "-"
185.220.101.45 - - [12/May/2026:01:14:02 +0700] "GET /old-page HTTP/1.1" 404 305 "-" "Mozilla/5.0 (X11; Linux x86_64) AppleWebKit/537.36 Chrome/119.0.0.0 Safari/537.36" "-"
185.220.101.45 - - [12/May/2026:01:14:20 +0700] "GET /api/users HTTP/1.1" 200 26306 "-" "curl/7.68.0" "-"
203.0.113.42 - - [12/May/2026:01:14:39 +0700] "POST /nonexistent-page HTTP/1.1" 404 383 "-" "Googlebot/2.1 (+http://www.google.com/bot.html)" "-"
192.168.1.10 - - [12/May/2026:01:14:52 +0700] "PUT /admin/users HTTP/1.1" 200 11986 "-" "curl/7.68.0" "-"
192.168.1.10 - - [12/May/2026:01:15:04 +0700] "PUT /login HTTP/1.1" 200 10933 "-" "Googlebot/2.1 (+http://www.google.com/bot.html)" "-"
45.148.10.231 - - [12/May/2026:01:15:07 +0700] "GET /static/js/app.js HTTP/1.1" 499 419 "-" "curl/7.68.0" "-"
103.72.98.10 - - [12/May/2026:01:16:34 +0700] "GET /about HTTP/1.1" 200 11245 "-" "Mozilla/5.0 (X11; Linux x86_64) AppleWebKit/537.36 Chrome/119.0.0.0 Safari/537.36" "-"
34.89.120.5 - - [12/May/2026:01:16:34 +0700] "GET /api/users HTTP/1.1" 200 8018 "-" "Mozilla/5.0 (Windows NT 10.0; Win64; x64) AppleWebKit/537.36 Chrome/120.0.0.0 Safari/537.36" "-"
103.72.98.10 - - [12/May/2026:01:16:36 +0700] "DELETE /nonexistent-page HTTP/1.1" 200 45474 "-" "Mozilla/5.0 (Macintosh; Intel Mac OS X 10_15_7) AppleWebKit/537.36 Safari/537.36" "-"
52.167.144.16 - - [12/May/2026:01:17:13 +0700] "DELETE /static/css/main.css HTTP/1.1" 200 40736 "-" "Mozilla/5.0 (X11; Linux x86_64) AppleWebKit/537.36 Chrome/119.0.0.0 Safari/537.36" "-"
45.148.10.231 - - [12/May/2026:01:17:14 +0700] "GET /about HTTP/1.1" 301 219 "-" "Mozilla/5.0 (Windows NT 10.0; Win64; x64) AppleWebKit/537.36 Chrome/120.0.0.0 Safari/537.36" "-"
103.72.98.10 - - [12/May/2026:01:17:42 +0700] "DELETE /admin/users HTTP/1.1" 200 40671 "-" "Mozilla/5.0 (X11; Linux x86_64) AppleWebKit/537.36 Chrome/119.0.0.0 Safari/537.36" "-"
192.168.1.10 - - [12/May/2026:01:17:45 +0700] "DELETE /index.html HTTP/1.1" 500 133 "-" "Mozilla/5.0 (Macintosh; Intel Mac OS X 10_15_7) AppleWebKit/537.36 Safari/537.36" "-"
178.128.45.67 - - [12/May/2026:01:17:56 +0700] "PUT /dashboard HTTP/1.1" 200 34666 "-" "curl/7.68.0" "-"
185.220.101.45 - - [12/May/2026:01:18:05 +0700] "GET /old-page HTTP/1.1" 200 49472 "-" "Mozilla/5.0 (Macintosh; Intel Mac OS X 10_15_7) AppleWebKit/537.36 Safari/537.36" "-"
185.220.101.45 - - [12/May/2026:01:18:12 +0700] "POST /old-page HTTP/1.1" 404 228 "-" "Mozilla/5.0 (X11; Linux x86_64) AppleWebKit/537.36 Chrome/119.0.0.0 Safari/537.36" "-"
34.89.120.5 - - [12/May/2026:01:18:29 +0700] "PUT /favicon.ico HTTP/1.1" 500 485 "-" "curl/7.68.0" "-"
45.148.10.231 - - [12/May/2026:01:18:40 +0700] "POST /login HTTP/1.1" 200 10649 "-" "Mozilla/5.0 (Macintosh; Intel Mac OS X 10_15_7) AppleWebKit/537.36 Safari/537.36" "-"
192.168.1.10 - - [12/May/2026:01:18:48 +0700] "DELETE /dashboard HTTP/1.1" 200 4597 "-" "python-requests/2.28.0" "-"
52.167.144.16 - - [12/May/2026:01:19:17 +0700] "DELETE /static/js/app.js HTTP/1.1" 302 11 "-" "Googlebot/2.1 (+http://www.google.com/bot.html)" "-"
203.0.113.42 - - [12/May/2026:01:19:20 +0700] "POST /.env HTTP/1.1" 404 283 "-" "python-requests/2.28.0" "-"
185.220.101.45 - - [12/May/2026:01:19:26 +0700] "POST /favicon.ico HTTP/1.1" 301 478 "-" "Mozilla/5.0 (X11; Linux x86_64) AppleWebKit/537.36 Chrome/119.0.0.0 Safari/537.36" "-"
34.89.120.5 - - [12/May/2026:01:19:31 +0700] "POST /wp-admin HTTP/1.1" 200 5559 "-" "curl/7.68.0" "-"
178.128.45.67 - - [12/May/2026:01:19:36 +0700] "PUT /favicon.ico HTTP/1.1" 200 18320 "-" "python-requests/2.28.0" "-"
185.220.101.45 - - [12/May/2026:01:20:09 +0700] "GET /admin/users HTTP/1.1" 200 36798 "-" "Mozilla/5.0 (Windows NT 10.0; Win64; x64) AppleWebKit/537.36 Chrome/120.0.0.0 Safari/537.36" "-"
103.72.98.10 - - [12/May/2026:01:21:37 +0700] "DELETE /static/css/main.css HTTP/1.1" 200 18538 "-" "Mozilla/5.0 (X11; Linux x86_64) AppleWebKit/537.36 Chrome/119.0.0.0 Safari/537.36" "-"
91.108.4.100 - - [12/May/2026:01:21:54 +0700] "PUT /api/orders HTTP/1.1" 200 49514 "-" "curl/7.68.0" "-"
34.89.120.5 - - [12/May/2026:01:22:48 +0700] "GET /contact HTTP/1.1" 200 33718 "-" "curl/7.68.0" "-"
52.167.144.16 - - [12/May/2026:01:23:18 +0700] "PUT /login HTTP/1.1" 302 257 "-" "Mozilla/5.0 (X11; Linux x86_64) AppleWebKit/537.36 Chrome/119.0.0.0 Safari/537.36" "-"
103.72.98.10 - - [12/May/2026:01:23:19 +0700] "GET /index.html HTTP/1.1" 500 160 "-" "Mozilla/5.0 (X11; Linux x86_64) AppleWebKit/537.36 Chrome/119.0.0.0 Safari/537.36" "-"
178.128.45.67 - - [12/May/2026:01:23:30 +0700] "GET /index.html HTTP/1.1" 200 11711 "-" "Googlebot/2.1 (+http://www.google.com/bot.html)" "-"
34.89.120.5 - - [12/May/2026:01:23:35 +0700] "PUT /admin/users HTTP/1.1" 500 396 "-" "Mozilla/5.0 (Macintosh; Intel Mac OS X 10_15_7) AppleWebKit/537.36 Safari/537.36" "-"
178.128.45.67 - - [12/May/2026:01:23:36 +0700] "PUT /static/css/main.css HTTP/1.1" 301 375 "-" "curl/7.68.0" "-"
185.220.101.45 - - [12/May/2026:01:23:39 +0700] "PUT / HTTP/1.1" 200 4918 "-" "Mozilla/5.0 (X11; Linux x86_64) AppleWebKit/537.36 Chrome/119.0.0.0 Safari/537.36" "-"
185.220.101.45 - - [12/May/2026:01:23:43 +0700] "DELETE /index.html HTTP/1.1" 200 12083 "-" "curl/7.68.0" "-"
91.108.4.100 - - [12/May/2026:01:23:49 +0700] "GET /.env HTTP/1.1" 404 332 "-" "Mozilla/5.0 (Macintosh; Intel Mac OS X 10_15_7) AppleWebKit/537.36 Safari/537.36" "-"
52.167.144.16 - - [12/May/2026:01:23:54 +0700] "GET /login HTTP/1.1" 200 44269 "-" "Mozilla/5.0 (X11; Linux x86_64) AppleWebKit/537.36 Chrome/119.0.0.0 Safari/537.36" "-"
103.56.163.10 - - [12/May/2026:01:23:56 +0700] "GET /contact HTTP/1.1" 302 462 "-" "python-requests/2.28.0" "-"
203.0.113.42 - - [12/May/2026:01:24:09 +0700] "GET /login HTTP/1.1" 404 277 "-" "Mozilla/5.0 (Macintosh; Intel Mac OS X 10_15_7) AppleWebKit/537.36 Safari/537.36" "-"
103.56.163.10 - - [12/May/2026:01:24:34 +0700] "PUT /.env HTTP/1.1" 200 24811 "-" "python-requests/2.28.0" "-"
91.108.4.100 - - [12/May/2026:01:25:01 +0700] "DELETE /api/products HTTP/1.1" 200 10991 "-" "curl/7.68.0" "-"
45.148.10.231 - - [12/May/2026:01:25:02 +0700] "PUT /api/orders HTTP/1.1" 200 46515 "-" "Mozilla/5.0 (Windows NT 10.0; Win64; x64) AppleWebKit/537.36 Chrome/120.0.0.0 Safari/537.36" "-"
34.89.120.5 - - [12/May/2026:01:25:13 +0700] "POST /old-page HTTP/1.1" 200 28562 "-" "Mozilla/5.0 (Macintosh; Intel Mac OS X 10_15_7) AppleWebKit/537.36 Safari/537.36" "-"
103.56.163.10 - - [12/May/2026:01:26:28 +0700] "GET /contact HTTP/1.1" 200 24476 "-" "Mozilla/5.0 (Windows NT 10.0; Win64; x64) AppleWebKit/537.36 Chrome/120.0.0.0 Safari/537.36" "-"
34.89.120.5 - - [12/May/2026:01:26:30 +0700] "GET /api/v1/health HTTP/1.1" 404 36 "-" "Mozilla/5.0 (Macintosh; Intel Mac OS X 10_15_7) AppleWebKit/537.36 Safari/537.36" "-"
178.128.45.67 - - [12/May/2026:01:26:52 +0700] "PUT /api/products HTTP/1.1" 200 39778 "-" "curl/7.68.0" "-"
103.72.98.10 - - [12/May/2026:01:27:04 +0700] "PUT /index.html HTTP/1.1" 200 48142 "-" "Mozilla/5.0 (X11; Linux x86_64) AppleWebKit/537.36 Chrome/119.0.0.0 Safari/537.36" "-"
34.89.120.5 - - [12/May/2026:01:27:23 +0700] "GET /contact HTTP/1.1" 200 32259 "-" "Mozilla/5.0 (X11; Linux x86_64) AppleWebKit/537.36 Chrome/119.0.0.0 Safari/537.36" "-"
52.167.144.16 - - [12/May/2026:01:27:53 +0700] "PUT /about HTTP/1.1" 200 34766 "-" "python-requests/2.28.0" "-"
203.0.113.42 - - [12/May/2026:01:28:35 +0700] "PUT /dashboard HTTP/1.1" 404 229 "-" "Mozilla/5.0 (X11; Linux x86_64) AppleWebKit/537.36 Chrome/119.0.0.0 Safari/537.36" "-"
185.220.101.45 - - [12/May/2026:01:29:40 +0700] "POST / HTTP/1.1" 200 23531 "-" "Googlebot/2.1 (+http://www.google.com/bot.html)" "-"
91.108.4.100 - - [12/May/2026:01:29:40 +0700] "POST /about HTTP/1.1" 200 22490 "-" "Mozilla/5.0 (Windows NT 10.0; Win64; x64) AppleWebKit/537.36 Chrome/120.0.0.0 Safari/537.36" "-"
52.167.144.16 - - [12/May/2026:01:29:41 +0700] "GET /favicon.ico HTTP/1.1" 200 22479 "-" "curl/7.68.0" "-"
185.220.101.45 - - [12/May/2026:01:29:50 +0700] "DELETE /nonexistent-page HTTP/1.1" 404 390 "-" "curl/7.68.0" "-"
178.128.45.67 - - [12/May/2026:01:30:17 +0700] "GET /dashboard HTTP/1.1" 500 396 "-" "Mozilla/5.0 (X11; Linux x86_64) AppleWebKit/537.36 Chrome/119.0.0.0 Safari/537.36" "-"
178.128.45.67 - - [12/May/2026:01:30:51 +0700] "GET /nonexistent-page HTTP/1.1" 200 20109 "-" "Mozilla/5.0 (X11; Linux x86_64) AppleWebKit/537.36 Chrome/119.0.0.0 Safari/537.36" "-"
103.72.98.10 - - [12/May/2026:01:31:08 +0700] "PUT /admin/users HTTP/1.1" 404 10 "-" "Mozilla/5.0 (X11; Linux x86_64) AppleWebKit/537.36 Chrome/119.0.0.0 Safari/537.36" "-"
91.108.4.100 - - [12/May/2026:01:32:07 +0700] "GET /favicon.ico HTTP/1.1" 200 21396 "-" "python-requests/2.28.0" "-"
178.128.45.67 - - [12/May/2026:01:32:57 +0700] "DELETE /api/orders HTTP/1.1" 200 42483 "-" "Mozilla/5.0 (Macintosh; Intel Mac OS X 10_15_7) AppleWebKit/537.36 Safari/537.36" "-"
178.128.45.67 - - [12/May/2026:01:33:02 +0700] "PUT /old-page HTTP/1.1" 200 12625 "-" "Googlebot/2.1 (+http://www.google.com/bot.html)" "-"
45.148.10.231 - - [12/May/2026:01:33:17 +0700] "DELETE /about HTTP/1.1" 301 201 "-" "Mozilla/5.0 (Macintosh; Intel Mac OS X 10_15_7) AppleWebKit/537.36 Safari/537.36" "-"
185.220.101.45 - - [12/May/2026:01:33:18 +0700] "PUT /admin HTTP/1.1" 200 34354 "-" "Mozilla/5.0 (Windows NT 10.0; Win64; x64) AppleWebKit/537.36 Chrome/120.0.0.0 Safari/537.36" "-"
52.167.144.16 - - [12/May/2026:01:33:22 +0700] "GET /api/users HTTP/1.1" 200 636 "-" "Mozilla/5.0 (Macintosh; Intel Mac OS X 10_15_7) AppleWebKit/537.36 Safari/537.36" "-"
103.56.163.10 - - [12/May/2026:01:33:36 +0700] "PUT /wp-admin HTTP/1.1" 200 14604 "-" "Mozilla/5.0 (Macintosh; Intel Mac OS X 10_15_7) AppleWebKit/537.36 Safari/537.36" "-"
185.220.101.45 - - [12/May/2026:01:34:02 +0700] "GET /api/products HTTP/1.1" 200 39806 "-" "Mozilla/5.0 (Macintosh; Intel Mac OS X 10_15_7) AppleWebKit/537.36 Safari/537.36" "-"
178.128.45.67 - - [12/May/2026:01:34:07 +0700] "GET /about HTTP/1.1" 200 41952 "-" "curl/7.68.0" "-"
