192.168.1.10 - - [12/May/2026:14:44:32 +0700] "POST /index.html HTTP/1.1" 404 27 "-" "Googlebot/2.1 (+http://www.google.com/bot.html)" "-"
91.108.4.100 - - [12/May/2026:14:44:35 +0700] "DELETE /api/users HTTP/1.1" 200 24932 "-" "Mozilla/5.0 (X11; Linux x86_64) AppleWebKit/537.36 Chrome/119.0.0.0 Safari/537.36" "-"
103.72.98.10 - - [12/May/2026:14:44:38 +0700] "DELETE /admin HTTP/1.1" 200 30971 "-" "Mozilla/5.0 (Macintosh; Intel Mac OS X 10_15_7) AppleWebKit/537.36 Safari/537.36" "-"
34.89.120.5 - - [12/May/2026:14:45:22 +0700] "PUT /nonexistent-page HTTP/1.1" 200 44310 "-" "Mozilla/5.0 (X11; Linux x86_64) AppleWebKit/537.36 Chrome/119.0.0.0 Safari/537.36" "-"
52.167.144.16 - - [12/May/2026:14:45:31 +0700] "POST /contact HTTP/1.1" 200 32970 "-" "Googlebot/2.1 (+http://www.google.com/bot.html)" "-"
103.56.163.10 - - [12/May/2026:14:45:54 +0700] "POST /login HTTP/1.1" 200 18809 "-" "curl/7.68.0" "-"
34.89.120.5 - - [12/May/2026:14:47:04 +0700] "GET /logout HTTP/1.1" 200 12122 "-" "Mozilla/5.0 (X11; Linux x86_64) AppleWebKit/537.36 Chrome/119.0.0.0 Safari/537.36" "-"
52.167.144.16 - - [12/May/2026:14:47:18 +0700] "PUT /admin/users HTTP/1.1" 200 45200 "-" "Mozilla/5.0 (X11; Linux x86_64) AppleWebKit/537.36 Chrome/119.0.0.0 Safari/537.36" "-"
91.108.4.100 - - [12/May/2026:14:47:35 +0700] "POST /contact HTTP/1.1" 404 61 "-" "Mozilla/5.0 (Windows NT 10.0; Win64; x64) AppleWebKit/537.36 Chrome/120.0.0.0 Safari/537.36" "-"
45.148.10.231 - - [12/May/2026:14:47:46 +0700] "POST /wp-admin HTTP/1.1" 200 49905 "-" "Mozilla/5.0 (X11; Linux x86_64) AppleWebKit/537.36 Chrome/119.0.0.0 Safari/537.36" "-"
103.56.163.10 - - [12/May/2026:14:48:10 +0700] "DELETE /contact HTTP/1.1" 200 33447 "-" "Mozilla/5.0 (Macintosh; Intel Mac OS X 10_15_7) AppleWebKit/537.36 Safari/537.36" "-"
203.0.113.42 - - [12/May/2026:14:48:13 +0700] "DELETE / HTTP/1.1" 200 20699 "-" "Mozilla/5.0 (Windows NT 10.0; Win64; x64) AppleWebKit/537.36 Chrome/120.0.0.0 Safari/537.36" "-"
103.56.163.10 - - [12/May/2026:14:49:09 +0700] "POST /api/orders HTTP/1.1" 200 6699 "-" "Mozilla/5.0 (Windows NT 10.0; Win64; x64) AppleWebKit/537.36 Chrome/120.0.0.0 Safari/537.36" "-"
103.56.163.10 - - [12/May/2026:14:49:28 +0700] "GET /contact HTTP/1.1" 200 24880 "-" "python-requests/2.28.0" "-"
45.148.10.231 - - [12/May/2026:14:49:46 +0700] "POST /static/js/app.js HTTP/1.1" 404 475 "-" "Mozilla/5.0 (X11; Linux x86_64) AppleWebKit/537.36 Chrome/119.0.0.0 Safari/537.36" "-"
192.168.1.10 - - [12/May/2026:14:50:05 +0700] "DELETE /login HTTP/1.1" 200 14642 "-" "Googlebot/2.1 (+http://www.google.com/bot.html)" "-"
91.108.4.100 - - [12/May/2026:14:50:06 +0700] "GET /dashboard HTTP/1.1" 200 2126 "-" "Mozilla/5.0 (Windows NT 10.0; Win64; x64) AppleWebKit/537.36 Chrome/120.0.0.0 Safari/537.36" "-"
185.220.101.45 - - [12/May/2026:14:50:15 +0700] "GET /logout HTTP/1.1" 304 265 "-" "Mozilla/5.0 (X11; Linux x86_64) AppleWebKit/537.36 Chrome/119.0.0.0 Safari/537.36" "-"
185.220.101.45 - - [12/May/2026:14:50:49 +0700] "GET /about HTTP/1.1" 302 103 "-" "Mozilla/5.0 (Windows NT 10.0; Win64; x64) AppleWebKit/537.36 Chrome/120.0.0.0 Safari/537.36" "-"
185.220.101.45 - - [12/May/2026:14:50:58 +0700] "GET /contact HTTP/1.1" 200 36299 "-" "Mozilla/5.0 (Macintosh; Intel Mac OS X 10_15_7) AppleWebKit/537.36 Safari/537.36" "-"
52.167.144.16 - - [12/May/2026:14:52:15 +0700] "POST /api/orders HTTP/1.1" 302 69 "-" "Googlebot/2.1 (+http://www.google.com/bot.html)" "-"
103.72.98.10 - - [12/May/2026:14:52:33 +0700] "DELETE /wp-admin HTTP/1.1" 304 323 "-" "Googlebot/2.1 (+http://www.google.com/bot.html)" "-"
45.148.10.231 - - [12/May/2026:14:53:31 +0700] "DELETE /api/v1/health HTTP/1.1" 200 48456 "-" "python-requests/2.28.0" "-"
185.220.101.45 - - [12/May/2026:14:53:36 +0700] "GET /login HTTP/1.1" 200 42680 "-" "curl/7.68.0" "-"
203.0.113.42 - - [12/May/2026:14:53:44 +0700] "POST /api/products HTTP/1.1" 404 440 "-" "Mozilla/5.0 (Windows NT 10.0; Win64; x64) AppleWebKit/537.36 Chrome/120.0.0.0 Safari/537.36" "-"
103.56.163.10 - - [12/May/2026:14:53:53 +0700] "POST /favicon.ico HTTP/1.1" 302 446 "-" "curl/7.68.0" "-"
45.148.10.231 - - [12/May/2026:14:54:02 +0700] "DELETE /admin HTTP/1.1" 302 399 "-" "python-requests/2.28.0" "-"
45.148.10.231 - - [12/May/2026:14:54:10 +0700] "POST /static/css/main.css HTTP/1.1" 200 24687 "-" "Mozilla/5.0 (Macintosh; Intel Mac OS X 10_15_7) AppleWebKit/537.36 Safari/537.36" "-"
34.89.120.5 - - [12/May/2026:14:54:16 +0700] "POST /.env HTTP/1.1" 200 11550 "-" "Mozilla/5.0 (X11; Linux x86_64) AppleWebKit/537.36 Chrome/119.0.0.0 Safari/537.36" "-"
192.168.1.10 - - [12/May/2026:14:54:43 +0700] "GET /contact HTTP/1.1" 200 22860 "-" "Mozilla/5.0 (Macintosh; Intel Mac OS X 10_15_7) AppleWebKit/537.36 Safari/537.36" "-"
185.220.101.45 - - [12/May/2026:14:54:52 +0700] "POST /login HTTP/1.1" 200 16973 "-" "curl/7.68.0" "-"
178.128.45.67 - - [12/May/2026:14:54:59 +0700] "GET /logout HTTP/1.1" 200 49749 "-" "Mozilla/5.0 (Macintosh; Intel Mac OS X 10_15_7) AppleWebKit/537.36 Safari/537.36" "-"
192.168.1.10 - - [12/May/2026:14:55:59 +0700] "DELETE /favicon.ico HTTP/1.1" 200 28310 "-" "python-requests/2.28.0" "-"
103.72.98.10 - - [12/May/2026:14:56:25 +0700] "GET /admin HTTP/1.1" 200 30889 "-" "Mozilla/5.0 (X11; Linux x86_64) AppleWebKit/537.36 Chrome/119.0.0.0 Safari/537.36" "-"
185.220.101.45 - - [12/May/2026:14:56:38 +0700] "GET /api/v1/health HTTP/1.1" 200 31741 "-" "Mozilla/5.0 (Windows NT 10.0; Win64; x64) AppleWebKit/537.36 Chrome/120.0.0.0 Safari/537.36" "-"
45.148.10.231 - - [12/May/2026:14:56:47 +0700] "PUT /old-page HTTP/1.1" 200 4403 "-" "Googlebot/2.1 (+http://www.google.com/bot.html)" "-"
192.168.1.10 - - [12/May/2026:14:56:51 +0700] "GET /api/v1/health HTTP/1.1" 200 46463 "-" "python-requests/2.28.0" "-"
103.56.163.10 - - [12/May/2026:14:56:55 +0700] "PUT /nonexistent-page HTTP/1.1" 200 1702 "-" "curl/7.68.0" "-"
103.72.98.10 - - [12/May/2026:14:57:08 +0700] "DELETE /favicon.ico HTTP/1.1" 200 45771 "-" "Googlebot/2.1 (+http://www.google.com/bot.html)" "-"
91.108.4.100 - - [12/May/2026:14:57:17 +0700] "POST /api/v1/health HTTP/1.1" 200 23151 "-" "Googlebot/2.1 (+http://www.google.com/bot.html)" "-"
185.220.101.45 - - [12/May/2026:14:57:22 +0700] "PUT /static/js/app.js HTTP/1.1" 200 34171 "-" "Mozilla/5.0 (Windows NT 10.0; Win64; x64) AppleWebKit/537.36 Chrome/120.0.0.0 Safari/537.36" "-"
103.56.163.10 - - [12/May/2026:14:57:41 +0700] "DELETE /api/v1/health HTTP/1.1" 200 42375 "-" "python-requests/2.28.0" "-"
185.220.101.45 - - [12/May/2026:14:58:04 +0700] "GET /login HTTP/1.1" 200 6088 "-" "Mozilla/5.0 (Windows NT 10.0; Win64; x64) AppleWebKit/537.36 Chrome/120.0.0.0 Safari/537.36" "-"
103.72.98.10 - - [12/May/2026:14:58:09 +0700] "GET /about HTTP/1.1" 200 33567 "-" "Mozilla/5.0 (X11; Linux x86_64) AppleWebKit/537.36 Chrome/119.0.0.0 Safari/537.36" "-"
91.108.4.100 - - [12/May/2026:14:58:36 +0700] "PUT /dashboard HTTP/1.1" 200 40044 "-" "Mozilla/5.0 (Windows NT 10.0; Win64; x64) AppleWebKit/537.36 Chrome/120.0.0.0 Safari/537.36" "-"
185.220.101.45 - - [12/May/2026:14:58:54 +0700] "DELETE /favicon.ico HTTP/1.1" 200 4082 "-" "curl/7.68.0" "-"
45.148.10.231 - - [12/May/2026:14:58:55 +0700] "DELETE /api/users HTTP/1.1" 200 21003 "-" "Googlebot/2.1 (+http://www.google.com/bot.html)" "-"
203.0.113.42 - - [12/May/2026:14:59:04 +0700] "DELETE /admin/users HTTP/1.1" 200 11523 "-" "curl/7.68.0" "-"
45.148.10.231 - - [12/May/2026:14:59:33 +0700] "DELETE /old-page HTTP/1.1" 200 32554 "-" "Mozilla/5.0 (Macintosh; Intel Mac OS X 10_15_7) AppleWebKit/537.36 Safari/537.36" "-"
103.72.98.10 - - [12/May/2026:14:59:39 +0700] "PUT /contact HTTP/1.1" 302 181 "-" "Mozilla/5.0 (X11; Linux x86_64) AppleWebKit/537.36 Chrome/119.0.0.0 Safari/537.36" "-"
103.56.163.10 - - [12/May/2026:14:59:50 +0700] "GET /index.html HTTP/1.1" 200 45775 "-" "Mozilla/5.0 (Macintosh; Intel Mac OS X 10_15_7) AppleWebKit/537.36 Safari/537.36" "-"
103.72.98.10 - - [12/May/2026:14:59:56 +0700] "GET /dashboard HTTP/1.1" 200 48822 "-" "python-requests/2.28.0" "-"
185.220.101.45 - - [12/May/2026:15:00:12 +0700] "DELETE /logout HTTP/1.1" 200 30157 "-" "Googlebot/2.1 (+http://www.google.com/bot.html)" "-"
185.220.101.45 - - [12/May/2026:15:00:16 +0700] "GET /old-page HTTP/1.1" 200 41917 "-" "Googlebot/2.1 (+http://www.google.com/bot.html)" "-"
52.167.144.16 - - [12/May/2026:15:00:31 +0700] "POST /favicon.ico HTTP/1.1" 200 40984 "-" "Googlebot/2.1 (+http://www.google.com/bot.html)" "-"
91.108.4.100 - - [12/May/2026:15:00:51 +0700] "PUT /api/orders HTTP/1.1" 200 37947 "-" "Mozilla/5.0 (Macintosh; Intel Mac OS X 10_15_7) AppleWebKit/537.36 Safari/537.36" "-"
52.167.144.16 - - [12/May/2026:15:00:52 +0700] "PUT /static/js/app.js HTTP/1.1" 200 28134 "-" "Mozilla/5.0 (Windows NT 10.0; Win64; x64) AppleWebKit/537.36 Chrome/120.0.0.0 Safari/537.36" "-"
103.72.98.10 - - [12/May/2026:15:01:39 +0700] "POST /static/js/app.js HTTP/1.1" 200 42818 "-" "curl/7.68.0" "-"
185.220.101.45 - - [12/May/2026:15:01:44 +0700] "DELETE /wp-admin HTTP/1.1" 200 4162 "-" "Googlebot/2.1 (+http://www.google.com/bot.html)" "-"
103.56.163.10 - - [12/May/2026:15:01:45 +0700] "POST /dashboard HTTP/1.1" 200 31855 "-" "python-requests/2.28.0" "-"
103.56.163.10 - - [12/May/2026:15:01:45 +0700] "DELETE /.env HTTP/1.1" 200 29292 "-" "Googlebot/2.1 (+http://www.google.com/bot.html)" "-"
185.220.101.45 - - [12/May/2026:15:01:56 +0700] "POST /admin HTTP/1.1" 302 314 "-" "python-requests/2.28.0" "-"
203.0.113.42 - - [12/May/2026:15:02:04 +0700] "DELETE /about HTTP/1.1" 301 485 "-" "curl/7.68.0" "-"
91.108.4.100 - - [12/May/2026:15:02:19 +0700] "DELETE /static/js/app.js HTTP/1.1" 200 8877 "-" "curl/7.68.0" "-"
103.72.98.10 - - [12/May/2026:15:02:23 +0700] "PUT /login HTTP/1.1" 200 39975 "-" "curl/7.68.0" "-"
203.0.113.42 - - [12/May/2026:15:02:28 +0700] "PUT / HTTP/1.1" 200 25940 "-" "Mozilla/5.0 (Windows NT 10.0; Win64; x64) AppleWebKit/537.36 Chrome/120.0.0.0 Safari/537.36" "-"
91.108.4.100 - - [12/May/2026:15:02:30 +0700] "GET /static/js/app.js HTTP/1.1" 200 4614 "-" "curl/7.68.0" "-"
103.56.163.10 - - [12/May/2026:15:03:04 +0700] "DELETE /static/css/main.css HTTP/1.1" 200 17505 "-" "Mozilla/5.0 (Macintosh; Intel Mac OS X 10_15_7) AppleWebKit/537.36 Safari/537.36" "-"
103.56.163.10 - - [12/May/2026:15:03:13 +0700] "GET /about HTTP/1.1" 200 20474 "-" "Mozilla/5.0 (Macintosh; Intel Mac OS X 10_15_7) AppleWebKit/537.36 Safari/537.36" "-"
103.72.98.10 - - [12/May/2026:15:03:35 +0700] "GET /index.html HTTP/1.1" 200 41703 "-" "Mozilla/5.0 (Macintosh; Intel Mac OS X 10_15_7) AppleWebKit/537.36 Safari/537.36" "-"
52.167.144.16 - - [12/May/2026:15:03:38 +0700] "DELETE /admin HTTP/1.1" 200 27280 "-" "python-requests/2.28.0" "-"
52.167.144.16 - - [12/May/2026:15:03:57 +0700] "DELETE /dashboard HTTP/1.1" 200 305 "-" "Googlebot/2.1 (+http://www.google.com/bot.html)" "-"
192.168.1.10 - - [12/May/2026:15:04:07 +0700] "GET /logout HTTP/1.1" 500 497 "-" "python-requests/2.28.0" "-"
52.167.144.16 - - [12/May/2026:15:04:15 +0700] "PUT /static/js/app.js HTTP/1.1" 200 31497 "-" "Googlebot/2.1 (+http://www.google.com/bot.html)" "-"
192.168.1.10 - - [12/May/2026:15:04:26 +0700] "PUT /login HTTP/1.1" 301 211 "-" "Mozilla/5.0 (Macintosh; Intel Mac OS X 10_15_7) AppleWebKit/537.36 Safari/537.36" "-"
185.220.101.45 - - [12/May/2026:15:04:44 +0700] "POST /login HTTP/1.1" 404 16 "-" "Mozilla/5.0 (Windows NT 10.0; Win64; x64) AppleWebKit/537.36 Chrome/120.0.0.0 Safari/537.36" "-"
103.56.163.10 - - [12/May/2026:15:05:05 +0700] "DELETE /api/users HTTP/1.1" 200 14749 "-" "Mozilla/5.0 (X11; Linux x86_64) AppleWebKit/537.36 Chrome/119.0.0.0 Safari/537.36" "-"
91.108.4.100 - - [12/May/2026:15:05:26 +0700] "DELETE /.env HTTP/1.1" 304 79 "-" "curl/7.68.0" "-"
45.148.10.231 - - [12/May/2026:15:05:31 +0700] "GET /static/css/main.css HTTP/1.1" 200 176 "-" "Mozilla/5.0 (Macintosh; Intel Mac OS X 10_15_7) AppleWebKit/537.36 Safari/537.36" "-"
203.0.113.42 - - [12/May/2026:15:06:04 +0700] "POST /api/users HTTP/1.1" 200 29487 "-" "Mozilla/5.0 (Windows NT 10.0; Win64; x64) AppleWebKit/537.36 Chrome/120.0.0.0 Safari/537.36" "-"
103.56.163.10 - - [12/May/2026:15:06:18 +0700] "POST /static/js/app.js HTTP/1.1" 200 26036 "-" "python-requests/2.28.0" "-"
203.0.113.42 - - [12/May/2026:15:06:23 +0700] "GET /login HTTP/1.1" 200 38419 "-" "Googlebot/2.1 (+http://www.google.com/bot.html)" "-"
185.220.101.45 - - [12/May/2026:15:06:23 +0700] "DELETE /login HTTP/1.1" 200 33050 "-" "Mozilla/5.0 (X11; Linux x86_64) AppleWebKit/537.36 Chrome/119.0.0.0 Safari/537.36" "-"
178.128.45.67 - - [12/May/2026:15:06:24 +0700] "POST /wp-admin HTTP/1.1" 200 10079 "-" "Mozilla/5.0 (X11; Linux x86_64) AppleWebKit/537.36 Chrome/119.0.0.0 Safari/537.36" "-"
34.89.120.5 - - [12/May/2026:15:06:31 +0700] "PUT /nonexistent-page HTTP/1.1" 200 35973 "-" "Mozilla/5.0 (X11; Linux x86_64) AppleWebKit/537.36 Chrome/119.0.0.0 Safari/537.36" "-"
103.72.98.10 - - [12/May/2026:15:06:32 +0700] "GET /favicon.ico HTTP/1.1" 301 265 "-" "Mozilla/5.0 (Windows NT 10.0; Win64; x64) AppleWebKit/537.36 Chrome/120.0.0.0 Safari/537.36" "-"
192.168.1.10 - - [12/May/2026:15:06:32 +0700] "POST /login HTTP/1.1" 404 93 "-" "Mozilla/5.0 (Macintosh; Intel Mac OS X 10_15_7) AppleWebKit/537.36 Safari/537.36" "-"
91.108.4.100 - - [12/May/2026:15:06:36 +0700] "PUT /logout HTTP/1.1" 200 14986 "-" "python-requests/2.28.0" "-"
185.220.101.45 - - [12/May/2026:15:06:37 +0700] "PUT /login HTTP/1.1" 200 8440 "-" "Mozilla/5.0 (Macintosh; Intel Mac OS X 10_15_7) AppleWebKit/537.36 Safari/537.36" "-"
91.108.4.100 - - [12/May/2026:15:06:53 +0700] "GET /index.html HTTP/1.1" 301 7 "-" "Mozilla/5.0 (X11; Linux x86_64) AppleWebKit/537.36 Chrome/119.0.0.0 Safari/537.36" "-"
185.220.101.45 - - [12/May/2026:15:07:05 +0700] "DELETE /api/v1/health HTTP/1.1" 200 28446 "-" "Mozilla/5.0 (Macintosh; Intel Mac OS X 10_15_7) AppleWebKit/537.36 Safari/537.36" "-"
91.108.4.100 - - [12/May/2026:15:07:17 +0700] "GET /.env HTTP/1.1" 400 186 "-" "Googlebot/2.1 (+http://www.google.com/bot.html)" "-"
52.167.144.16 - - [12/May/2026:15:07:20 +0700] "POST /static/css/main.css HTTP/1.1" 200 400 "-" "Mozilla/5.0 (Windows NT 10.0; Win64; x64) AppleWebKit/537.36 Chrome/120.0.0.0 Safari/537.36" "-"
103.72.98.10 - - [12/May/2026:15:07:38 +0700] "GET /.env HTTP/1.1" 200 9876 "-" "Mozilla/5.0 (X11; Linux x86_64) AppleWebKit/537.36 Chrome/119.0.0.0 Safari/537.36" "-"
178.128.45.67 - - [12/May/2026:15:07:47 +0700] "POST /admin/users HTTP/1.1" 200 16059 "-" "Mozilla/5.0 (Macintosh; Intel Mac OS X 10_15_7) AppleWebKit/537.36 Safari/537.36" "-"
45.148.10.231 - - [12/May/2026:15:07:48 +0700] "POST /contact HTTP/1.1" 200 5738 "-" "Googlebot/2.1 (+http://www.google.com/bot.html)" "-"
192.168.1.10 - - [12/May/2026:15:08:14 +0700] "GET /favicon.ico HTTP/1.1" 200 48715 "-" "Mozilla/5.0 (X11; Linux x86_64) AppleWebKit/537.36 Chrome/119.0.0.0 Safari/537.36" "-"
45.148.10.231 - - [12/May/2026:15:08:36 +0700] "DELETE /old-page HTTP/1.1" 304 283 "-" "Googlebot/2.1 (+http://www.google.com/bot.html)" "-"
52.167.144.16 - - [12/May/2026:15:09:19 +0700] "POST /logout HTTP/1.1" 200 25118 "-" "Mozilla/5.0 (X11; Linux x86_64) AppleWebKit/537.36 Chrome/119.0.0.0 Safari/537.36" "-"
45.148.10.231 - - [12/May/2026:15:09:19 +0700] "DELETE /admin/users HTTP/1.1" 404 312 "-" "Mozilla/5.0 (Macintosh; Intel Mac OS X 10_15_7) AppleWebKit/537.36 Safari/537.36" "-"
103.72.98.10 - - [12/May/2026:15:09:34 +0700] "DELETE /about HTTP/1.1" 200 8062 "-" "Mozilla/5.0 (Macintosh; Intel Mac OS X 10_15_7) AppleWebKit/537.36 Safari/537.36" "-"
45.148.10.231 - - [12/May/2026:15:09:44 +0700] "POST /favicon.ico HTTP/1.1" 200 32163 "-" "python-requests/2.28.0" "-"
91.108.4.100 - - [12/May/2026:15:09:52 +0700] "DELETE /api/v1/health HTTP/1.1" 200 45052 "-" "Mozilla/5.0 (Macintosh; Intel Mac OS X 10_15_7) AppleWebKit/537.36 Safari/537.36" "-"
52.167.144.16 - - [12/May/2026:15:10:08 +0700] "POST /index.html HTTP/1.1" 200 13594 "-" "Googlebot/2.1 (+http://www.google.com/bot.html)" "-"
203.0.113.42 - - [12/May/2026:15:10:12 +0700] "DELETE /.env HTTP/1.1" 304 223 "-" "curl/7.68.0" "-"
45.148.10.231 - - [12/May/2026:15:10:19 +0700] "POST /api/orders HTTP/1.1" 200 44434 "-" "python-requests/2.28.0" "-"
178.128.45.67 - - [12/May/2026:15:11:46 +0700] "GET /api/products HTTP/1.1" 404 388 "-" "Mozilla/5.0 (X11; Linux x86_64) AppleWebKit/537.36 Chrome/119.0.0.0 Safari/537.36" "-"
192.168.1.10 - - [12/May/2026:15:12:09 +0700] "POST /.env HTTP/1.1" 404 280 "-" "curl/7.68.0" "-"
45.148.10.231 - - [12/May/2026:15:12:14 +0700] "POST /index.html HTTP/1.1" 200 35518 "-" "Mozilla/5.0 (X11; Linux x86_64) AppleWebKit/537.36 Chrome/119.0.0.0 Safari/537.36" "-"
103.72.98.10 - - [12/May/2026:15:12:15 +0700] "DELETE /nonexistent-page HTTP/1.1" 304 253 "-" "Mozilla/5.0 (X11; Linux x86_64) AppleWebKit/537.36 Chrome/119.0.0.0 Safari/537.36" "-"
178.128.45.67 - - [12/May/2026:15:12:50 +0700] "POST /dashboard HTTP/1.1" 404 236 "-" "Mozilla/5.0 (Macintosh; Intel Mac OS X 10_15_7) AppleWebKit/537.36 Safari/537.36" "-"
91.108.4.100 - - [12/May/2026:15:12:56 +0700] "GET /index.html HTTP/1.1" 200 37925 "-" "curl/7.68.0" "-"
178.128.45.67 - - [12/May/2026:15:13:05 +0700] "PUT /api/products HTTP/1.1" 200 8399 "-" "Mozilla/5.0 (X11; Linux x86_64) AppleWebKit/537.36 Chrome/119.0.0.0 Safari/537.36" "-"
192.168.1.10 - - [12/May/2026:15:13:47 +0700] "DELETE /api/users HTTP/1.1" 200 39947 "-" "Mozilla/5.0 (X11; Linux x86_64) AppleWebKit/537.36 Chrome/119.0.0.0 Safari/537.36" "-"
103.56.163.10 - - [12/May/2026:15:14:19 +0700] "DELETE /old-page HTTP/1.1" 200 3777 "-" "Googlebot/2.1 (+http://www.google.com/bot.html)" "-"
52.167.144.16 - - [12/May/2026:15:14:39 +0700] "GET /static/js/app.js HTTP/1.1" 304 165 "-" "Mozilla/5.0 (Macintosh; Intel Mac OS X 10_15_7) AppleWebKit/537.36 Safari/537.36" "-"
103.56.163.10 - - [12/May/2026:15:14:41 +0700] "PUT /.env HTTP/1.1" 200 33896 "-" "Mozilla/5.0 (Windows NT 10.0; Win64; x64) AppleWebKit/537.36 Chrome/120.0.0.0 Safari/537.36" "-"
103.72.98.10 - - [12/May/2026:15:14:45 +0700] "PUT /dashboard HTTP/1.1" 200 49291 "-" "Mozilla/5.0 (Windows NT 10.0; Win64; x64) AppleWebKit/537.36 Chrome/120.0.0.0 Safari/537.36" "-"
185.220.101.45 - - [12/May/2026:15:14:49 +0700] "GET /admin HTTP/1.1" 301 77 "-" "Mozilla/5.0 (Windows NT 10.0; Win64; x64) AppleWebKit/537.36 Chrome/120.0.0.0 Safari/537.36" "-"
192.168.1.10 - - [12/May/2026:15:15:19 +0700] "GET /contact HTTP/1.1" 200 39207 "-" "Mozilla/5.0 (Windows NT 10.0; Win64; x64) AppleWebKit/537.36 Chrome/120.0.0.0 Safari/537.36" "-"
185.220.101.45 - - [12/May/2026:15:15:30 +0700] "GET / HTTP/1.1" 200 40452 "-" "curl/7.68.0" "-"
91.108.4.100 - - [12/May/2026:15:15:54 +0700] "GET /nonexistent-page HTTP/1.1" 200 39183 "-" "Mozilla/5.0 (X11; Linux x86_64) AppleWebKit/537.36 Chrome/119.0.0.0 Safari/537.36" "-"
178.128.45.67 - - [12/May/2026:15:16:02 +0700] "GET /api/products HTTP/1.1" 200 23219 "-" "Mozilla/5.0 (X11; Linux x86_64) AppleWebKit/537.36 Chrome/119.0.0.0 Safari/537.36" "-"
185.220.101.45 - - [12/May/2026:15:16:14 +0700] "POST /login HTTP/1.1" 404 386 "-" "python-requests/2.28.0" "-"
103.72.98.10 - - [12/May/2026:15:16:30 +0700] "GET /api/products HTTP/1.1" 301 124 "-" "Mozilla/5.0 (Windows NT 10.0; Win64; x64) AppleWebKit/537.36 Chrome/120.0.0.0 Safari/537.36" "-"
34.89.120.5 - - [12/May/2026:15:16:34 +0700] "DELETE /api/products HTTP/1.1" 200 15967 "-" "curl/7.68.0" "-"
45.148.10.231 - - [12/May/2026:15:16:36 +0700] "DELETE /dashboard HTTP/1.1" 200 5202 "-" "Googlebot/2.1 (+http://www.google.com/bot.html)" "-"
45.148.10.231 - - [12/May/2026:15:16:59 +0700] "PUT /api/orders HTTP/1.1" 200 6945 "-" "Mozilla/5.0 (X11; Linux x86_64) AppleWebKit/537.36 Chrome/119.0.0.0 Safari/537.36" "-"
203.0.113.42 - - [12/May/2026:15:17:00 +0700] "GET /static/css/main.css HTTP/1.1" 200 13673 "-" "curl/7.68.0" "-"
203.0.113.42 - - [12/May/2026:15:17:03 +0700] "DELETE /nonexistent-page HTTP/1.1" 200 14815 "-" "Mozilla/5.0 (Macintosh; Intel Mac OS X 10_15_7) AppleWebKit/537.36 Safari/537.36" "-"
34.89.120.5 - - [12/May/2026:15:17:18 +0700] "PUT /dashboard HTTP/1.1" 200 24729 "-" "Googlebot/2.1 (+http://www.google.com/bot.html)" "-"
34.89.120.5 - - [12/May/2026:15:17:26 +0700] "POST /api/products HTTP/1.1" 200 11783 "-" "Mozilla/5.0 (Macintosh; Intel Mac OS X 10_15_7) AppleWebKit/537.36 Safari/537.36" "-"
103.72.98.10 - - [12/May/2026:15:17:29 +0700] "PUT /.env HTTP/1.1" 404 52 "-" "Mozilla/5.0 (X11; Linux x86_64) AppleWebKit/537.36 Chrome/119.0.0.0 Safari/537.36" "-"
45.148.10.231 - - [12/May/2026:15:17:52 +0700] "POST /dashboard HTTP/1.1" 200 11524 "-" "Mozilla/5.0 (Macintosh; Intel Mac OS X 10_15_7) AppleWebKit/537.36 Safari/537.36" "-"
45.148.10.231 - - [12/May/2026:15:18:07 +0700] "GET /admin HTTP/1.1" 304 309 "-" "Googlebot/2.1 (+http://www.google.com/bot.html)" "-"
45.148.10.231 - - [12/May/2026:15:18:30 +0700] "POST /old-page HTTP/1.1" 400 389 "-" "curl/7.68.0" "-"
91.108.4.100 - - [12/May/2026:15:18:53 +0700] "GET /.env HTTP/1.1" 302 288 "-" "curl/7.68.0" "-"
91.108.4.100 - - [12/May/2026:15:19:14 +0700] "POST /logout HTTP/1.1" 200 18976 "-" "Googlebot/2.1 (+http://www.google.com/bot.html)" "-"
34.89.120.5 - - [12/May/2026:15:19:51 +0700] "GET /.env HTTP/1.1" 404 421 "-" "curl/7.68.0" "-"
45.148.10.231 - - [12/May/2026:15:19:55 +0700] "PUT /api/orders HTTP/1.1" 200 39183 "-" "Googlebot/2.1 (+http://www.google.com/bot.html)" "-"
91.108.4.100 - - [12/May/2026:15:19:57 +0700] "DELETE /.env HTTP/1.1" 200 14880 "-" "curl/7.68.0" "-"
34.89.120.5 - - [12/May/2026:15:20:18 +0700] "GET /api/products HTTP/1.1" 200 14180 "-" "Mozilla/5.0 (Windows NT 10.0; Win64; x64) AppleWebKit/537.36 Chrome/120.0.0.0 Safari/537.36" "-"
103.72.98.10 - - [12/May/2026:15:21:08 +0700] "PUT /admin/users HTTP/1.1" 499 337 "-" "Mozilla/5.0 (X11; Linux x86_64) AppleWebKit/537.36 Chrome/119.0.0.0 Safari/537.36" "-"
45.148.10.231 - - [12/May/2026:15:21:11 +0700] "GET /wp-admin HTTP/1.1" 304 75 "-" "Mozilla/5.0 (X11; Linux x86_64) AppleWebKit/537.36 Chrome/119.0.0.0 Safari/537.36" "-"
103.72.98.10 - - [12/May/2026:15:21:22 +0700] "DELETE /logout HTTP/1.1" 404 302 "-" "curl/7.68.0" "-"
103.56.163.10 - - [12/May/2026:15:21:35 +0700] "PUT / HTTP/1.1" 200 39226 "-" "Mozilla/5.0 (Macintosh; Intel Mac OS X 10_15_7) AppleWebKit/537.36 Safari/537.36" "-"
52.167.144.16 - - [12/May/2026:15:21:40 +0700] "POST /contact HTTP/1.1" 200 463 "-" "python-requests/2.28.0" "-"
178.128.45.67 - - [12/May/2026:15:21:46 +0700] "POST /api/users HTTP/1.1" 200 39444 "-" "Googlebot/2.1 (+http://www.google.com/bot.html)" "-"
185.220.101.45 - - [12/May/2026:15:21:53 +0700] "DELETE /nonexistent-page HTTP/1.1" 200 23861 "-" "Mozilla/5.0 (X11; Linux x86_64) AppleWebKit/537.36 Chrome/119.0.0.0 Safari/537.36" "-"
52.167.144.16 - - [12/May/2026:15:22:08 +0700] "DELETE /admin HTTP/1.1" 200 8564 "-" "Mozilla/5.0 (Windows NT 10.0; Win64; x64) AppleWebKit/537.36 Chrome/120.0.0.0 Safari/537.36" "-"
103.56.163.10 - - [12/May/2026:15:22:11 +0700] "GET /nonexistent-page HTTP/1.1" 404 437 "-" "Googlebot/2.1 (+http://www.google.com/bot.html)" "-"
45.148.10.231 - - [12/May/2026:15:22:14 +0700] "PUT /dashboard HTTP/1.1" 200 31321 "-" "Mozilla/5.0 (Windows NT 10.0; Win64; x64) AppleWebKit/537.36 Chrome/120.0.0.0 Safari/537.36" "-"
185.220.101.45 - - [12/May/2026:15:22:17 +0700] "DELETE /login HTTP/1.1" 301 186 "-" "Googlebot/2.1 (+http://www.google.com/bot.html)" "-"
178.128.45.67 - - [12/May/2026:15:22:44 +0700] "PUT /api/users HTTP/1.1" 200 272 "-" "Mozilla/5.0 (X11; Linux x86_64) AppleWebKit/537.36 Chrome/119.0.0.0 Safari/537.36" "-"
52.167.144.16 - - [12/May/2026:15:22:52 +0700] "DELETE /login HTTP/1.1" 200 23092 "-" "Mozilla/5.0 (X11; Linux x86_64) AppleWebKit/537.36 Chrome/119.0.0.0 Safari/537.36" "-"
178.128.45.67 - - [12/May/2026:15:23:01 +0700] "DELETE /logout HTTP/1.1" 200 35252 "-" "Googlebot/2.1 (+http://www.google.com/bot.html)" "-"
203.0.113.42 - - [12/May/2026:15:23:22 +0700] "PUT /login HTTP/1.1" 200 3038 "-" "curl/7.68.0" "-"
192.168.1.10 - - [12/May/2026:15:23:24 +0700] "GET /admin/users HTTP/1.1" 200 36764 "-" "Mozilla/5.0 (X11; Linux x86_64) AppleWebKit/537.36 Chrome/119.0.0.0 Safari/537.36" "-"
103.56.163.10 - - [12/May/2026:15:23:35 +0700] "POST /contact HTTP/1.1" 301 467 "-" "Mozilla/5.0 (Macintosh; Intel Mac OS X 10_15_7) AppleWebKit/537.36 Safari/537.36" "-"
52.167.144.16 - - [12/May/2026:15:24:23 +0700] "DELETE /admin HTTP/1.1" 404 309 "-" "Mozilla/5.0 (Macintosh; Intel Mac OS X 10_15_7) AppleWebKit/537.36 Safari/537.36" "-"
192.168.1.10 - - [12/May/2026:15:24:29 +0700] "DELETE /wp-admin HTTP/1.1" 200 6304 "-" "python-requests/2.28.0" "-"
192.168.1.10 - - [12/May/2026:15:24:48 +0700] "GET /static/js/app.js HTTP/1.1" 302 209 "-" "curl/7.68.0" "-"
34.89.120.5 - - [12/May/2026:15:24:58 +0700] "GET /contact HTTP/1.1" 200 33230 "-" "python-requests/2.28.0" "-"
45.148.10.231 - - [12/May/2026:15:24:59 +0700] "POST /api/orders HTTP/1.1" 200 5087 "-" "Mozilla/5.0 (Windows NT 10.0; Win64; x64) AppleWebKit/537.36 Chrome/120.0.0.0 Safari/537.36" "-"
203.0.113.42 - - [12/May/2026:15:25:03 +0700] "POST /api/products HTTP/1.1" 304 417 "-" "python-requests/2.28.0" "-"
91.108.4.100 - - [12/May/2026:15:25:27 +0700] "POST /api/v1/health HTTP/1.1" 404 205 "-" "python-requests/2.28.0" "-"
34.89.120.5 - - [12/May/2026:15:25:31 +0700] "DELETE /admin/users HTTP/1.1" 200 21758 "-" "Googlebot/2.1 (+http://www.google.com/bot.html)" "-"
91.108.4.100 - - [12/May/2026:15:25:42 +0700] "DELETE /favicon.ico HTTP/1.1" 404 137 "-" "Mozilla/5.0 (Macintosh; Intel Mac OS X 10_15_7) AppleWebKit/537.36 Safari/537.36" "-"
178.128.45.67 - - [12/May/2026:15:26:05 +0700] "GET /about HTTP/1.1" 404 223 "-" "Mozilla/5.0 (Windows NT 10.0; Win64; x64) AppleWebKit/537.36 Chrome/120.0.0.0 Safari/537.36" "-"
178.128.45.67 - - [12/May/2026:15:26:06 +0700] "POST /index.html HTTP/1.1" 200 18754 "-" "Googlebot/2.1 (+http://www.google.com/bot.html)" "-"
45.148.10.231 - - [12/May/2026:15:26:13 +0700] "GET /index.html HTTP/1.1" 200 9723 "-" "Mozilla/5.0 (Macintosh; Intel Mac OS X 10_15_7) AppleWebKit/537.36 Safari/537.36" "-"
203.0.113.42 - - [12/May/2026:15:26:15 +0700] "PUT /about HTTP/1.1" 301 297 "-" "Mozilla/5.0 (Macintosh; Intel Mac OS X 10_15_7) AppleWebKit/537.36 Safari/537.36" "-"
192.168.1.10 - - [12/May/2026:15:26:23 +0700] "PUT /about HTTP/1.1" 200 49445 "-" "python-requests/2.28.0" "-"
91.108.4.100 - - [12/May/2026:15:26:26 +0700] "PUT /api/orders HTTP/1.1" 200 15886 "-" "Mozilla/5.0 (Windows NT 10.0; Win64; x64) AppleWebKit/537.36 Chrome/120.0.0.0 Safari/537.36" "-"
203.0.113.42 - - [12/May/2026:15:26:27 +0700] "DELETE /dashboard HTTP/1.1" 200 1146 "-" "Mozilla/5.0 (Macintosh; Intel Mac OS X 10_15_7) AppleWebKit/537.36 Safari/537.36" "-"
34.89.120.5 - - [12/May/2026:15:26:29 +0700] "PUT /.env HTTP/1.1" 200 47540 "-" "Googlebot/2.1 (+http://www.google.com/bot.html)" "-"
103.56.163.10 - - [12/May/2026:15:26:48 +0700] "GET / HTTP/1.1" 200 8084 "-" "Googlebot/2.1 (+http://www.google.com/bot.html)" "-"
192.168.1.10 - - [12/May/2026:15:27:21 +0700] "GET /.env HTTP/1.1" 200 6801 "-" "curl/7.68.0" "-"
34.89.120.5 - - [12/May/2026:15:28:11 +0700] "POST /api/orders HTTP/1.1" 404 196 "-" "Mozilla/5.0 (X11; Linux x86_64) AppleWebKit/537.36 Chrome/119.0.0.0 Safari/537.36" "-"
192.168.1.10 - - [12/May/2026:15:28:32 +0700] "POST /dashboard HTTP/1.1" 200 19902 "-" "Mozilla/5.0 (X11; Linux x86_64) AppleWebKit/537.36 Chrome/119.0.0.0 Safari/537.36" "-"
178.128.45.67 - - [12/May/2026:15:28:38 +0700] "DELETE /favicon.ico HTTP/1.1" 301 164 "-" "python-requests/2.28.0" "-"
45.148.10.231 - - [12/May/2026:15:28:43 +0700] "PUT /old-page HTTP/1.1" 200 7458 "-" "python-requests/2.28.0" "-"
203.0.113.42 - - [12/May/2026:15:29:15 +0700] "DELETE /favicon.ico HTTP/1.1" 200 11741 "-" "Mozilla/5.0 (Macintosh; Intel Mac OS X 10_15_7) AppleWebKit/537.36 Safari/537.36" "-"
52.167.144.16 - - [12/May/2026:15:29:34 +0700] "POST /logout HTTP/1.1" 200 37938 "-" "curl/7.68.0" "-"
52.167.144.16 - - [12/May/2026:15:29:37 +0700] "GET /logout HTTP/1.1" 302 117 "-" "curl/7.68.0" "-"
178.128.45.67 - - [12/May/2026:15:29:55 +0700] "POST /about HTTP/1.1" 200 42561 "-" "Mozilla/5.0 (Macintosh; Intel Mac OS X 10_15_7) AppleWebKit/537.36 Safari/537.36" "-"
52.167.144.16 - - [12/May/2026:15:30:04 +0700] "POST /api/products HTTP/1.1" 200 2581 "-" "Googlebot/2.1 (+http://www.google.com/bot.html)" "-"
178.128.45.67 - - [12/May/2026:15:30:07 +0700] "GET /admin/users HTTP/1.1" 200 22074 "-" "curl/7.68.0" "-"
178.128.45.67 - - [12/May/2026:15:30:37 +0700] "GET /api/users HTTP/1.1" 200 19804 "-" "Mozilla/5.0 (Macintosh; Intel Mac OS X 10_15_7) AppleWebKit/537.36 Safari/537.36" "-"
178.128.45.67 - - [12/May/2026:15:30:57 +0700] "POST / HTTP/1.1" 304 338 "-" "Mozilla/5.0 (X11; Linux x86_64) AppleWebKit/537.36 Chrome/119.0.0.0 Safari/537.36" "-"
52.167.144.16 - - [12/May/2026:15:31:21 +0700] "GET /logout HTTP/1.1" 200 26150 "-" "Mozilla/5.0 (X11; Linux x86_64) AppleWebKit/537.36 Chrome/119.0.0.0 Safari/537.36" "-"
91.108.4.100 - - [12/May/2026:15:31:28 +0700] "PUT /login HTTP/1.1" 200 32334 "-" "python-requests/2.28.0" "-"
45.148.10.231 - - [12/May/2026:15:31:39 +0700] "GET /admin/users HTTP/1.1" 200 35803 "-" "curl/7.68.0" "-"
185.220.101.45 - - [12/May/2026:15:31:46 +0700] "POST /api/users HTTP/1.1" 200 36743 "-" "Googlebot/2.1 (+http://www.google.com/bot.html)" "-"
185.220.101.45 - - [12/May/2026:15:31:54 +0700] "GET /.env HTTP/1.1" 200 43516 "-" "Mozilla/5.0 (Macintosh; Intel Mac OS X 10_15_7) AppleWebKit/537.36 Safari/537.36" "-"
91.108.4.100 - - [12/May/2026:15:32:01 +0700] "PUT /api/products HTTP/1.1" 301 443 "-" "Mozilla/5.0 (Macintosh; Intel Mac OS X 10_15_7) AppleWebKit/537.36 Safari/537.36" "-"
192.168.1.10 - - [12/May/2026:15:32:19 +0700] "GET /logout HTTP/1.1" 200 3446 "-" "Googlebot/2.1 (+http://www.google.com/bot.html)" "-"
34.89.120.5 - - [12/May/2026:15:32:35 +0700] "POST /.env HTTP/1.1" 200 21376 "-" "python-requests/2.28.0" "-"
185.220.101.45 - - [12/May/2026:15:32:38 +0700] "PUT /wp-admin HTTP/1.1" 200 15326 "-" "Googlebot/2.1 (+http://www.google.com/bot.html)" "-"
178.128.45.67 - - [12/May/2026:15:32:51 +0700] "DELETE /admin HTTP/1.1" 200 42365 "-" "Mozilla/5.0 (X11; Linux x86_64) AppleWebKit/537.36 Chrome/119.0.0.0 Safari/537.36" "-"
185.220.101.45 - - [12/May/2026:15:32:58 +0700] "DELETE /favicon.ico HTTP/1.1" 200 7271 "-" "Mozilla/5.0 (X11; Linux x86_64) AppleWebKit/537.36 Chrome/119.0.0.0 Safari/537.36" "-"
178.128.45.67 - - [12/May/2026:15:33:18 +0700] "POST /api/products HTTP/1.1" 200 3368 "-" "Mozilla/5.0 (Windows NT 10.0; Win64; x64) AppleWebKit/537.36 Chrome/120.0.0.0 Safari/537.36" "-"
103.72.98.10 - - [12/May/2026:15:33:29 +0700] "POST /static/js/app.js HTTP/1.1" 200 17855 "-" "Mozilla/5.0 (X11; Linux x86_64) AppleWebKit/537.36 Chrome/119.0.0.0 Safari/537.36" "-"
34.89.120.5 - - [12/May/2026:15:33:41 +0700] "GET /api/v1/health HTTP/1.1" 304 224 "-" "python-requests/2.28.0" "-"
178.128.45.67 - - [12/May/2026:15:33:58 +0700] "DELETE /admin/users HTTP/1.1" 200 12851 "-" "Googlebot/2.1 (+http://www.google.com/bot.html)" "-"
103.72.98.10 - - [12/May/2026:15:34:07 +0700] "POST /static/css/main.css HTTP/1.1" 404 247 "-" "Mozilla/5.0 (X11; Linux x86_64) AppleWebKit/537.36 Chrome/119.0.0.0 Safari/537.36" "-"
34.89.120.5 - - [12/May/2026:15:34:30 +0700] "DELETE /wp-admin HTTP/1.1" 200 33497 "-" "curl/7.68.0" "-"
45.148.10.231 - - [12/May/2026:15:34:42 +0700] "PUT /api/orders HTTP/1.1" 200 34469 "-" "Googlebot/2.1 (+http://www.google.com/bot.html)" "-"
45.148.10.231 - - [12/May/2026:15:35:00 +0700] "PUT /dashboard HTTP/1.1" 200 34476 "-" "Googlebot/2.1 (+http://www.google.com/bot.html)" "-"
103.56.163.10 - - [12/May/2026:15:35:00 +0700] "POST / HTTP/1.1" 200 44329 "-" "Googlebot/2.1 (+http://www.google.com/bot.html)" "-"
34.89.120.5 - - [12/May/2026:15:35:51 +0700] "PUT /static/js/app.js HTTP/1.1" 200 17298 "-" "Mozilla/5.0 (X11; Linux x86_64) AppleWebKit/537.36 Chrome/119.0.0.0 Safari/537.36" "-"
34.89.120.5 - - [12/May/2026:15:36:03 +0700] "DELETE /nonexistent-page HTTP/1.1" 500 444 "-" "curl/7.68.0" "-"
91.108.4.100 - - [12/May/2026:15:36:07 +0700] "DELETE /api/v1/health HTTP/1.1" 302 171 "-" "Mozilla/5.0 (Macintosh; Intel Mac OS X 10_15_7) AppleWebKit/537.36 Safari/537.36" "-"
185.220.101.45 - - [12/May/2026:15:36:08 +0700] "PUT /.env HTTP/1.1" 302 271 "-" "Mozilla/5.0 (Macintosh; Intel Mac OS X 10_15_7) AppleWebKit/537.36 Safari/537.36" "-"
103.56.163.10 - - [12/May/2026:15:36:30 +0700] "GET /contact HTTP/1.1" 200 5487 "-" "Googlebot/2.1 (+http://www.google.com/bot.html)" "-"
45.148.10.231 - - [12/May/2026:15:36:37 +0700] "DELETE /about HTTP/1.1" 200 41577 "-" "Mozilla/5.0 (Macintosh; Intel Mac OS X 10_15_7) AppleWebKit/537.36 Safari/537.36" "-"
34.89.120.5 - - [12/May/2026:15:36:40 +0700] "PUT /about HTTP/1.1" 301 23 "-" "Mozilla/5.0 (X11; Linux x86_64) AppleWebKit/537.36 Chrome/119.0.0.0 Safari/537.36" "-"
192.168.1.10 - - [12/May/2026:15:36:53 +0700] "POST /wp-admin HTTP/1.1" 200 26245 "-" "curl/7.68.0" "-"
91.108.4.100 - - [12/May/2026:15:37:29 +0700] "DELETE /api/orders HTTP/1.1" 200 37424 "-" "Googlebot/2.1 (+http://www.google.com/bot.html)" "-"
103.72.98.10 - - [12/May/2026:15:37:49 +0700] "GET /wp-admin HTTP/1.1" 200 43701 "-" "Mozilla/5.0 (Macintosh; Intel Mac OS X 10_15_7) AppleWebKit/537.36 Safari/537.36" "-"
103.72.98.10 - - [12/May/2026:15:37:57 +0700] "GET /api/products HTTP/1.1" 200 21778 "-" "curl/7.68.0" "-"
203.0.113.42 - - [12/May/2026:15:37:57 +0700] "DELETE /api/orders HTTP/1.1" 200 4671 "-" "Mozilla/5.0 (Windows NT 10.0; Win64; x64) AppleWebKit/537.36 Chrome/120.0.0.0 Safari/537.36" "-"
192.168.1.10 - - [12/May/2026:15:38:51 +0700] "POST /dashboard HTTP/1.1" 200 48357 "-" "Mozilla/5.0 (Macintosh; Intel Mac OS X 10_15_7) AppleWebKit/537.36 Safari/537.36" "-"
203.0.113.42 - - [12/May/2026:15:39:11 +0700] "PUT /nonexistent-page HTTP/1.1" 200 38143 "-" "Mozilla/5.0 (Macintosh; Intel Mac OS X 10_15_7) AppleWebKit/537.36 Safari/537.36" "-"
45.148.10.231 - - [12/May/2026:15:39:32 +0700] "PUT /api/orders HTTP/1.1" 200 40239 "-" "Mozilla/5.0 (Windows NT 10.0; Win64; x64) AppleWebKit/537.36 Chrome/120.0.0.0 Safari/537.36" "-"
192.168.1.10 - - [12/May/2026:15:39:33 +0700] "POST /.env HTTP/1.1" 200 47959 "-" "Mozilla/5.0 (Macintosh; Intel Mac OS X 10_15_7) AppleWebKit/537.36 Safari/537.36" "-"
185.220.101.45 - - [12/May/2026:15:39:36 +0700] "DELETE /wp-admin HTTP/1.1" 200 18382 "-" "Mozilla/5.0 (Macintosh; Intel Mac OS X 10_15_7) AppleWebKit/537.36 Safari/537.36" "-"
178.128.45.67 - - [12/May/2026:15:39:38 +0700] "DELETE /.env HTTP/1.1" 200 29490 "-" "curl/7.68.0" "-"
185.220.101.45 - - [12/May/2026:15:39:38 +0700] "PUT /nonexistent-page HTTP/1.1" 200 8296 "-" "curl/7.68.0" "-"
103.56.163.10 - - [12/May/2026:15:39:44 +0700] "GET /login HTTP/1.1" 200 43699 "-" "python-requests/2.28.0" "-"
52.167.144.16 - - [12/May/2026:15:41:15 +0700] "POST /api/orders HTTP/1.1" 200 223 "-" "Googlebot/2.1 (+http://www.google.com/bot.html)" "-"
192.168.1.10 - - [12/May/2026:15:41:17 +0700] "DELETE /wp-admin HTTP/1.1" 200 18382 "-" "Mozilla/5.0 (Windows NT 10.0; Win64; x64) AppleWebKit/537.36 Chrome/120.0.0.0 Safari/537.36" "-"
185.220.101.45 - - [12/May/2026:15:41:31 +0700] "PUT /api/orders HTTP/1.1" 200 24037 "-" "Mozilla/5.0 (Windows NT 10.0; Win64; x64) AppleWebKit/537.36 Chrome/120.0.0.0 Safari/537.36" "-"
185.220.101.45 - - [12/May/2026:15:41:35 +0700] "DELETE /nonexistent-page HTTP/1.1" 301 209 "-" "Mozilla/5.0 (Macintosh; Intel Mac OS X 10_15_7) AppleWebKit/537.36 Safari/537.36" "-"
91.108.4.100 - - [12/May/2026:15:41:36 +0700] "GET /.env HTTP/1.1" 200 15713 "-" "Mozilla/5.0 (X11; Linux x86_64) AppleWebKit/537.36 Chrome/119.0.0.0 Safari/537.36" "-"
203.0.113.42 - - [12/May/2026:15:41:41 +0700] "POST /login HTTP/1.1" 200 9483 "-" "Mozilla/5.0 (Macintosh; Intel Mac OS X 10_15_7) AppleWebKit/537.36 Safari/537.36" "-"
203.0.113.42 - - [12/May/2026:15:42:43 +0700] "PUT /admin HTTP/1.1" 302 367 "-" "Mozilla/5.0 (Windows NT 10.0; Win64; x64) AppleWebKit/537.36 Chrome/120.0.0.0 Safari/537.36" "-"
91.108.4.100 - - [12/May/2026:15:43:10 +0700] "DELETE /logout HTTP/1.1" 200 39481 "-" "python-requests/2.28.0" "-"
52.167.144.16 - - [12/May/2026:15:43:14 +0700] "POST /static/js/app.js HTTP/1.1" 302 319 "-" "curl/7.68.0" "-"
203.0.113.42 - - [12/May/2026:15:43:18 +0700] "GET /logout HTTP/1.1" 200 16147 "-" "Googlebot/2.1 (+http://www.google.com/bot.html)" "-"
103.72.98.10 - - [12/May/2026:15:43:40 +0700] "POST /admin HTTP/1.1" 200 6031 "-" "Googlebot/2.1 (+http://www.google.com/bot.html)" "-"
192.168.1.10 - - [12/May/2026:15:43:44 +0700] "PUT /admin HTTP/1.1" 200 49077 "-" "Mozilla/5.0 (X11; Linux x86_64) AppleWebKit/537.36 Chrome/119.0.0.0 Safari/537.36" "-"
45.148.10.231 - - [12/May/2026:15:43:45 +0700] "DELETE /admin HTTP/1.1" 200 33247 "-" "Mozilla/5.0 (Windows NT 10.0; Win64; x64) AppleWebKit/537.36 Chrome/120.0.0.0 Safari/537.36" "-"
45.148.10.231 - - [12/May/2026:15:43:47 +0700] "POST /about HTTP/1.1" 302 497 "-" "Mozilla/5.0 (X11; Linux x86_64) AppleWebKit/537.36 Chrome/119.0.0.0 Safari/537.36" "-"
203.0.113.42 - - [12/May/2026:15:43:47 +0700] "DELETE /admin/users HTTP/1.1" 304 98 "-" "python-requests/2.28.0" "-"
203.0.113.42 - - [12/May/2026:15:43:53 +0700] "POST /api/v1/health HTTP/1.1" 200 48472 "-" "Mozilla/5.0 (Macintosh; Intel Mac OS X 10_15_7) AppleWebKit/537.36 Safari/537.36" "-"
45.148.10.231 - - [12/May/2026:15:43:59 +0700] "GET /admin HTTP/1.1" 200 21899 "-" "Mozilla/5.0 (Macintosh; Intel Mac OS X 10_15_7) AppleWebKit/537.36 Safari/537.36" "-"
103.72.98.10 - - [12/May/2026:15:44:10 +0700] "GET /nonexistent-page HTTP/1.1" 301 182 "-" "Mozilla/5.0 (X11; Linux x86_64) AppleWebKit/537.36 Chrome/119.0.0.0 Safari/537.36" "-"
91.108.4.100 - - [12/May/2026:15:44:48 +0700] "GET /admin/users HTTP/1.1" 200 44121 "-" "Mozilla/5.0 (X11; Linux x86_64) AppleWebKit/537.36 Chrome/119.0.0.0 Safari/537.36" "-"
45.148.10.231 - - [12/May/2026:15:45:12 +0700] "PUT /wp-admin HTTP/1.1" 304 259 "-" "Mozilla/5.0 (X11; Linux x86_64) AppleWebKit/537.36 Chrome/119.0.0.0 Safari/537.36" "-"
34.89.120.5 - - [12/May/2026:15:46:18 +0700] "PUT /logout HTTP/1.1" 200 289 "-" "Mozilla/5.0 (Macintosh; Intel Mac OS X 10_15_7) AppleWebKit/537.36 Safari/537.36" "-"
45.148.10.231 - - [12/May/2026:15:46:34 +0700] "GET /wp-admin HTTP/1.1" 200 37548 "-" "Mozilla/5.0 (Windows NT 10.0; Win64; x64) AppleWebKit/537.36 Chrome/120.0.0.0 Safari/537.36" "-"
185.220.101.45 - - [12/May/2026:15:46:47 +0700] "DELETE /contact HTTP/1.1" 200 30410 "-" "Mozilla/5.0 (X11; Linux x86_64) AppleWebKit/537.36 Chrome/119.0.0.0 Safari/537.36" "-"
103.72.98.10 - - [12/May/2026:15:46:56 +0700] "GET /api/v1/health HTTP/1.1" 200 33460 "-" "python-requests/2.28.0" "-"
185.220.101.45 - - [12/May/2026:15:47:20 +0700] "GET /nonexistent-page HTTP/1.1" 301 59 "-" "Googlebot/2.1 (+http://www.google.com/bot.html)" "-"
203.0.113.42 - - [12/May/2026:15:48:34 +0700] "POST /about HTTP/1.1" 200 40808 "-" "curl/7.68.0" "-"
178.128.45.67 - - [12/May/2026:15:48:49 +0700] "DELETE /logout HTTP/1.1" 304 203 "-" "python-requests/2.28.0" "-"
91.108.4.100 - - [12/May/2026:15:48:54 +0700] "POST /api/orders HTTP/1.1" 302 213 "-" "curl/7.68.0" "-"
103.72.98.10 - - [12/May/2026:15:49:02 +0700] "GET /static/js/app.js HTTP/1.1" 404 291 "-" "curl/7.68.0" "-"
103.56.163.10 - - [12/May/2026:15:49:30 +0700] "DELETE /api/products HTTP/1.1" 200 18170 "-" "Mozilla/5.0 (Macintosh; Intel Mac OS X 10_15_7) AppleWebKit/537.36 Safari/537.36" "-"
34.89.120.5 - - [12/May/2026:15:50:26 +0700] "GET / HTTP/1.1" 200 35608 "-" "python-requests/2.28.0" "-"
185.220.101.45 - - [12/May/2026:15:50:32 +0700] "POST /about HTTP/1.1" 200 24792 "-" "Mozilla/5.0 (X11; Linux x86_64) AppleWebKit/537.36 Chrome/119.0.0.0 Safari/537.36" "-"
52.167.144.16 - - [12/May/2026:15:50:38 +0700] "GET /logout HTTP/1.1" 200 31864 "-" "curl/7.68.0" "-"
91.108.4.100 - - [12/May/2026:15:51:23 +0700] "PUT /api/users HTTP/1.1" 200 136 "-" "Mozilla/5.0 (X11; Linux x86_64) AppleWebKit/537.36 Chrome/119.0.0.0 Safari/537.36" "-"
34.89.120.5 - - [12/May/2026:15:51:35 +0700] "GET /contact HTTP/1.1" 304 428 "-" "curl/7.68.0" "-"
45.148.10.231 - - [12/May/2026:15:51:35 +0700] "POST /about HTTP/1.1" 200 3918 "-" "Googlebot/2.1 (+http://www.google.com/bot.html)" "-"
52.167.144.16 - - [12/May/2026:15:51:48 +0700] "PUT /login HTTP/1.1" 200 18134 "-" "curl/7.68.0" "-"
103.56.163.10 - - [12/May/2026:15:52:33 +0700] "PUT /static/js/app.js HTTP/1.1" 301 195 "-" "Mozilla/5.0 (Macintosh; Intel Mac OS X 10_15_7) AppleWebKit/537.36 Safari/537.36" "-"
185.220.101.45 - - [12/May/2026:15:52:44 +0700] "POST /api/users HTTP/1.1" 200 46509 "-" "Mozilla/5.0 (Windows NT 10.0; Win64; x64) AppleWebKit/537.36 Chrome/120.0.0.0 Safari/537.36" "-"
34.89.120.5 - - [12/May/2026:15:52:49 +0700] "POST / HTTP/1.1" 200 27870 "-" "python-requests/2.28.0" "-"
34.89.120.5 - - [12/May/2026:15:52:52 +0700] "POST /api/orders HTTP/1.1" 302 439 "-" "Mozilla/5.0 (X11; Linux x86_64) AppleWebKit/537.36 Chrome/119.0.0.0 Safari/537.36" "-"
45.148.10.231 - - [12/May/2026:15:52:54 +0700] "PUT /api/v1/health HTTP/1.1" 200 39102 "-" "Googlebot/2.1 (+http://www.google.com/bot.html)" "-"
52.167.144.16 - - [12/May/2026:15:53:41 +0700] "POST /static/css/main.css HTTP/1.1" 304 464 "-" "Googlebot/2.1 (+http://www.google.com/bot.html)" "-"
192.168.1.10 - - [12/May/2026:15:53:43 +0700] "PUT /nonexistent-page HTTP/1.1" 200 10677 "-" "python-requests/2.28.0" "-"
34.89.120.5 - - [12/May/2026:15:53:45 +0700] "DELETE /favicon.ico HTTP/1.1" 200 16188 "-" "Googlebot/2.1 (+http://www.google.com/bot.html)" "-"
178.128.45.67 - - [12/May/2026:15:54:05 +0700] "GET /logout HTTP/1.1" 200 6502 "-" "curl/7.68.0" "-"
103.72.98.10 - - [12/May/2026:15:54:26 +0700] "GET /favicon.ico HTTP/1.1" 200 10921 "-" "Mozilla/5.0 (X11; Linux x86_64) AppleWebKit/537.36 Chrome/119.0.0.0 Safari/537.36" "-"
103.72.98.10 - - [12/May/2026:15:54:43 +0700] "DELETE /about HTTP/1.1" 200 38456 "-" "Mozilla/5.0 (X11; Linux x86_64) AppleWebKit/537.36 Chrome/119.0.0.0 Safari/537.36" "-"
103.56.163.10 - - [12/May/2026:15:54:52 +0700] "GET /nonexistent-page HTTP/1.1" 200 42675 "-" "Mozilla/5.0 (Windows NT 10.0; Win64; x64) AppleWebKit/537.36 Chrome/120.0.0.0 Safari/537.36" "-"
34.89.120.5 - - [12/May/2026:15:55:42 +0700] "PUT /favicon.ico HTTP/1.1" 200 37616 "-" "Googlebot/2.1 (+http://www.google.com/bot.html)" "-"
34.89.120.5 - - [12/May/2026:15:56:10 +0700] "POST /old-page HTTP/1.1" 200 24681 "-" "Mozilla/5.0 (Windows NT 10.0; Win64; x64) AppleWebKit/537.36 Chrome/120.0.0.0 Safari/537.36" "-"
34.89.120.5 - - [12/May/2026:15:56:37 +0700] "DELETE /admin HTTP/1.1" 200 28692 "-" "Mozilla/5.0 (Macintosh; Intel Mac OS X 10_15_7) AppleWebKit/537.36 Safari/537.36" "-"
52.167.144.16 - - [12/May/2026:15:56:44 +0700] "POST /contact HTTP/1.1" 404 66 "-" "Mozilla/5.0 (X11; Linux x86_64) AppleWebKit/537.36 Chrome/119.0.0.0 Safari/537.36" "-"
45.148.10.231 - - [12/May/2026:15:56:49 +0700] "GET /api/orders HTTP/1.1" 304 322 "-" "Googlebot/2.1 (+http://www.google.com/bot.html)" "-"
91.108.4.100 - - [12/May/2026:15:57:06 +0700] "PUT /login HTTP/1.1" 200 36562 "-" "curl/7.68.0" "-"
185.220.101.45 - - [12/May/2026:15:57:16 +0700] "PUT /dashboard HTTP/1.1" 200 22859 "-" "Googlebot/2.1 (+http://www.google.com/bot.html)" "-"
185.220.101.45 - - [12/May/2026:15:58:16 +0700] "DELETE /about HTTP/1.1" 200 49354 "-" "Mozilla/5.0 (Macintosh; Intel Mac OS X 10_15_7) AppleWebKit/537.36 Safari/537.36" "-"
91.108.4.100 - - [12/May/2026:15:58:52 +0700] "PUT /favicon.ico HTTP/1.1" 200 26040 "-" "Mozilla/5.0 (Macintosh; Intel Mac OS X 10_15_7) AppleWebKit/537.36 Safari/537.36" "-"
185.220.101.45 - - [12/May/2026:15:59:20 +0700] "PUT /login HTTP/1.1" 200 6544 "-" "Mozilla/5.0 (Windows NT 10.0; Win64; x64) AppleWebKit/537.36 Chrome/120.0.0.0 Safari/537.36" "-"
185.220.101.45 - - [12/May/2026:15:59:31 +0700] "GET /.env HTTP/1.1" 200 45266 "-" "Mozilla/5.0 (Windows NT 10.0; Win64; x64) AppleWebKit/537.36 Chrome/120.0.0.0 Safari/537.36" "-"
178.128.45.67 - - [12/May/2026:15:59:46 +0700] "DELETE /static/css/main.css HTTP/1.1" 404 44 "-" "Mozilla/5.0 (X11; Linux x86_64) AppleWebKit/537.36 Chrome/119.0.0.0 Safari/537.36" "-"
52.167.144.16 - - [12/May/2026:16:00:00 +0700] "DELETE / HTTP/1.1" 200 3381 "-" "python-requests/2.28.0" "-"
103.56.163.10 - - [12/May/2026:16:00:40 +0700] "DELETE /api/v1/health HTTP/1.1" 301 416 "-" "Mozilla/5.0 (Macintosh; Intel Mac OS X 10_15_7) AppleWebKit/537.36 Safari/537.36" "-"
185.220.101.45 - - [12/May/2026:16:00:51 +0700] "GET /api/users HTTP/1.1" 200 28131 "-" "Googlebot/2.1 (+http://www.google.com/bot.html)" "-"
103.56.163.10 - - [12/May/2026:16:00:57 +0700] "PUT /static/css/main.css HTTP/1.1" 200 7228 "-" "curl/7.68.0" "-"
192.168.1.10 - - [12/May/2026:16:01:05 +0700] "DELETE / HTTP/1.1" 200 49426 "-" "python-requests/2.28.0" "-"
52.167.144.16 - - [12/May/2026:16:01:11 +0700] "POST /api/users HTTP/1.1" 404 173 "-" "python-requests/2.28.0" "-"
45.148.10.231 - - [12/May/2026:16:01:30 +0700] "POST /favicon.ico HTTP/1.1" 200 34760 "-" "python-requests/2.28.0" "-"
178.128.45.67 - - [12/May/2026:16:01:50 +0700] "PUT /api/orders HTTP/1.1" 200 49744 "-" "curl/7.68.0" "-"
52.167.144.16 - - [12/May/2026:16:02:08 +0700] "DELETE /admin HTTP/1.1" 301 372 "-" "Mozilla/5.0 (Windows NT 10.0; Win64; x64) AppleWebKit/537.36 Chrome/120.0.0.0 Safari/537.36" "-"
103.72.98.10 - - [12/May/2026:16:02:45 +0700] "PUT /about HTTP/1.1" 301 115 "-" "Googlebot/2.1 (+http://www.google.com/bot.html)" "-"
103.72.98.10 - - [12/May/2026:16:02:57 +0700] "PUT /contact HTTP/1.1" 200 38394 "-" "Mozilla/5.0 (X11; Linux x86_64) AppleWebKit/537.36 Chrome/119.0.0.0 Safari/537.36" "-"
91.108.4.100 - - [12/May/2026:16:03:05 +0700] "POST /contact HTTP/1.1" 200 11861 "-" "Mozilla/5.0 (Windows NT 10.0; Win64; x64) AppleWebKit/537.36 Chrome/120.0.0.0 Safari/537.36" "-"
203.0.113.42 - - [12/May/2026:16:03:20 +0700] "PUT /static/css/main.css HTTP/1.1" 200 8230 "-" "Mozilla/5.0 (Macintosh; Intel Mac OS X 10_15_7) AppleWebKit/537.36 Safari/537.36" "-"
34.89.120.5 - - [12/May/2026:16:03:30 +0700] "PUT /about HTTP/1.1" 200 25407 "-" "Googlebot/2.1 (+http://www.google.com/bot.html)" "-"
103.72.98.10 - - [12/May/2026:16:03:47 +0700] "PUT /static/js/app.js HTTP/1.1" 200 1276 "-" "curl/7.68.0" "-"
185.220.101.45 - - [12/May/2026:16:03:52 +0700] "GET /index.html HTTP/1.1" 200 42352 "-" "Googlebot/2.1 (+http://www.google.com/bot.html)" "-"
185.220.101.45 - - [12/May/2026:16:03:58 +0700] "PUT /login HTTP/1.1" 200 206 "-" "Mozilla/5.0 (Windows NT 10.0; Win64; x64) AppleWebKit/537.36 Chrome/120.0.0.0 Safari/537.36" "-"
185.220.101.45 - - [12/May/2026:16:04:08 +0700] "GET /login HTTP/1.1" 200 26097 "-" "Mozilla/5.0 (Macintosh; Intel Mac OS X 10_15_7) AppleWebKit/537.36 Safari/537.36" "-"
178.128.45.67 - - [12/May/2026:16:04:23 +0700] "GET /nonexistent-page HTTP/1.1" 301 457 "-" "Mozilla/5.0 (X11; Linux x86_64) AppleWebKit/537.36 Chrome/119.0.0.0 Safari/537.36" "-"
203.0.113.42 - - [12/May/2026:16:04:23 +0700] "GET /api/products HTTP/1.1" 200 12635 "-" "python-requests/2.28.0" "-"
185.220.101.45 - - [12/May/2026:16:04:30 +0700] "PUT /favicon.ico HTTP/1.1" 304 181 "-" "python-requests/2.28.0" "-"
178.128.45.67 - - [12/May/2026:16:04:31 +0700] "DELETE /favicon.ico HTTP/1.1" 304 5 "-" "Mozilla/5.0 (Macintosh; Intel Mac OS X 10_15_7) AppleWebKit/537.36 Safari/537.36" "-"
91.108.4.100 - - [12/May/2026:16:04:53 +0700] "GET / HTTP/1.1" 499 202 "-" "Mozilla/5.0 (X11; Linux x86_64) AppleWebKit/537.36 Chrome/119.0.0.0 Safari/537.36" "-"
178.128.45.67 - - [12/May/2026:16:04:55 +0700] "DELETE /contact HTTP/1.1" 200 27620 "-" "python-requests/2.28.0" "-"
52.167.144.16 - - [12/May/2026:16:05:06 +0700] "GET /api/v1/health HTTP/1.1" 200 17737 "-" "python-requests/2.28.0" "-"
185.220.101.45 - - [12/May/2026:16:05:08 +0700] "DELETE /wp-admin HTTP/1.1" 200 26856 "-" "Mozilla/5.0 (Windows NT 10.0; Win64; x64) AppleWebKit/537.36 Chrome/120.0.0.0 Safari/537.36" "-"
192.168.1.10 - - [12/May/2026:16:05:09 +0700] "GET /admin HTTP/1.1" 200 16827 "-" "Mozilla/5.0 (Windows NT 10.0; Win64; x64) AppleWebKit/537.36 Chrome/120.0.0.0 Safari/537.36" "-"
103.56.163.10 - - [12/May/2026:16:05:12 +0700] "PUT /contact HTTP/1.1" 200 33642 "-" "Mozilla/5.0 (X11; Linux x86_64) AppleWebKit/537.36 Chrome/119.0.0.0 Safari/537.36" "-"
103.72.98.10 - - [12/May/2026:16:05:27 +0700] "POST /login HTTP/1.1" 200 26016 "-" "Mozilla/5.0 (X11; Linux x86_64) AppleWebKit/537.36 Chrome/119.0.0.0 Safari/537.36" "-"
185.220.101.45 - - [12/May/2026:16:05:51 +0700] "POST /admin/users HTTP/1.1" 200 25021 "-" "Mozilla/5.0 (Macintosh; Intel Mac OS X 10_15_7) AppleWebKit/537.36 Safari/537.36" "-"
34.89.120.5 - - [12/May/2026:16:06:33 +0700] "PUT /nonexistent-page HTTP/1.1" 200 13872 "-" "Googlebot/2.1 (+http://www.google.com/bot.html)" "-"
45.148.10.231 - - [12/May/2026:16:06:58 +0700] "POST / HTTP/1.1" 200 38525 "-" "Googlebot/2.1 (+http://www.google.com/bot.html)" "-"
103.72.98.10 - - [12/May/2026:16:07:05 +0700] "POST /api/users HTTP/1.1" 404 375 "-" "Googlebot/2.1 (+http://www.google.com/bot.html)" "-"
185.220.101.45 - - [12/May/2026:16:07:07 +0700] "GET /index.html HTTP/1.1" 200 10790 "-" "Mozilla/5.0 (X11; Linux x86_64) AppleWebKit/537.36 Chrome/119.0.0.0 Safari/537.36" "-"
203.0.113.42 - - [12/May/2026:16:07:07 +0700] "PUT /admin/users HTTP/1.1" 302 395 "-" "python-requests/2.28.0" "-"
45.148.10.231 - - [12/May/2026:16:07:33 +0700] "PUT /.env HTTP/1.1" 200 21916 "-" "curl/7.68.0" "-"
185.220.101.45 - - [12/May/2026:16:08:08 +0700] "PUT / HTTP/1.1" 200 35397 "-" "Googlebot/2.1 (+http://www.google.com/bot.html)" "-"
203.0.113.42 - - [12/May/2026:16:08:21 +0700] "GET /about HTTP/1.1" 200 36807 "-" "curl/7.68.0" "-"
45.148.10.231 - - [12/May/2026:16:09:00 +0700] "POST /login HTTP/1.1" 200 39141 "-" "Googlebot/2.1 (+http://www.google.com/bot.html)" "-"
185.220.101.45 - - [12/May/2026:16:09:12 +0700] "DELETE /api/v1/health HTTP/1.1" 200 9964 "-" "Mozilla/5.0 (Windows NT 10.0; Win64; x64) AppleWebKit/537.36 Chrome/120.0.0.0 Safari/537.36" "-"
