185.220.101.45 - - [12/May/2026:03:17:14 +0700] "DELETE /favicon.ico HTTP/1.1" 200 42980 "-" "Mozilla/5.0 (Macintosh; Intel Mac OS X 10_15_7) AppleWebKit/537.36 Safari/537.36" "-"
52.167.144.16 - - [12/May/2026:03:17:19 +0700] "DELETE /favicon.ico HTTP/1.1" 200 37558 "-" "curl/7.68.0" "-"
192.168.1.10 - - [12/May/2026:03:17:26 +0700] "POST /dashboard HTTP/1.1" 200 4724 "-" "Mozilla/5.0 (X11; Linux x86_64) AppleWebKit/537.36 Chrome/119.0.0.0 Safari/537.36" "-"
203.0.113.42 - - [12/May/2026:03:17:32 +0700] "POST /admin/users HTTP/1.1" 404 343 "-" "Mozilla/5.0 (Windows NT 10.0; Win64; x64) AppleWebKit/537.36 Chrome/120.0.0.0 Safari/537.36" "-"
192.168.1.10 - - [12/May/2026:03:17:45 +0700] "POST /login HTTP/1.1" 500 350 "-" "Mozilla/5.0 (Macintosh; Intel Mac OS X 10_15_7) AppleWebKit/537.36 Safari/537.36" "-"
34.89.120.5 - - [12/May/2026:03:17:56 +0700] "GET /wp-admin HTTP/1.1" 200 17312 "-" "Googlebot/2.1 (+http://www.google.com/bot.html)" "-"
178.128.45.67 - - [12/May/2026:03:18:04 +0700] "POST /admin/users HTTP/1.1" 500 99 "-" "Googlebot/2.1 (+http://www.google.com/bot.html)" "-"
45.148.10.231 - - [12/May/2026:03:18:25 +0700] "DELETE /static/js/app.js HTTP/1.1" 304 102 "-" "curl/7.68.0" "-"
103.56.163.10 - - [12/May/2026:03:18:49 +0700] "GET /old-page HTTP/1.1" 200 14013 "-" "Mozilla/5.0 (Windows NT 10.0; Win64; x64) AppleWebKit/537.36 Chrome/120.0.0.0 Safari/537.36" "-"
103.56.163.10 - - [12/May/2026:03:18:51 +0700] "DELETE /nonexistent-page HTTP/1.1" 200 41664 "-" "Mozilla/5.0 (Macintosh; Intel Mac OS X 10_15_7) AppleWebKit/537.36 Safari/537.36" "-"
178.128.45.67 - - [12/May/2026:03:19:00 +0700] "GET /about HTTP/1.1" 200 16964 "-" "curl/7.68.0" "-"
103.72.98.10 - - [12/May/2026:03:19:13 +0700] "PUT /login HTTP/1.1" 200 32046 "-" "Mozilla/5.0 (Macintosh; Intel Mac OS X 10_15_7) AppleWebKit/537.36 Safari/537.36" "-"
103.56.163.10 - - [12/May/2026:03:19:19 +0700] "PUT /api/users HTTP/1.1" 200 30216 "-" "curl/7.68.0" "-"
178.128.45.67 - - [12/May/2026:03:19:27 +0700] "PUT /old-page HTTP/1.1" 200 27109 "-" "Mozilla/5.0 (X11; Linux x86_64) AppleWebKit/537.36 Chrome/119.0.0.0 Safari/537.36" "-"
103.56.163.10 - - [12/May/2026:03:19:28 +0700] "DELETE /favicon.ico HTTP/1.1" 200 6363 "-" "Googlebot/2.1 (+http://www.google.com/bot.html)" "-"
52.167.144.16 - - [12/May/2026:03:19:39 +0700] "PUT /index.html HTTP/1.1" 200 42652 "-" "Mozilla/5.0 (X11; Linux x86_64) AppleWebKit/537.36 Chrome/119.0.0.0 Safari/537.36" "-"
34.89.120.5 - - [12/May/2026:03:20:36 +0700] "GET /api/users HTTP/1.1" 200 10951 "-" "Mozilla/5.0 (X11; Linux x86_64) AppleWebKit/537.36 Chrome/119.0.0.0 Safari/537.36" "-"
103.72.98.10 - - [12/May/2026:03:20:43 +0700] "DELETE /.env HTTP/1.1" 301 160 "-" "python-requests/2.28.0" "-"
185.220.101.45 - - [12/May/2026:03:20:53 +0700] "DELETE / HTTP/1.1" 200 27328 "-" "python-requests/2.28.0" "-"
185.220.101.45 - - [12/May/2026:03:21:42 +0700] "POST /favicon.ico HTTP/1.1" 200 6663 "-" "curl/7.68.0" "-"
185.220.101.45 - - [12/May/2026:03:22:09 +0700] "DELETE /api/v1/health HTTP/1.1" 200 38909 "-" "curl/7.68.0" "-"
52.167.144.16 - - [12/May/2026:03:22:20 +0700] "DELETE /favicon.ico HTTP/1.1" 200 33443 "-" "Googlebot/2.1 (+http://www.google.com/bot.html)" "-"
52.167.144.16 - - [12/May/2026:03:22:54 +0700] "PUT /static/js/app.js HTTP/1.1" 200 1588 "-" "python-requests/2.28.0" "-"
192.168.1.10 - - [12/May/2026:03:23:07 +0700] "GET /wp-admin HTTP/1.1" 200 10672 "-" "Mozilla/5.0 (Macintosh; Intel Mac OS X 10_15_7) AppleWebKit/537.36 Safari/537.36" "-"
203.0.113.42 - - [12/May/2026:03:23:22 +0700] "POST /api/orders HTTP/1.1" 200 6945 "-" "curl/7.68.0" "-"
52.167.144.16 - - [12/May/2026:03:23:47 +0700] "PUT /contact HTTP/1.1" 200 38856 "-" "Mozilla/5.0 (X11; Linux x86_64) AppleWebKit/537.36 Chrome/119.0.0.0 Safari/537.36" "-"
103.72.98.10 - - [12/May/2026:03:24:55 +0700] "GET /admin HTTP/1.1" 200 46228 "-" "curl/7.68.0" "-"
91.108.4.100 - - [12/May/2026:03:24:57 +0700] "GET /api/products HTTP/1.1" 500 287 "-" "python-requests/2.28.0" "-"
103.72.98.10 - - [12/May/2026:03:25:13 +0700] "PUT /contact HTTP/1.1" 200 36501 "-" "Mozilla/5.0 (Windows NT 10.0; Win64; x64) AppleWebKit/537.36 Chrome/120.0.0.0 Safari/537.36" "-"
45.148.10.231 - - [12/May/2026:03:25:18 +0700] "DELETE /api/v1/health HTTP/1.1" 301 9 "-" "Mozilla/5.0 (X11; Linux x86_64) AppleWebKit/537.36 Chrome/119.0.0.0 Safari/537.36" "-"
203.0.113.42 - - [12/May/2026:03:25:25 +0700] "DELETE /admin/users HTTP/1.1" 200 42376 "-" "curl/7.68.0" "-"
52.167.144.16 - - [12/May/2026:03:25:41 +0700] "DELETE /static/js/app.js HTTP/1.1" 200 19062 "-" "Mozilla/5.0 (Windows NT 10.0; Win64; x64) AppleWebKit/537.36 Chrome/120.0.0.0 Safari/537.36" "-"
178.128.45.67 - - [12/May/2026:03:25:41 +0700] "PUT /old-page HTTP/1.1" 200 8376 "-" "Mozilla/5.0 (X11; Linux x86_64) AppleWebKit/537.36 Chrome/119.0.0.0 Safari/537.36" "-"
103.56.163.10 - - [12/May/2026:03:25:45 +0700] "POST /favicon.ico HTTP/1.1" 200 17099 "-" "Mozilla/5.0 (X11; Linux x86_64) AppleWebKit/537.36 Chrome/119.0.0.0 Safari/537.36" "-"
185.220.101.45 - - [12/May/2026:03:27:00 +0700] "POST /about HTTP/1.1" 404 483 "-" "curl/7.68.0" "-"
178.128.45.67 - - [12/May/2026:03:27:07 +0700] "POST /logout HTTP/1.1" 301 408 "-" "Mozilla/5.0 (Macintosh; Intel Mac OS X 10_15_7) AppleWebKit/537.36 Safari/537.36" "-"
45.148.10.231 - - [12/May/2026:03:27:12 +0700] "DELETE /wp-admin HTTP/1.1" 200 36572 "-" "Mozilla/5.0 (Macintosh; Intel Mac OS X 10_15_7) AppleWebKit/537.36 Safari/537.36" "-"
103.56.163.10 - - [12/May/2026:03:27:15 +0700] "DELETE /admin/users HTTP/1.1" 404 380 "-" "Mozilla/5.0 (X11; Linux x86_64) AppleWebKit/537.36 Chrome/119.0.0.0 Safari/537.36" "-"
91.108.4.100 - - [12/May/2026:03:27:16 +0700] "POST /api/users HTTP/1.1" 200 28363 "-" "Mozilla/5.0 (Windows NT 10.0; Win64; x64) AppleWebKit/537.36 Chrome/120.0.0.0 Safari/537.36" "-"
185.220.101.45 - - [12/May/2026:03:27:30 +0700] "POST /api/users HTTP/1.1" 200 9851 "-" "curl/7.68.0" "-"
203.0.113.42 - - [12/May/2026:03:27:46 +0700] "DELETE /api/products HTTP/1.1" 200 21709 "-" "Mozilla/5.0 (Macintosh; Intel Mac OS X 10_15_7) AppleWebKit/537.36 Safari/537.36" "-"
103.56.163.10 - - [12/May/2026:03:28:11 +0700] "PUT /api/users HTTP/1.1" 200 28046 "-" "Mozilla/5.0 (X11; Linux x86_64) AppleWebKit/537.36 Chrome/119.0.0.0 Safari/537.36" "-"
103.56.163.10 - - [12/May/2026:03:28:21 +0700] "PUT /api/v1/health HTTP/1.1" 304 305 "-" "Mozilla/5.0 (Windows NT 10.0; Win64; x64) AppleWebKit/537.36 Chrome/120.0.0.0 Safari/537.36" "-"
52.167.144.16 - - [12/May/2026:03:28:35 +0700] "PUT /static/js/app.js HTTP/1.1" 200 13004 "-" "python-requests/2.28.0" "-"
203.0.113.42 - - [12/May/2026:03:29:03 +0700] "PUT /admin/users HTTP/1.1" 200 10833 "-" "Mozilla/5.0 (Macintosh; Intel Mac OS X 10_15_7) AppleWebKit/537.36 Safari/537.36" "-"
34.89.120.5 - - [12/May/2026:03:29:14 +0700] "GET /wp-admin HTTP/1.1" 404 218 "-" "python-requests/2.28.0" "-"
185.220.101.45 - - [12/May/2026:03:29:16 +0700] "POST /static/css/main.css HTTP/1.1" 200 18273 "-" "Mozilla/5.0 (Macintosh; Intel Mac OS X 10_15_7) AppleWebKit/537.36 Safari/537.36" "-"
34.89.120.5 - - [12/May/2026:03:29:47 +0700] "DELETE /contact HTTP/1.1" 200 28831 "-" "Mozilla/5.0 (X11; Linux x86_64) AppleWebKit/537.36 Chrome/119.0.0.0 Safari/537.36" "-"
178.128.45.67 - - [12/May/2026:03:29:59 +0700] "PUT /.env HTTP/1.1" 200 49061 "-" "Mozilla/5.0 (Windows NT 10.0; Win64; x64) AppleWebKit/537.36 Chrome/120.0.0.0 Safari/537.36" "-"
52.167.144.16 - - [12/May/2026:03:30:06 +0700] "POST /api/users HTTP/1.1" 200 7487 "-" "curl/7.68.0" "-"
185.220.101.45 - - [12/May/2026:03:30:27 +0700] "POST / HTTP/1.1" 200 29630 "-" "Googlebot/2.1 (+http://www.google.com/bot.html)" "-"
185.220.101.45 - - [12/May/2026:03:30:31 +0700] "POST /static/js/app.js HTTP/1.1" 404 232 "-" "Mozilla/5.0 (Windows NT 10.0; Win64; x64) AppleWebKit/537.36 Chrome/120.0.0.0 Safari/537.36" "-"
185.220.101.45 - - [12/May/2026:03:30:41 +0700] "POST /logout HTTP/1.1" 200 10467 "-" "python-requests/2.28.0" "-"
203.0.113.42 - - [12/May/2026:03:31:03 +0700] "POST /.env HTTP/1.1" 304 388 "-" "Googlebot/2.1 (+http://www.google.com/bot.html)" "-"
52.167.144.16 - - [12/May/2026:03:31:26 +0700] "GET /api/v1/health HTTP/1.1" 200 17919 "-" "Mozilla/5.0 (X11; Linux x86_64) AppleWebKit/537.36 Chrome/119.0.0.0 Safari/537.36" "-"
185.220.101.45 - - [12/May/2026:03:31:26 +0700] "DELETE /api/v1/health HTTP/1.1" 200 16685 "-" "Googlebot/2.1 (+http://www.google.com/bot.html)" "-"
103.56.163.10 - - [12/May/2026:03:31:29 +0700] "PUT /wp-admin HTTP/1.1" 200 3791 "-" "Mozilla/5.0 (Windows NT 10.0; Win64; x64) AppleWebKit/537.36 Chrome/120.0.0.0 Safari/537.36" "-"
203.0.113.42 - - [12/May/2026:03:31:37 +0700] "POST /admin/users HTTP/1.1" 200 38729 "-" "Mozilla/5.0 (Windows NT 10.0; Win64; x64) AppleWebKit/537.36 Chrome/120.0.0.0 Safari/537.36" "-"
178.128.45.67 - - [12/May/2026:03:31:41 +0700] "POST / HTTP/1.1" 301 44 "-" "curl/7.68.0" "-"
185.220.101.45 - - [12/May/2026:03:31:43 +0700] "POST /login HTTP/1.1" 200 10383 "-" "Googlebot/2.1 (+http://www.google.com/bot.html)" "-"
52.167.144.16 - - [12/May/2026:03:31:49 +0700] "GET /api/orders HTTP/1.1" 404 434 "-" "python-requests/2.28.0" "-"
185.220.101.45 - - [12/May/2026:03:31:50 +0700] "GET /dashboard HTTP/1.1" 304 491 "-" "Mozilla/5.0 (X11; Linux x86_64) AppleWebKit/537.36 Chrome/119.0.0.0 Safari/537.36" "-"
185.220.101.45 - - [12/May/2026:03:32:11 +0700] "DELETE /wp-admin HTTP/1.1" 200 4972 "-" "Mozilla/5.0 (X11; Linux x86_64) AppleWebKit/537.36 Chrome/119.0.0.0 Safari/537.36" "-"
45.148.10.231 - - [12/May/2026:03:32:44 +0700] "GET /old-page HTTP/1.1" 200 20351 "-" "Mozilla/5.0 (Windows NT 10.0; Win64; x64) AppleWebKit/537.36 Chrome/120.0.0.0 Safari/537.36" "-"
91.108.4.100 - - [12/May/2026:03:32:50 +0700] "PUT /.env HTTP/1.1" 404 151 "-" "Mozilla/5.0 (Windows NT 10.0; Win64; x64) AppleWebKit/537.36 Chrome/120.0.0.0 Safari/537.36" "-"
185.220.101.45 - - [12/May/2026:03:33:01 +0700] "DELETE /logout HTTP/1.1" 200 37382 "-" "Mozilla/5.0 (Macintosh; Intel Mac OS X 10_15_7) AppleWebKit/537.36 Safari/537.36" "-"
192.168.1.10 - - [12/May/2026:03:33:35 +0700] "DELETE /static/js/app.js HTTP/1.1" 200 43563 "-" "Googlebot/2.1 (+http://www.google.com/bot.html)" "-"
178.128.45.67 - - [12/May/2026:03:34:05 +0700] "POST /api/orders HTTP/1.1" 200 8792 "-" "Mozilla/5.0 (X11; Linux x86_64) AppleWebKit/537.36 Chrome/119.0.0.0 Safari/537.36" "-"
185.220.101.45 - - [12/May/2026:03:35:23 +0700] "DELETE /api/orders HTTP/1.1" 200 30122 "-" "Mozilla/5.0 (X11; Linux x86_64) AppleWebKit/537.36 Chrome/119.0.0.0 Safari/537.36" "-"
52.167.144.16 - - [12/May/2026:03:35:56 +0700] "POST /dashboard HTTP/1.1" 200 48904 "-" "curl/7.68.0" "-"
178.128.45.67 - - [12/May/2026:03:36:32 +0700] "DELETE /nonexistent-page HTTP/1.1" 200 9531 "-" "python-requests/2.28.0" "-"
203.0.113.42 - - [12/May/2026:03:36:54 +0700] "GET /dashboard HTTP/1.1" 200 4753 "-" "Mozilla/5.0 (Windows NT 10.0; Win64; x64) AppleWebKit/537.36 Chrome/120.0.0.0 Safari/537.36" "-"
34.89.120.5 - - [12/May/2026:03:36:54 +0700] "DELETE /nonexistent-page HTTP/1.1" 200 36694 "-" "Mozilla/5.0 (X11; Linux x86_64) AppleWebKit/537.36 Chrome/119.0.0.0 Safari/537.36" "-"
192.168.1.10 - - [12/May/2026:03:37:00 +0700] "GET /login HTTP/1.1" 301 214 "-" "curl/7.68.0" "-"
34.89.120.5 - - [12/May/2026:03:37:05 +0700] "GET /static/css/main.css HTTP/1.1" 301 473 "-" "python-requests/2.28.0" "-"
192.168.1.10 - - [12/May/2026:03:38:04 +0700] "POST /static/css/main.css HTTP/1.1" 200 23006 "-" "curl/7.68.0" "-"
52.167.144.16 - - [12/May/2026:03:38:11 +0700] "GET /wp-admin HTTP/1.1" 200 48190 "-" "Mozilla/5.0 (Windows NT 10.0; Win64; x64) AppleWebKit/537.36 Chrome/120.0.0.0 Safari/537.36" "-"
91.108.4.100 - - [12/May/2026:03:38:35 +0700] "DELETE /api/users HTTP/1.1" 500 98 "-" "Googlebot/2.1 (+http://www.google.com/bot.html)" "-"
45.148.10.231 - - [12/May/2026:03:39:04 +0700] "POST /favicon.ico HTTP/1.1" 304 385 "-" "Mozilla/5.0 (Windows NT 10.0; Win64; x64) AppleWebKit/537.36 Chrome/120.0.0.0 Safari/537.36" "-"
178.128.45.67 - - [12/May/2026:03:39:13 +0700] "GET /dashboard HTTP/1.1" 200 20680 "-" "Mozilla/5.0 (X11; Linux x86_64) AppleWebKit/537.36 Chrome/119.0.0.0 Safari/537.36" "-"
45.148.10.231 - - [12/May/2026:03:39:58 +0700] "POST /about HTTP/1.1" 500 61 "-" "Mozilla/5.0 (X11; Linux x86_64) AppleWebKit/537.36 Chrome/119.0.0.0 Safari/537.36" "-"
45.148.10.231 - - [12/May/2026:03:40:25 +0700] "GET /about HTTP/1.1" 404 250 "-" "curl/7.68.0" "-"
185.220.101.45 - - [12/May/2026:03:40:32 +0700] "GET /admin/users HTTP/1.1" 200 31515 "-" "python-requests/2.28.0" "-"
52.167.144.16 - - [12/May/2026:03:40:35 +0700] "DELETE /nonexistent-page HTTP/1.1" 200 6123 "-" "python-requests/2.28.0" "-"
103.72.98.10 - - [12/May/2026:03:40:45 +0700] "PUT /contact HTTP/1.1" 200 5253 "-" "Googlebot/2.1 (+http://www.google.com/bot.html)" "-"
203.0.113.42 - - [12/May/2026:03:40:55 +0700] "PUT /api/v1/health HTTP/1.1" 304 102 "-" "curl/7.68.0" "-"
192.168.1.10 - - [12/May/2026:03:41:34 +0700] "POST /favicon.ico HTTP/1.1" 200 19328 "-" "python-requests/2.28.0" "-"
91.108.4.100 - - [12/May/2026:03:41:42 +0700] "DELETE /favicon.ico HTTP/1.1" 200 30147 "-" "Googlebot/2.1 (+http://www.google.com/bot.html)" "-"
103.56.163.10 - - [12/May/2026:03:41:42 +0700] "POST /static/js/app.js HTTP/1.1" 200 32216 "-" "curl/7.68.0" "-"
91.108.4.100 - - [12/May/2026:03:41:56 +0700] "POST /favicon.ico HTTP/1.1" 200 15064 "-" "python-requests/2.28.0" "-"
103.56.163.10 - - [12/May/2026:03:42:04 +0700] "PUT /api/orders HTTP/1.1" 200 4359 "-" "curl/7.68.0" "-"
103.56.163.10 - - [12/May/2026:03:42:42 +0700] "PUT /admin/users HTTP/1.1" 200 10048 "-" "python-requests/2.28.0" "-"
185.220.101.45 - - [12/May/2026:03:43:04 +0700] "DELETE /.env HTTP/1.1" 304 428 "-" "python-requests/2.28.0" "-"
178.128.45.67 - - [12/May/2026:03:43:25 +0700] "POST /static/js/app.js HTTP/1.1" 404 338 "-" "Mozilla/5.0 (Macintosh; Intel Mac OS X 10_15_7) AppleWebKit/537.36 Safari/537.36" "-"
192.168.1.10 - - [12/May/2026:03:43:51 +0700] "DELETE /nonexistent-page HTTP/1.1" 200 16784 "-" "Mozilla/5.0 (Windows NT 10.0; Win64; x64) AppleWebKit/537.36 Chrome/120.0.0.0 Safari/537.36" "-"
45.148.10.231 - - [12/May/2026:03:43:51 +0700] "POST /favicon.ico HTTP/1.1" 404 384 "-" "Mozilla/5.0 (Macintosh; Intel Mac OS X 10_15_7) AppleWebKit/537.36 Safari/537.36" "-"
34.89.120.5 - - [12/May/2026:03:43:53 +0700] "PUT /index.html HTTP/1.1" 200 49575 "-" "Mozilla/5.0 (Macintosh; Intel Mac OS X 10_15_7) AppleWebKit/537.36 Safari/537.36" "-"
52.167.144.16 - - [12/May/2026:03:44:13 +0700] "POST /.env HTTP/1.1" 200 30037 "-" "python-requests/2.28.0" "-"
34.89.120.5 - - [12/May/2026:03:44:32 +0700] "PUT /api/orders HTTP/1.1" 200 15502 "-" "Mozilla/5.0 (X11; Linux x86_64) AppleWebKit/537.36 Chrome/119.0.0.0 Safari/537.36" "-"
52.167.144.16 - - [12/May/2026:03:45:04 +0700] "POST /wp-admin HTTP/1.1" 200 26953 "-" "curl/7.68.0" "-"
203.0.113.42 - - [12/May/2026:03:45:04 +0700] "DELETE /about HTTP/1.1" 200 1790 "-" "Mozilla/5.0 (Windows NT 10.0; Win64; x64) AppleWebKit/537.36 Chrome/120.0.0.0 Safari/537.36" "-"
185.220.101.45 - - [12/May/2026:03:46:02 +0700] "POST /api/products HTTP/1.1" 200 44792 "-" "python-requests/2.28.0" "-"
185.220.101.45 - - [12/May/2026:03:46:21 +0700] "POST /admin/users HTTP/1.1" 200 30327 "-" "Mozilla/5.0 (Windows NT 10.0; Win64; x64) AppleWebKit/537.36 Chrome/120.0.0.0 Safari/537.36" "-"
185.220.101.45 - - [12/May/2026:03:46:23 +0700] "GET /dashboard HTTP/1.1" 200 17176 "-" "Mozilla/5.0 (X11; Linux x86_64) AppleWebKit/537.36 Chrome/119.0.0.0 Safari/537.36" "-"
185.220.101.45 - - [12/May/2026:03:47:14 +0700] "GET / HTTP/1.1" 200 10990 "-" "python-requests/2.28.0" "-"
178.128.45.67 - - [12/May/2026:03:47:24 +0700] "PUT / HTTP/1.1" 200 43875 "-" "Mozilla/5.0 (X11; Linux x86_64) AppleWebKit/537.36 Chrome/119.0.0.0 Safari/537.36" "-"
203.0.113.42 - - [12/May/2026:03:47:46 +0700] "GET /static/css/main.css HTTP/1.1" 200 41573 "-" "python-requests/2.28.0" "-"
45.148.10.231 - - [12/May/2026:03:47:48 +0700] "GET /about HTTP/1.1" 200 34986 "-" "Mozilla/5.0 (Windows NT 10.0; Win64; x64) AppleWebKit/537.36 Chrome/120.0.0.0 Safari/537.36" "-"
192.168.1.10 - - [12/May/2026:03:48:44 +0700] "DELETE /api/users HTTP/1.1" 302 455 "-" "Mozilla/5.0 (Macintosh; Intel Mac OS X 10_15_7) AppleWebKit/537.36 Safari/537.36" "-"
192.168.1.10 - - [12/May/2026:03:48:49 +0700] "DELETE /old-page HTTP/1.1" 404 340 "-" "Mozilla/5.0 (Windows NT 10.0; Win64; x64) AppleWebKit/537.36 Chrome/120.0.0.0 Safari/537.36" "-"
203.0.113.42 - - [12/May/2026:03:49:49 +0700] "PUT /logout HTTP/1.1" 200 45185 "-" "curl/7.68.0" "-"
103.56.163.10 - - [12/May/2026:03:49:51 +0700] "PUT /api/users HTTP/1.1" 499 391 "-" "Mozilla/5.0 (Macintosh; Intel Mac OS X 10_15_7) AppleWebKit/537.36 Safari/537.36" "-"
45.148.10.231 - - [12/May/2026:03:50:06 +0700] "DELETE /favicon.ico HTTP/1.1" 200 7759 "-" "Googlebot/2.1 (+http://www.google.com/bot.html)" "-"
203.0.113.42 - - [12/May/2026:03:50:18 +0700] "GET /index.html HTTP/1.1" 200 43495 "-" "python-requests/2.28.0" "-"
185.220.101.45 - - [12/May/2026:03:50:40 +0700] "POST /admin HTTP/1.1" 200 23727 "-" "Mozilla/5.0 (Windows NT 10.0; Win64; x64) AppleWebKit/537.36 Chrome/120.0.0.0 Safari/537.36" "-"
192.168.1.10 - - [12/May/2026:03:50:41 +0700] "DELETE /old-page HTTP/1.1" 200 37256 "-" "python-requests/2.28.0" "-"
185.220.101.45 - - [12/May/2026:03:51:28 +0700] "PUT /index.html HTTP/1.1" 301 363 "-" "Googlebot/2.1 (+http://www.google.com/bot.html)" "-"
103.72.98.10 - - [12/May/2026:03:51:28 +0700] "GET /old-page HTTP/1.1" 200 34997 "-" "Googlebot/2.1 (+http://www.google.com/bot.html)" "-"
103.56.163.10 - - [12/May/2026:03:51:58 +0700] "PUT /nonexistent-page HTTP/1.1" 200 4244 "-" "curl/7.68.0" "-"
203.0.113.42 - - [12/May/2026:03:52:05 +0700] "DELETE /api/orders HTTP/1.1" 200 2659 "-" "curl/7.68.0" "-"
103.72.98.10 - - [12/May/2026:03:52:18 +0700] "DELETE /old-page HTTP/1.1" 400 54 "-" "Mozilla/5.0 (X11; Linux x86_64) AppleWebKit/537.36 Chrome/119.0.0.0 Safari/537.36" "-"
91.108.4.100 - - [12/May/2026:03:53:16 +0700] "POST /admin/users HTTP/1.1" 301 84 "-" "Mozilla/5.0 (Windows NT 10.0; Win64; x64) AppleWebKit/537.36 Chrome/120.0.0.0 Safari/537.36" "-"
203.0.113.42 - - [12/May/2026:03:53:32 +0700] "PUT /nonexistent-page HTTP/1.1" 200 48453 "-" "Mozilla/5.0 (Macintosh; Intel Mac OS X 10_15_7) AppleWebKit/537.36 Safari/537.36" "-"
45.148.10.231 - - [12/May/2026:03:53:52 +0700] "GET /contact HTTP/1.1" 200 26560 "-" "Googlebot/2.1 (+http://www.google.com/bot.html)" "-"
91.108.4.100 - - [12/May/2026:03:53:58 +0700] "PUT /logout HTTP/1.1" 200 17597 "-" "Mozilla/5.0 (X11; Linux x86_64) AppleWebKit/537.36 Chrome/119.0.0.0 Safari/537.36" "-"
52.167.144.16 - - [12/May/2026:03:54:27 +0700] "PUT /logout HTTP/1.1" 200 12288 "-" "python-requests/2.28.0" "-"
185.220.101.45 - - [12/May/2026:03:54:34 +0700] "DELETE /api/products HTTP/1.1" 200 30100 "-" "curl/7.68.0" "-"
91.108.4.100 - - [12/May/2026:03:54:41 +0700] "DELETE /index.html HTTP/1.1" 404 245 "-" "python-requests/2.28.0" "-"
52.167.144.16 - - [12/May/2026:03:54:47 +0700] "PUT /api/users HTTP/1.1" 404 112 "-" "Mozilla/5.0 (Macintosh; Intel Mac OS X 10_15_7) AppleWebKit/537.36 Safari/537.36" "-"
203.0.113.42 - - [12/May/2026:03:55:01 +0700] "PUT /favicon.ico HTTP/1.1" 404 304 "-" "Googlebot/2.1 (+http://www.google.com/bot.html)" "-"
91.108.4.100 - - [12/May/2026:03:55:22 +0700] "PUT /static/js/app.js HTTP/1.1" 404 434 "-" "Mozilla/5.0 (Windows NT 10.0; Win64; x64) AppleWebKit/537.36 Chrome/120.0.0.0 Safari/537.36" "-"
91.108.4.100 - - [12/May/2026:03:55:40 +0700] "DELETE /api/products HTTP/1.1" 200 47093 "-" "Googlebot/2.1 (+http://www.google.com/bot.html)" "-"
103.56.163.10 - - [12/May/2026:03:56:14 +0700] "POST /.env HTTP/1.1" 200 19924 "-" "curl/7.68.0" "-"
34.89.120.5 - - [12/May/2026:03:56:26 +0700] "DELETE /admin HTTP/1.1" 200 7082 "-" "Mozilla/5.0 (Macintosh; Intel Mac OS X 10_15_7) AppleWebKit/537.36 Safari/537.36" "-"
52.167.144.16 - - [12/May/2026:03:56:33 +0700] "POST /index.html HTTP/1.1" 200 48864 "-" "curl/7.68.0" "-"
203.0.113.42 - - [12/May/2026:03:56:36 +0700] "DELETE /static/css/main.css HTTP/1.1" 200 35439 "-" "Mozilla/5.0 (Macintosh; Intel Mac OS X 10_15_7) AppleWebKit/537.36 Safari/537.36" "-"
192.168.1.10 - - [12/May/2026:03:57:29 +0700] "PUT /.env HTTP/1.1" 200 39102 "-" "Mozilla/5.0 (Macintosh; Intel Mac OS X 10_15_7) AppleWebKit/537.36 Safari/537.36" "-"
52.167.144.16 - - [12/May/2026:03:57:39 +0700] "GET /admin/users HTTP/1.1" 200 36197 "-" "Mozilla/5.0 (Windows NT 10.0; Win64; x64) AppleWebKit/537.36 Chrome/120.0.0.0 Safari/537.36" "-"
185.220.101.45 - - [12/May/2026:03:58:30 +0700] "PUT /static/js/app.js HTTP/1.1" 200 29890 "-" "Googlebot/2.1 (+http://www.google.com/bot.html)" "-"
103.72.98.10 - - [12/May/2026:03:58:31 +0700] "POST /api/products HTTP/1.1" 404 10 "-" "Mozilla/5.0 (X11; Linux x86_64) AppleWebKit/537.36 Chrome/119.0.0.0 Safari/537.36" "-"
178.128.45.67 - - [12/May/2026:03:58:32 +0700] "PUT /api/users HTTP/1.1" 200 32349 "-" "curl/7.68.0" "-"
103.72.98.10 - - [12/May/2026:03:58:53 +0700] "DELETE / HTTP/1.1" 404 36 "-" "Mozilla/5.0 (X11; Linux x86_64) AppleWebKit/537.36 Chrome/119.0.0.0 Safari/537.36" "-"
178.128.45.67 - - [12/May/2026:03:59:32 +0700] "DELETE /contact HTTP/1.1" 499 442 "-" "Googlebot/2.1 (+http://www.google.com/bot.html)" "-"
178.128.45.67 - - [12/May/2026:03:59:48 +0700] "DELETE /.env HTTP/1.1" 200 30479 "-" "Googlebot/2.1 (+http://www.google.com/bot.html)" "-"
185.220.101.45 - - [12/May/2026:04:00:22 +0700] "DELETE /dashboard HTTP/1.1" 304 43 "-" "Mozilla/5.0 (Windows NT 10.0; Win64; x64) AppleWebKit/537.36 Chrome/120.0.0.0 Safari/537.36" "-"
203.0.113.42 - - [12/May/2026:04:00:27 +0700] "DELETE / HTTP/1.1" 500 8 "-" "Mozilla/5.0 (Macintosh; Intel Mac OS X 10_15_7) AppleWebKit/537.36 Safari/537.36" "-"
91.108.4.100 - - [12/May/2026:04:01:39 +0700] "PUT /contact HTTP/1.1" 200 29057 "-" "Mozilla/5.0 (X11; Linux x86_64) AppleWebKit/537.36 Chrome/119.0.0.0 Safari/537.36" "-"
45.148.10.231 - - [12/May/2026:04:01:58 +0700] "GET / HTTP/1.1" 200 47223 "-" "Googlebot/2.1 (+http://www.google.com/bot.html)" "-"
45.148.10.231 - - [12/May/2026:04:02:12 +0700] "DELETE /wp-admin HTTP/1.1" 200 39270 "-" "curl/7.68.0" "-"
34.89.120.5 - - [12/May/2026:04:02:35 +0700] "POST /static/css/main.css HTTP/1.1" 200 21348 "-" "Mozilla/5.0 (Windows NT 10.0; Win64; x64) AppleWebKit/537.36 Chrome/120.0.0.0 Safari/537.36" "-"
103.72.98.10 - - [12/May/2026:04:03:31 +0700] "POST /api/users HTTP/1.1" 301 398 "-" "Mozilla/5.0 (Macintosh; Intel Mac OS X 10_15_7) AppleWebKit/537.36 Safari/537.36" "-"
185.220.101.45 - - [12/May/2026:04:04:20 +0700] "DELETE /api/products HTTP/1.1" 200 38767 "-" "curl/7.68.0" "-"
185.220.101.45 - - [12/May/2026:04:04:40 +0700] "DELETE /login HTTP/1.1" 500 168 "-" "Mozilla/5.0 (Windows NT 10.0; Win64; x64) AppleWebKit/537.36 Chrome/120.0.0.0 Safari/537.36" "-"
103.72.98.10 - - [12/May/2026:04:05:11 +0700] "GET /api/orders HTTP/1.1" 200 37955 "-" "python-requests/2.28.0" "-"
185.220.101.45 - - [12/May/2026:04:05:37 +0700] "DELETE /wp-admin HTTP/1.1" 304 227 "-" "Mozilla/5.0 (Macintosh; Intel Mac OS X 10_15_7) AppleWebKit/537.36 Safari/537.36" "-"
178.128.45.67 - - [12/May/2026:04:05:39 +0700] "GET / HTTP/1.1" 200 3114 "-" "Mozilla/5.0 (Windows NT 10.0; Win64; x64) AppleWebKit/537.36 Chrome/120.0.0.0 Safari/537.36" "-"
103.56.163.10 - - [12/May/2026:04:05:41 +0700] "GET /.env HTTP/1.1" 304 363 "-" "Googlebot/2.1 (+http://www.google.com/bot.html)" "-"
178.128.45.67 - - [12/May/2026:04:05:42 +0700] "PUT /wp-admin HTTP/1.1" 499 311 "-" "python-requests/2.28.0" "-"
91.108.4.100 - - [12/May/2026:04:05:56 +0700] "POST /old-page HTTP/1.1" 200 5410 "-" "Mozilla/5.0 (Macintosh; Intel Mac OS X 10_15_7) AppleWebKit/537.36 Safari/537.36" "-"
45.148.10.231 - - [12/May/2026:04:06:20 +0700] "POST /contact HTTP/1.1" 200 28398 "-" "curl/7.68.0" "-"
185.220.101.45 - - [12/May/2026:04:07:10 +0700] "POST /api/orders HTTP/1.1" 200 9473 "-" "python-requests/2.28.0" "-"
52.167.144.16 - - [12/May/2026:04:07:24 +0700] "PUT /old-page HTTP/1.1" 404 318 "-" "Mozilla/5.0 (X11; Linux x86_64) AppleWebKit/537.36 Chrome/119.0.0.0 Safari/537.36" "-"
45.148.10.231 - - [12/May/2026:04:07:25 +0700] "POST /old-page HTTP/1.1" 200 12948 "-" "curl/7.68.0" "-"
185.220.101.45 - - [12/May/2026:04:07:25 +0700] "POST /index.html HTTP/1.1" 200 28834 "-" "curl/7.68.0" "-"
45.148.10.231 - - [12/May/2026:04:07:44 +0700] "GET /api/v1/health HTTP/1.1" 500 296 "-" "Mozilla/5.0 (X11; Linux x86_64) AppleWebKit/537.36 Chrome/119.0.0.0 Safari/537.36" "-"
203.0.113.42 - - [12/May/2026:04:07:48 +0700] "GET /static/css/main.css HTTP/1.1" 200 33931 "-" "Googlebot/2.1 (+http://www.google.com/bot.html)" "-"
203.0.113.42 - - [12/May/2026:04:07:55 +0700] "GET /admin/users HTTP/1.1" 499 455 "-" "python-requests/2.28.0" "-"
34.89.120.5 - - [12/May/2026:04:08:23 +0700] "PUT /api/orders HTTP/1.1" 200 15748 "-" "Mozilla/5.0 (Macintosh; Intel Mac OS X 10_15_7) AppleWebKit/537.36 Safari/537.36" "-"
192.168.1.10 - - [12/May/2026:04:09:06 +0700] "PUT /api/v1/health HTTP/1.1" 200 8309 "-" "Mozilla/5.0 (Macintosh; Intel Mac OS X 10_15_7) AppleWebKit/537.36 Safari/537.36" "-"
103.56.163.10 - - [12/May/2026:04:09:21 +0700] "DELETE /api/v1/health HTTP/1.1" 200 25502 "-" "Mozilla/5.0 (X11; Linux x86_64) AppleWebKit/537.36 Chrome/119.0.0.0 Safari/537.36" "-"
203.0.113.42 - - [12/May/2026:04:09:39 +0700] "GET /static/css/main.css HTTP/1.1" 200 37720 "-" "Mozilla/5.0 (Macintosh; Intel Mac OS X 10_15_7) AppleWebKit/537.36 Safari/537.36" "-"
192.168.1.10 - - [12/May/2026:04:09:41 +0700] "POST /favicon.ico HTTP/1.1" 200 41389 "-" "Mozilla/5.0 (X11; Linux x86_64) AppleWebKit/537.36 Chrome/119.0.0.0 Safari/537.36" "-"
185.220.101.45 - - [12/May/2026:04:09:45 +0700] "DELETE /.env HTTP/1.1" 404 310 "-" "Googlebot/2.1 (+http://www.google.com/bot.html)" "-"
91.108.4.100 - - [12/May/2026:04:10:00 +0700] "POST /api/products HTTP/1.1" 200 4514 "-" "curl/7.68.0" "-"
178.128.45.67 - - [12/May/2026:04:10:04 +0700] "DELETE /login HTTP/1.1" 200 15823 "-" "Mozilla/5.0 (Macintosh; Intel Mac OS X 10_15_7) AppleWebKit/537.36 Safari/537.36" "-"
103.72.98.10 - - [12/May/2026:04:10:19 +0700] "DELETE /static/css/main.css HTTP/1.1" 301 495 "-" "curl/7.68.0" "-"
45.148.10.231 - - [12/May/2026:04:10:19 +0700] "GET /api/v1/health HTTP/1.1" 200 27667 "-" "Googlebot/2.1 (+http://www.google.com/bot.html)" "-"
34.89.120.5 - - [12/May/2026:04:10:22 +0700] "GET /login HTTP/1.1" 200 49868 "-" "Mozilla/5.0 (Windows NT 10.0; Win64; x64) AppleWebKit/537.36 Chrome/120.0.0.0 Safari/537.36" "-"
34.89.120.5 - - [12/May/2026:04:10:22 +0700] "POST /favicon.ico HTTP/1.1" 200 735 "-" "curl/7.68.0" "-"
91.108.4.100 - - [12/May/2026:04:10:51 +0700] "POST /wp-admin HTTP/1.1" 200 33900 "-" "Mozilla/5.0 (Windows NT 10.0; Win64; x64) AppleWebKit/537.36 Chrome/120.0.0.0 Safari/537.36" "-"
45.148.10.231 - - [12/May/2026:04:11:17 +0700] "DELETE /wp-admin HTTP/1.1" 200 37705 "-" "Mozilla/5.0 (Windows NT 10.0; Win64; x64) AppleWebKit/537.36 Chrome/120.0.0.0 Safari/537.36" "-"
34.89.120.5 - - [12/May/2026:04:11:43 +0700] "POST / HTTP/1.1" 304 71 "-" "python-requests/2.28.0" "-"
34.89.120.5 - - [12/May/2026:04:11:58 +0700] "GET /dashboard HTTP/1.1" 200 18362 "-" "python-requests/2.28.0" "-"
52.167.144.16 - - [12/May/2026:04:12:06 +0700] "POST /nonexistent-page HTTP/1.1" 200 49076 "-" "Mozilla/5.0 (X11; Linux x86_64) AppleWebKit/537.36 Chrome/119.0.0.0 Safari/537.36" "-"
52.167.144.16 - - [12/May/2026:04:12:11 +0700] "PUT /about HTTP/1.1" 404 153 "-" "Mozilla/5.0 (Windows NT 10.0; Win64; x64) AppleWebKit/537.36 Chrome/120.0.0.0 Safari/537.36" "-"
185.220.101.45 - - [12/May/2026:04:12:13 +0700] "GET /old-page HTTP/1.1" 200 5184 "-" "python-requests/2.28.0" "-"
91.108.4.100 - - [12/May/2026:04:12:21 +0700] "PUT /static/js/app.js HTTP/1.1" 200 7759 "-" "Mozilla/5.0 (Windows NT 10.0; Win64; x64) AppleWebKit/537.36 Chrome/120.0.0.0 Safari/537.36" "-"
45.148.10.231 - - [12/May/2026:04:13:08 +0700] "GET /login HTTP/1.1" 200 28532 "-" "Googlebot/2.1 (+http://www.google.com/bot.html)" "-"
103.72.98.10 - - [12/May/2026:04:13:19 +0700] "GET /api/users HTTP/1.1" 200 40618 "-" "python-requests/2.28.0" "-"
185.220.101.45 - - [12/May/2026:04:14:14 +0700] "POST /api/orders HTTP/1.1" 200 45320 "-" "Mozilla/5.0 (X11; Linux x86_64) AppleWebKit/537.36 Chrome/119.0.0.0 Safari/537.36" "-"
103.56.163.10 - - [12/May/2026:04:14:56 +0700] "DELETE /index.html HTTP/1.1" 200 11513 "-" "Mozilla/5.0 (Macintosh; Intel Mac OS X 10_15_7) AppleWebKit/537.36 Safari/537.36" "-"
91.108.4.100 - - [12/May/2026:04:15:38 +0700] "POST /old-page HTTP/1.1" 200 44548 "-" "Mozilla/5.0 (Windows NT 10.0; Win64; x64) AppleWebKit/537.36 Chrome/120.0.0.0 Safari/537.36" "-"
185.220.101.45 - - [12/May/2026:04:15:53 +0700] "POST /old-page HTTP/1.1" 200 23255 "-" "Mozilla/5.0 (Macintosh; Intel Mac OS X 10_15_7) AppleWebKit/537.36 Safari/537.36" "-"
103.56.163.10 - - [12/May/2026:04:16:23 +0700] "DELETE /login HTTP/1.1" 200 1561 "-" "Mozilla/5.0 (Windows NT 10.0; Win64; x64) AppleWebKit/537.36 Chrome/120.0.0.0 Safari/537.36" "-"
103.72.98.10 - - [12/May/2026:04:16:43 +0700] "GET /api/users HTTP/1.1" 200 32939 "-" "Mozilla/5.0 (X11; Linux x86_64) AppleWebKit/537.36 Chrome/119.0.0.0 Safari/537.36" "-"
91.108.4.100 - - [12/May/2026:04:17:53 +0700] "GET /nonexistent-page HTTP/1.1" 500 157 "-" "python-requests/2.28.0" "-"
185.220.101.45 - - [12/May/2026:04:18:24 +0700] "POST /api/orders HTTP/1.1" 200 13523 "-" "Googlebot/2.1 (+http://www.google.com/bot.html)" "-"
192.168.1.10 - - [12/May/2026:04:19:37 +0700] "DELETE /login HTTP/1.1" 200 43281 "-" "Googlebot/2.1 (+http://www.google.com/bot.html)" "-"
103.56.163.10 - - [12/May/2026:04:19:41 +0700] "DELETE /static/css/main.css HTTP/1.1" 404 52 "-" "Googlebot/2.1 (+http://www.google.com/bot.html)" "-"
52.167.144.16 - - [12/May/2026:04:20:13 +0700] "GET /contact HTTP/1.1" 304 242 "-" "curl/7.68.0" "-"
203.0.113.42 - - [12/May/2026:04:20:19 +0700] "POST /.env HTTP/1.1" 200 31177 "-" "Mozilla/5.0 (Windows NT 10.0; Win64; x64) AppleWebKit/537.36 Chrome/120.0.0.0 Safari/537.36" "-"
185.220.101.45 - - [12/May/2026:04:21:14 +0700] "PUT /api/v1/health HTTP/1.1" 200 19956 "-" "python-requests/2.28.0" "-"
103.56.163.10 - - [12/May/2026:04:21:31 +0700] "PUT /static/css/main.css HTTP/1.1" 200 43623 "-" "Mozilla/5.0 (Macintosh; Intel Mac OS X 10_15_7) AppleWebKit/537.36 Safari/537.36" "-"
52.167.144.16 - - [12/May/2026:04:21:44 +0700] "PUT /api/v1/health HTTP/1.1" 200 24302 "-" "Googlebot/2.1 (+http://www.google.com/bot.html)" "-"
52.167.144.16 - - [12/May/2026:04:22:03 +0700] "GET /api/users HTTP/1.1" 302 97 "-" "Mozilla/5.0 (X11; Linux x86_64) AppleWebKit/537.36 Chrome/119.0.0.0 Safari/537.36" "-"
185.220.101.45 - - [12/May/2026:04:22:08 +0700] "GET /api/v1/health HTTP/1.1" 200 37151 "-" "Googlebot/2.1 (+http://www.google.com/bot.html)" "-"
178.128.45.67 - - [12/May/2026:04:22:30 +0700] "DELETE /about HTTP/1.1" 200 20912 "-" "python-requests/2.28.0" "-"
52.167.144.16 - - [12/May/2026:04:22:36 +0700] "PUT /logout HTTP/1.1" 404 75 "-" "python-requests/2.28.0" "-"
91.108.4.100 - - [12/May/2026:04:22:36 +0700] "POST /logout HTTP/1.1" 200 32485 "-" "curl/7.68.0" "-"
103.72.98.10 - - [12/May/2026:04:22:52 +0700] "PUT /nonexistent-page HTTP/1.1" 200 22696 "-" "python-requests/2.28.0" "-"
52.167.144.16 - - [12/May/2026:04:23:05 +0700] "DELETE / HTTP/1.1" 200 46736 "-" "Mozilla/5.0 (Windows NT 10.0; Win64; x64) AppleWebKit/537.36 Chrome/120.0.0.0 Safari/537.36" "-"
185.220.101.45 - - [12/May/2026:04:23:17 +0700] "POST /api/v1/health HTTP/1.1" 200 39359 "-" "Mozilla/5.0 (Windows NT 10.0; Win64; x64) AppleWebKit/537.36 Chrome/120.0.0.0 Safari/537.36" "-"
203.0.113.42 - - [12/May/2026:04:23:26 +0700] "DELETE /wp-admin HTTP/1.1" 200 37325 "-" "Mozilla/5.0 (X11; Linux x86_64) AppleWebKit/537.36 Chrome/119.0.0.0 Safari/537.36" "-"
34.89.120.5 - - [12/May/2026:04:23:35 +0700] "POST /api/v1/health HTTP/1.1" 200 5003 "-" "curl/7.68.0" "-"
203.0.113.42 - - [12/May/2026:04:23:38 +0700] "POST /login HTTP/1.1" 200 22911 "-" "Mozilla/5.0 (Macintosh; Intel Mac OS X 10_15_7) AppleWebKit/537.36 Safari/537.36" "-"
52.167.144.16 - - [12/May/2026:04:23:49 +0700] "DELETE /static/js/app.js HTTP/1.1" 400 86 "-" "curl/7.68.0" "-"
203.0.113.42 - - [12/May/2026:04:23:50 +0700] "POST /contact HTTP/1.1" 200 31013 "-" "python-requests/2.28.0" "-"
103.72.98.10 - - [12/May/2026:04:23:53 +0700] "DELETE /contact HTTP/1.1" 200 18439 "-" "Mozilla/5.0 (Windows NT 10.0; Win64; x64) AppleWebKit/537.36 Chrome/120.0.0.0 Safari/537.36" "-"
103.72.98.10 - - [12/May/2026:04:24:12 +0700] "PUT /old-page HTTP/1.1" 499 349 "-" "Mozilla/5.0 (X11; Linux x86_64) AppleWebKit/537.36 Chrome/119.0.0.0 Safari/537.36" "-"
203.0.113.42 - - [12/May/2026:04:24:14 +0700] "PUT /admin/users HTTP/1.1" 301 185 "-" "Googlebot/2.1 (+http://www.google.com/bot.html)" "-"
45.148.10.231 - - [12/May/2026:04:24:36 +0700] "POST /admin HTTP/1.1" 304 344 "-" "Mozilla/5.0 (X11; Linux x86_64) AppleWebKit/537.36 Chrome/119.0.0.0 Safari/537.36" "-"
52.167.144.16 - - [12/May/2026:04:24:37 +0700] "GET /.env HTTP/1.1" 200 49092 "-" "Googlebot/2.1 (+http://www.google.com/bot.html)" "-"
103.56.163.10 - - [12/May/2026:04:25:24 +0700] "POST /about HTTP/1.1" 302 434 "-" "curl/7.68.0" "-"
203.0.113.42 - - [12/May/2026:04:25:42 +0700] "PUT /favicon.ico HTTP/1.1" 200 38521 "-" "Mozilla/5.0 (Windows NT 10.0; Win64; x64) AppleWebKit/537.36 Chrome/120.0.0.0 Safari/537.36" "-"
103.72.98.10 - - [12/May/2026:04:25:57 +0700] "POST /nonexistent-page HTTP/1.1" 200 1424 "-" "curl/7.68.0" "-"
103.56.163.10 - - [12/May/2026:04:25:59 +0700] "POST /.env HTTP/1.1" 200 9033 "-" "curl/7.68.0" "-"
192.168.1.10 - - [12/May/2026:04:26:00 +0700] "GET /nonexistent-page HTTP/1.1" 200 32204 "-" "Mozilla/5.0 (Macintosh; Intel Mac OS X 10_15_7) AppleWebKit/537.36 Safari/537.36" "-"
34.89.120.5 - - [12/May/2026:04:26:13 +0700] "GET /api/v1/health HTTP/1.1" 200 16109 "-" "Googlebot/2.1 (+http://www.google.com/bot.html)" "-"
52.167.144.16 - - [12/May/2026:04:26:15 +0700] "PUT /api/orders HTTP/1.1" 499 102 "-" "curl/7.68.0" "-"
52.167.144.16 - - [12/May/2026:04:26:57 +0700] "POST /admin/users HTTP/1.1" 200 2391 "-" "Mozilla/5.0 (X11; Linux x86_64) AppleWebKit/537.36 Chrome/119.0.0.0 Safari/537.36" "-"
52.167.144.16 - - [12/May/2026:04:26:58 +0700] "PUT /about HTTP/1.1" 200 34955 "-" "Mozilla/5.0 (X11; Linux x86_64) AppleWebKit/537.36 Chrome/119.0.0.0 Safari/537.36" "-"
52.167.144.16 - - [12/May/2026:04:27:51 +0700] "DELETE / HTTP/1.1" 200 26810 "-" "curl/7.68.0" "-"
52.167.144.16 - - [12/May/2026:04:28:20 +0700] "POST /static/css/main.css HTTP/1.1" 200 32815 "-" "python-requests/2.28.0" "-"
45.148.10.231 - - [12/May/2026:04:28:25 +0700] "PUT /static/css/main.css HTTP/1.1" 200 47956 "-" "Googlebot/2.1 (+http://www.google.com/bot.html)" "-"
103.72.98.10 - - [12/May/2026:04:28:45 +0700] "GET /old-page HTTP/1.1" 200 21876 "-" "Googlebot/2.1 (+http://www.google.com/bot.html)" "-"
185.220.101.45 - - [12/May/2026:04:29:26 +0700] "GET /favicon.ico HTTP/1.1" 200 32272 "-" "Googlebot/2.1 (+http://www.google.com/bot.html)" "-"
192.168.1.10 - - [12/May/2026:04:29:46 +0700] "DELETE /index.html HTTP/1.1" 200 16127 "-" "curl/7.68.0" "-"
192.168.1.10 - - [12/May/2026:04:29:46 +0700] "POST /about HTTP/1.1" 301 118 "-" "Mozilla/5.0 (X11; Linux x86_64) AppleWebKit/537.36 Chrome/119.0.0.0 Safari/537.36" "-"
103.72.98.10 - - [12/May/2026:04:30:30 +0700] "PUT /api/products HTTP/1.1" 200 25032 "-" "python-requests/2.28.0" "-"
34.89.120.5 - - [12/May/2026:04:30:37 +0700] "POST /api/orders HTTP/1.1" 200 1450 "-" "Mozilla/5.0 (Windows NT 10.0; Win64; x64) AppleWebKit/537.36 Chrome/120.0.0.0 Safari/537.36" "-"
91.108.4.100 - - [12/May/2026:04:30:58 +0700] "PUT /api/v1/health HTTP/1.1" 200 2469 "-" "Mozilla/5.0 (Macintosh; Intel Mac OS X 10_15_7) AppleWebKit/537.36 Safari/537.36" "-"
91.108.4.100 - - [12/May/2026:04:30:59 +0700] "PUT /.env HTTP/1.1" 200 39580 "-" "Googlebot/2.1 (+http://www.google.com/bot.html)" "-"
52.167.144.16 - - [12/May/2026:04:31:08 +0700] "POST /admin HTTP/1.1" 200 6880 "-" "Mozilla/5.0 (Windows NT 10.0; Win64; x64) AppleWebKit/537.36 Chrome/120.0.0.0 Safari/537.36" "-"
34.89.120.5 - - [12/May/2026:04:31:55 +0700] "DELETE /static/js/app.js HTTP/1.1" 200 7222 "-" "Googlebot/2.1 (+http://www.google.com/bot.html)" "-"
185.220.101.45 - - [12/May/2026:04:32:06 +0700] "PUT /index.html HTTP/1.1" 200 19560 "-" "Mozilla/5.0 (Macintosh; Intel Mac OS X 10_15_7) AppleWebKit/537.36 Safari/537.36" "-"
192.168.1.10 - - [12/May/2026:04:32:13 +0700] "GET /api/users HTTP/1.1" 200 5790 "-" "Mozilla/5.0 (Windows NT 10.0; Win64; x64) AppleWebKit/537.36 Chrome/120.0.0.0 Safari/537.36" "-"
185.220.101.45 - - [12/May/2026:04:33:01 +0700] "PUT /wp-admin HTTP/1.1" 200 32751 "-" "Mozilla/5.0 (Macintosh; Intel Mac OS X 10_15_7) AppleWebKit/537.36 Safari/537.36" "-"
34.89.120.5 - - [12/May/2026:04:33:03 +0700] "GET /index.html HTTP/1.1" 200 21555 "-" "Mozilla/5.0 (Macintosh; Intel Mac OS X 10_15_7) AppleWebKit/537.36 Safari/537.36" "-"
185.220.101.45 - - [12/May/2026:04:33:59 +0700] "PUT /about HTTP/1.1" 200 18260 "-" "Googlebot/2.1 (+http://www.google.com/bot.html)" "-"
52.167.144.16 - - [12/May/2026:04:34:07 +0700] "GET /about HTTP/1.1" 200 4814 "-" "Mozilla/5.0 (X11; Linux x86_64) AppleWebKit/537.36 Chrome/119.0.0.0 Safari/537.36" "-"
45.148.10.231 - - [12/May/2026:04:34:23 +0700] "DELETE /static/css/main.css HTTP/1.1" 200 961 "-" "Mozilla/5.0 (Windows NT 10.0; Win64; x64) AppleWebKit/537.36 Chrome/120.0.0.0 Safari/537.36" "-"
203.0.113.42 - - [12/May/2026:04:34:53 +0700] "POST /admin HTTP/1.1" 500 178 "-" "Mozilla/5.0 (X11; Linux x86_64) AppleWebKit/537.36 Chrome/119.0.0.0 Safari/537.36" "-"
34.89.120.5 - - [12/May/2026:04:35:00 +0700] "DELETE /admin HTTP/1.1" 200 38950 "-" "Mozilla/5.0 (X11; Linux x86_64) AppleWebKit/537.36 Chrome/119.0.0.0 Safari/537.36" "-"
192.168.1.10 - - [12/May/2026:04:35:25 +0700] "GET /wp-admin HTTP/1.1" 499 181 "-" "python-requests/2.28.0" "-"
185.220.101.45 - - [12/May/2026:04:35:40 +0700] "GET /api/users HTTP/1.1" 404 472 "-" "Googlebot/2.1 (+http://www.google.com/bot.html)" "-"
45.148.10.231 - - [12/May/2026:04:35:50 +0700] "GET /admin HTTP/1.1" 404 177 "-" "Mozilla/5.0 (X11; Linux x86_64) AppleWebKit/537.36 Chrome/119.0.0.0 Safari/537.36" "-"
34.89.120.5 - - [12/May/2026:04:35:54 +0700] "DELETE / HTTP/1.1" 200 6034 "-" "Googlebot/2.1 (+http://www.google.com/bot.html)" "-"
45.148.10.231 - - [12/May/2026:04:36:18 +0700] "GET /wp-admin HTTP/1.1" 404 43 "-" "Googlebot/2.1 (+http://www.google.com/bot.html)" "-"
192.168.1.10 - - [12/May/2026:04:36:26 +0700] "PUT /old-page HTTP/1.1" 200 1692 "-" "Mozilla/5.0 (Macintosh; Intel Mac OS X 10_15_7) AppleWebKit/537.36 Safari/537.36" "-"
203.0.113.42 - - [12/May/2026:04:36:37 +0700] "GET /dashboard HTTP/1.1" 200 25715 "-" "Mozilla/5.0 (Windows NT 10.0; Win64; x64) AppleWebKit/537.36 Chrome/120.0.0.0 Safari/537.36" "-"
52.167.144.16 - - [12/May/2026:04:37:20 +0700] "DELETE /admin HTTP/1.1" 200 30040 "-" "Googlebot/2.1 (+http://www.google.com/bot.html)" "-"
192.168.1.10 - - [12/May/2026:04:37:23 +0700] "PUT /api/users HTTP/1.1" 200 35137 "-" "Mozilla/5.0 (X11; Linux x86_64) AppleWebKit/537.36 Chrome/119.0.0.0 Safari/537.36" "-"
192.168.1.10 - - [12/May/2026:04:37:25 +0700] "PUT /api/orders HTTP/1.1" 200 37701 "-" "Mozilla/5.0 (X11; Linux x86_64) AppleWebKit/537.36 Chrome/119.0.0.0 Safari/537.36" "-"
185.220.101.45 - - [12/May/2026:04:37:56 +0700] "POST /index.html HTTP/1.1" 200 39883 "-" "Mozilla/5.0 (X11; Linux x86_64) AppleWebKit/537.36 Chrome/119.0.0.0 Safari/537.36" "-"
185.220.101.45 - - [12/May/2026:04:38:17 +0700] "POST /about HTTP/1.1" 200 2244 "-" "Mozilla/5.0 (X11; Linux x86_64) AppleWebKit/537.36 Chrome/119.0.0.0 Safari/537.36" "-"
34.89.120.5 - - [12/May/2026:04:38:21 +0700] "PUT /admin/users HTTP/1.1" 304 383 "-" "Mozilla/5.0 (X11; Linux x86_64) AppleWebKit/537.36 Chrome/119.0.0.0 Safari/537.36" "-"
203.0.113.42 - - [12/May/2026:04:38:25 +0700] "GET /favicon.ico HTTP/1.1" 404 426 "-" "curl/7.68.0" "-"
178.128.45.67 - - [12/May/2026:04:38:43 +0700] "PUT / HTTP/1.1" 304 52 "-" "Mozilla/5.0 (X11; Linux x86_64) AppleWebKit/537.36 Chrome/119.0.0.0 Safari/537.36" "-"
91.108.4.100 - - [12/May/2026:04:38:44 +0700] "PUT /favicon.ico HTTP/1.1" 200 27262 "-" "Mozilla/5.0 (Windows NT 10.0; Win64; x64) AppleWebKit/537.36 Chrome/120.0.0.0 Safari/537.36" "-"
34.89.120.5 - - [12/May/2026:04:39:07 +0700] "PUT /logout HTTP/1.1" 404 12 "-" "Mozilla/5.0 (Macintosh; Intel Mac OS X 10_15_7) AppleWebKit/537.36 Safari/537.36" "-"
103.72.98.10 - - [12/May/2026:04:39:48 +0700] "POST /contact HTTP/1.1" 200 29750 "-" "Mozilla/5.0 (Macintosh; Intel Mac OS X 10_15_7) AppleWebKit/537.36 Safari/537.36" "-"
178.128.45.67 - - [12/May/2026:04:40:06 +0700] "GET /dashboard HTTP/1.1" 200 39529 "-" "Mozilla/5.0 (Windows NT 10.0; Win64; x64) AppleWebKit/537.36 Chrome/120.0.0.0 Safari/537.36" "-"
178.128.45.67 - - [12/May/2026:04:40:14 +0700] "PUT /api/users HTTP/1.1" 200 3188 "-" "Mozilla/5.0 (Windows NT 10.0; Win64; x64) AppleWebKit/537.36 Chrome/120.0.0.0 Safari/537.36" "-"
178.128.45.67 - - [12/May/2026:04:40:27 +0700] "POST /admin HTTP/1.1" 200 38343 "-" "Mozilla/5.0 (X11; Linux x86_64) AppleWebKit/537.36 Chrome/119.0.0.0 Safari/537.36" "-"
34.89.120.5 - - [12/May/2026:04:40:33 +0700] "DELETE /old-page HTTP/1.1" 200 16970 "-" "curl/7.68.0" "-"
185.220.101.45 - - [12/May/2026:04:40:34 +0700] "POST /login HTTP/1.1" 200 32908 "-" "Mozilla/5.0 (Macintosh; Intel Mac OS X 10_15_7) AppleWebKit/537.36 Safari/537.36" "-"
178.128.45.67 - - [12/May/2026:04:41:09 +0700] "POST /dashboard HTTP/1.1" 200 30366 "-" "Mozilla/5.0 (X11; Linux x86_64) AppleWebKit/537.36 Chrome/119.0.0.0 Safari/537.36" "-"
34.89.120.5 - - [12/May/2026:04:41:45 +0700] "PUT /wp-admin HTTP/1.1" 200 19653 "-" "curl/7.68.0" "-"
203.0.113.42 - - [12/May/2026:04:42:09 +0700] "PUT /api/v1/health HTTP/1.1" 200 20148 "-" "Mozilla/5.0 (Windows NT 10.0; Win64; x64) AppleWebKit/537.36 Chrome/120.0.0.0 Safari/537.36" "-"
178.128.45.67 - - [12/May/2026:04:42:36 +0700] "POST /static/js/app.js HTTP/1.1" 200 31566 "-" "Mozilla/5.0 (Windows NT 10.0; Win64; x64) AppleWebKit/537.36 Chrome/120.0.0.0 Safari/537.36" "-"
178.128.45.67 - - [12/May/2026:04:42:55 +0700] "DELETE /static/js/app.js HTTP/1.1" 200 4787 "-" "Mozilla/5.0 (Macintosh; Intel Mac OS X 10_15_7) AppleWebKit/537.36 Safari/537.36" "-"
185.220.101.45 - - [12/May/2026:04:42:58 +0700] "DELETE / HTTP/1.1" 200 48572 "-" "Mozilla/5.0 (Macintosh; Intel Mac OS X 10_15_7) AppleWebKit/537.36 Safari/537.36" "-"
185.220.101.45 - - [12/May/2026:04:42:58 +0700] "GET /admin/users HTTP/1.1" 200 28560 "-" "curl/7.68.0" "-"
103.56.163.10 - - [12/May/2026:04:42:58 +0700] "GET /api/users HTTP/1.1" 301 473 "-" "curl/7.68.0" "-"
52.167.144.16 - - [12/May/2026:04:43:14 +0700] "POST /favicon.ico HTTP/1.1" 200 4480 "-" "Mozilla/5.0 (Windows NT 10.0; Win64; x64) AppleWebKit/537.36 Chrome/120.0.0.0 Safari/537.36" "-"
34.89.120.5 - - [12/May/2026:04:43:38 +0700] "PUT /favicon.ico HTTP/1.1" 200 10950 "-" "python-requests/2.28.0" "-"
103.72.98.10 - - [12/May/2026:04:44:43 +0700] "PUT /.env HTTP/1.1" 200 20664 "-" "Mozilla/5.0 (X11; Linux x86_64) AppleWebKit/537.36 Chrome/119.0.0.0 Safari/537.36" "-"
52.167.144.16 - - [12/May/2026:04:44:47 +0700] "GET /about HTTP/1.1" 200 23442 "-" "Mozilla/5.0 (Macintosh; Intel Mac OS X 10_15_7) AppleWebKit/537.36 Safari/537.36" "-"
52.167.144.16 - - [12/May/2026:04:44:58 +0700] "GET /.env HTTP/1.1" 200 32643 "-" "Mozilla/5.0 (X11; Linux x86_64) AppleWebKit/537.36 Chrome/119.0.0.0 Safari/537.36" "-"
34.89.120.5 - - [12/May/2026:04:45:25 +0700] "GET /static/js/app.js HTTP/1.1" 200 17980 "-" "Googlebot/2.1 (+http://www.google.com/bot.html)" "-"
185.220.101.45 - - [12/May/2026:04:45:26 +0700] "DELETE /login HTTP/1.1" 200 14885 "-" "Mozilla/5.0 (X11; Linux x86_64) AppleWebKit/537.36 Chrome/119.0.0.0 Safari/537.36" "-"
52.167.144.16 - - [12/May/2026:04:45:42 +0700] "PUT /wp-admin HTTP/1.1" 304 200 "-" "python-requests/2.28.0" "-"
45.148.10.231 - - [12/May/2026:04:45:46 +0700] "PUT /dashboard HTTP/1.1" 200 44753 "-" "Googlebot/2.1 (+http://www.google.com/bot.html)" "-"
34.89.120.5 - - [12/May/2026:04:45:48 +0700] "PUT /contact HTTP/1.1" 200 6843 "-" "Googlebot/2.1 (+http://www.google.com/bot.html)" "-"
185.220.101.45 - - [12/May/2026:04:46:10 +0700] "DELETE /contact HTTP/1.1" 200 38891 "-" "Mozilla/5.0 (Windows NT 10.0; Win64; x64) AppleWebKit/537.36 Chrome/120.0.0.0 Safari/537.36" "-"
185.220.101.45 - - [12/May/2026:04:46:31 +0700] "POST /.env HTTP/1.1" 200 25057 "-" "Mozilla/5.0 (Windows NT 10.0; Win64; x64) AppleWebKit/537.36 Chrome/120.0.0.0 Safari/537.36" "-"
103.56.163.10 - - [12/May/2026:04:46:45 +0700] "DELETE /dashboard HTTP/1.1" 301 75 "-" "Mozilla/5.0 (X11; Linux x86_64) AppleWebKit/537.36 Chrome/119.0.0.0 Safari/537.36" "-"
185.220.101.45 - - [12/May/2026:04:47:05 +0700] "GET /favicon.ico HTTP/1.1" 500 317 "-" "Mozilla/5.0 (Macintosh; Intel Mac OS X 10_15_7) AppleWebKit/537.36 Safari/537.36" "-"
178.128.45.67 - - [12/May/2026:04:47:08 +0700] "PUT /old-page HTTP/1.1" 200 34535 "-" "Mozilla/5.0 (Windows NT 10.0; Win64; x64) AppleWebKit/537.36 Chrome/120.0.0.0 Safari/537.36" "-"
91.108.4.100 - - [12/May/2026:04:48:42 +0700] "POST / HTTP/1.1" 404 318 "-" "python-requests/2.28.0" "-"
91.108.4.100 - - [12/May/2026:04:48:46 +0700] "POST /wp-admin HTTP/1.1" 404 44 "-" "Googlebot/2.1 (+http://www.google.com/bot.html)" "-"
185.220.101.45 - - [12/May/2026:04:49:03 +0700] "PUT /nonexistent-page HTTP/1.1" 200 22146 "-" "python-requests/2.28.0" "-"
103.56.163.10 - - [12/May/2026:04:49:11 +0700] "PUT /admin/users HTTP/1.1" 200 29129 "-" "curl/7.68.0" "-"
34.89.120.5 - - [12/May/2026:04:49:31 +0700] "GET /old-page HTTP/1.1" 200 45435 "-" "Googlebot/2.1 (+http://www.google.com/bot.html)" "-"
203.0.113.42 - - [12/May/2026:04:49:36 +0700] "POST /.env HTTP/1.1" 200 29804 "-" "Mozilla/5.0 (Macintosh; Intel Mac OS X 10_15_7) AppleWebKit/537.36 Safari/537.36" "-"
52.167.144.16 - - [12/May/2026:04:51:07 +0700] "DELETE /static/css/main.css HTTP/1.1" 200 35592 "-" "Googlebot/2.1 (+http://www.google.com/bot.html)" "-"
192.168.1.10 - - [12/May/2026:04:51:32 +0700] "POST /api/orders HTTP/1.1" 200 5574 "-" "Mozilla/5.0 (X11; Linux x86_64) AppleWebKit/537.36 Chrome/119.0.0.0 Safari/537.36" "-"
103.56.163.10 - - [12/May/2026:04:51:39 +0700] "PUT / HTTP/1.1" 200 16434 "-" "Mozilla/5.0 (Windows NT 10.0; Win64; x64) AppleWebKit/537.36 Chrome/120.0.0.0 Safari/537.36" "-"
103.72.98.10 - - [12/May/2026:04:52:00 +0700] "GET /.env HTTP/1.1" 200 37948 "-" "Mozilla/5.0 (Windows NT 10.0; Win64; x64) AppleWebKit/537.36 Chrome/120.0.0.0 Safari/537.36" "-"
91.108.4.100 - - [12/May/2026:04:52:24 +0700] "GET /admin/users HTTP/1.1" 500 59 "-" "python-requests/2.28.0" "-"
192.168.1.10 - - [12/May/2026:04:52:30 +0700] "PUT /favicon.ico HTTP/1.1" 200 10089 "-" "python-requests/2.28.0" "-"
52.167.144.16 - - [12/May/2026:04:52:35 +0700] "DELETE /api/orders HTTP/1.1" 200 1596 "-" "Googlebot/2.1 (+http://www.google.com/bot.html)" "-"
34.89.120.5 - - [12/May/2026:04:52:54 +0700] "GET /api/v1/health HTTP/1.1" 200 26902 "-" "python-requests/2.28.0" "-"
52.167.144.16 - - [12/May/2026:04:53:46 +0700] "POST /api/orders HTTP/1.1" 500 224 "-" "Googlebot/2.1 (+http://www.google.com/bot.html)" "-"
203.0.113.42 - - [12/May/2026:04:54:01 +0700] "PUT /old-page HTTP/1.1" 200 46448 "-" "Mozilla/5.0 (Macintosh; Intel Mac OS X 10_15_7) AppleWebKit/537.36 Safari/537.36" "-"
103.72.98.10 - - [12/May/2026:04:54:16 +0700] "POST /api/users HTTP/1.1" 200 7348 "-" "Mozilla/5.0 (Windows NT 10.0; Win64; x64) AppleWebKit/537.36 Chrome/120.0.0.0 Safari/537.36" "-"
185.220.101.45 - - [12/May/2026:04:54:49 +0700] "GET /login HTTP/1.1" 200 14551 "-" "Mozilla/5.0 (Windows NT 10.0; Win64; x64) AppleWebKit/537.36 Chrome/120.0.0.0 Safari/537.36" "-"
185.220.101.45 - - [12/May/2026:04:55:13 +0700] "GET /favicon.ico HTTP/1.1" 200 19398 "-" "Mozilla/5.0 (Macintosh; Intel Mac OS X 10_15_7) AppleWebKit/537.36 Safari/537.36" "-"
192.168.1.10 - - [12/May/2026:04:55:31 +0700] "DELETE /static/js/app.js HTTP/1.1" 200 22936 "-" "Googlebot/2.1 (+http://www.google.com/bot.html)" "-"
103.72.98.10 - - [12/May/2026:04:55:38 +0700] "GET /contact HTTP/1.1" 200 37747 "-" "curl/7.68.0" "-"
185.220.101.45 - - [12/May/2026:04:56:12 +0700] "PUT /nonexistent-page HTTP/1.1" 400 307 "-" "Mozilla/5.0 (Windows NT 10.0; Win64; x64) AppleWebKit/537.36 Chrome/120.0.0.0 Safari/537.36" "-"
185.220.101.45 - - [12/May/2026:04:56:20 +0700] "PUT /api/v1/health HTTP/1.1" 200 42303 "-" "Googlebot/2.1 (+http://www.google.com/bot.html)" "-"
192.168.1.10 - - [12/May/2026:04:56:52 +0700] "GET /old-page HTTP/1.1" 200 15425 "-" "Mozilla/5.0 (X11; Linux x86_64) AppleWebKit/537.36 Chrome/119.0.0.0 Safari/537.36" "-"
185.220.101.45 - - [12/May/2026:04:56:53 +0700] "PUT /login HTTP/1.1" 301 24 "-" "python-requests/2.28.0" "-"
185.220.101.45 - - [12/May/2026:04:57:18 +0700] "GET /logout HTTP/1.1" 200 39631 "-" "python-requests/2.28.0" "-"
34.89.120.5 - - [12/May/2026:04:57:19 +0700] "GET /wp-admin HTTP/1.1" 301 229 "-" "Googlebot/2.1 (+http://www.google.com/bot.html)" "-"
185.220.101.45 - - [12/May/2026:04:57:22 +0700] "PUT /contact HTTP/1.1" 200 41746 "-" "curl/7.68.0" "-"
178.128.45.67 - - [12/May/2026:04:57:46 +0700] "POST /admin HTTP/1.1" 400 320 "-" "python-requests/2.28.0" "-"
178.128.45.67 - - [12/May/2026:04:58:25 +0700] "DELETE /.env HTTP/1.1" 499 206 "-" "Mozilla/5.0 (Macintosh; Intel Mac OS X 10_15_7) AppleWebKit/537.36 Safari/537.36" "-"
91.108.4.100 - - [12/May/2026:04:59:08 +0700] "DELETE / HTTP/1.1" 200 43608 "-" "Mozilla/5.0 (Windows NT 10.0; Win64; x64) AppleWebKit/537.36 Chrome/120.0.0.0 Safari/537.36" "-"
52.167.144.16 - - [12/May/2026:04:59:12 +0700] "GET /static/js/app.js HTTP/1.1" 200 25243 "-" "Mozilla/5.0 (Windows NT 10.0; Win64; x64) AppleWebKit/537.36 Chrome/120.0.0.0 Safari/537.36" "-"
178.128.45.67 - - [12/May/2026:04:59:15 +0700] "PUT /.env HTTP/1.1" 200 31043 "-" "Googlebot/2.1 (+http://www.google.com/bot.html)" "-"
