45.148.10.231 - - [12/May/2026:09:43:44 +0700] "DELETE /favicon.ico HTTP/1.1" 200 29591 "-" "Mozilla/5.0 (X11; Linux x86_64) AppleWebKit/537.36 Chrome/119.0.0.0 Safari/537.36" "-"
103.72.98.10 - - [12/May/2026:09:44:03 +0700] "GET /api/products HTTP/1.1" 200 32898 "-" "python-requests/2.28.0" "-"
185.220.101.45 - - [12/May/2026:09:44:16 +0700] "GET /login HTTP/1.1" 200 13796 "-" "Mozilla/5.0 (X11; Linux x86_64) AppleWebKit/537.36 Chrome/119.0.0.0 Safari/537.36" "-"
91.108.4.100 - - [12/May/2026:09:44:32 +0700] "GET /login HTTP/1.1" 200 733 "-" "python-requests/2.28.0" "-"
91.108.4.100 - - [12/May/2026:09:44:32 +0700] "POST /admin HTTP/1.1" 500 374 "-" "python-requests/2.28.0" "-"
52.167.144.16 - - [12/May/2026:09:44:34 +0700] "PUT /contact HTTP/1.1" 400 352 "-" "Mozilla/5.0 (Macintosh; Intel Mac OS X 10_15_7) AppleWebKit/537.36 Safari/537.36" "-"
34.89.120.5 - - [12/May/2026:09:44:53 +0700] "DELETE /old-page HTTP/1.1" 200 41427 "-" "curl/7.68.0" "-"
34.89.120.5 - - [12/May/2026:09:45:08 +0700] "DELETE /api/products HTTP/1.1" 200 44570 "-" "Mozilla/5.0 (Windows NT 10.0; Win64; x64) AppleWebKit/537.36 Chrome/120.0.0.0 Safari/537.36" "-"
178.128.45.67 - - [12/May/2026:09:45:14 +0700] "DELETE /api/users HTTP/1.1" 200 5569 "-" "Mozilla/5.0 (Macintosh; Intel Mac OS X 10_15_7) AppleWebKit/537.36 Safari/537.36" "-"
178.128.45.67 - - [12/May/2026:09:45:15 +0700] "DELETE /login HTTP/1.1" 200 16017 "-" "Mozilla/5.0 (Windows NT 10.0; Win64; x64) AppleWebKit/537.36 Chrome/120.0.0.0 Safari/537.36" "-"
103.72.98.10 - - [12/May/2026:09:45:26 +0700] "POST /old-page HTTP/1.1" 200 35749 "-" "Googlebot/2.1 (+http://www.google.com/bot.html)" "-"
185.220.101.45 - - [12/May/2026:09:46:04 +0700] "POST /api/v1/health HTTP/1.1" 200 47751 "-" "Googlebot/2.1 (+http://www.google.com/bot.html)" "-"
185.220.101.45 - - [12/May/2026:09:46:08 +0700] "DELETE /api/products HTTP/1.1" 500 8 "-" "python-requests/2.28.0" "-"
185.220.101.45 - - [12/May/2026:09:48:02 +0700] "DELETE / HTTP/1.1" 200 9470 "-" "python-requests/2.28.0" "-"
103.72.98.10 - - [12/May/2026:09:48:53 +0700] "PUT /api/users HTTP/1.1" 200 23873 "-" "python-requests/2.28.0" "-"
185.220.101.45 - - [12/May/2026:09:48:59 +0700] "DELETE / HTTP/1.1" 200 5015 "-" "Mozilla/5.0 (Macintosh; Intel Mac OS X 10_15_7) AppleWebKit/537.36 Safari/537.36" "-"
203.0.113.42 - - [12/May/2026:09:48:59 +0700] "PUT /api/users HTTP/1.1" 200 41726 "-" "Googlebot/2.1 (+http://www.google.com/bot.html)" "-"
103.72.98.10 - - [12/May/2026:09:49:03 +0700] "DELETE /api/orders HTTP/1.1" 200 19996 "-" "Mozilla/5.0 (Windows NT 10.0; Win64; x64) AppleWebKit/537.36 Chrome/120.0.0.0 Safari/537.36" "-"
91.108.4.100 - - [12/May/2026:09:49:05 +0700] "DELETE /api/v1/health HTTP/1.1" 304 443 "-" "Mozilla/5.0 (Macintosh; Intel Mac OS X 10_15_7) AppleWebKit/537.36 Safari/537.36" "-"
192.168.1.10 - - [12/May/2026:09:49:06 +0700] "DELETE /api/orders HTTP/1.1" 200 40605 "-" "Mozilla/5.0 (Macintosh; Intel Mac OS X 10_15_7) AppleWebKit/537.36 Safari/537.36" "-"
178.128.45.67 - - [12/May/2026:09:49:36 +0700] "DELETE /static/css/main.css HTTP/1.1" 200 5790 "-" "python-requests/2.28.0" "-"
45.148.10.231 - - [12/May/2026:09:49:58 +0700] "POST /contact HTTP/1.1" 200 16537 "-" "Googlebot/2.1 (+http://www.google.com/bot.html)" "-"
185.220.101.45 - - [12/May/2026:09:50:26 +0700] "POST /static/css/main.css HTTP/1.1" 200 34096 "-" "Mozilla/5.0 (Macintosh; Intel Mac OS X 10_15_7) AppleWebKit/537.36 Safari/537.36" "-"
192.168.1.10 - - [12/May/2026:09:50:36 +0700] "POST /nonexistent-page HTTP/1.1" 404 163 "-" "curl/7.68.0" "-"
203.0.113.42 - - [12/May/2026:09:51:07 +0700] "POST /nonexistent-page HTTP/1.1" 404 255 "-" "Googlebot/2.1 (+http://www.google.com/bot.html)" "-"
192.168.1.10 - - [12/May/2026:09:51:10 +0700] "GET /api/orders HTTP/1.1" 200 32353 "-" "Mozilla/5.0 (Macintosh; Intel Mac OS X 10_15_7) AppleWebKit/537.36 Safari/537.36" "-"
185.220.101.45 - - [12/May/2026:09:51:19 +0700] "GET /admin/users HTTP/1.1" 404 157 "-" "python-requests/2.28.0" "-"
91.108.4.100 - - [12/May/2026:09:51:45 +0700] "GET /admin/users HTTP/1.1" 200 2659 "-" "Mozilla/5.0 (Macintosh; Intel Mac OS X 10_15_7) AppleWebKit/537.36 Safari/537.36" "-"
103.56.163.10 - - [12/May/2026:09:52:02 +0700] "DELETE /admin HTTP/1.1" 200 40297 "-" "Googlebot/2.1 (+http://www.google.com/bot.html)" "-"
34.89.120.5 - - [12/May/2026:09:52:35 +0700] "PUT /about HTTP/1.1" 404 106 "-" "Mozilla/5.0 (Macintosh; Intel Mac OS X 10_15_7) AppleWebKit/537.36 Safari/537.36" "-"
192.168.1.10 - - [12/May/2026:09:52:55 +0700] "DELETE /.env HTTP/1.1" 200 8500 "-" "Googlebot/2.1 (+http://www.google.com/bot.html)" "-"
45.148.10.231 - - [12/May/2026:09:53:54 +0700] "DELETE /static/js/app.js HTTP/1.1" 200 43346 "-" "curl/7.68.0" "-"
185.220.101.45 - - [12/May/2026:09:54:30 +0700] "PUT /api/users HTTP/1.1" 200 11119 "-" "Mozilla/5.0 (Windows NT 10.0; Win64; x64) AppleWebKit/537.36 Chrome/120.0.0.0 Safari/537.36" "-"
185.220.101.45 - - [12/May/2026:09:54:32 +0700] "DELETE /index.html HTTP/1.1" 200 4414 "-" "python-requests/2.28.0" "-"
185.220.101.45 - - [12/May/2026:09:54:52 +0700] "DELETE /admin/users HTTP/1.1" 500 286 "-" "Mozilla/5.0 (Macintosh; Intel Mac OS X 10_15_7) AppleWebKit/537.36 Safari/537.36" "-"
91.108.4.100 - - [12/May/2026:09:54:55 +0700] "DELETE /static/css/main.css HTTP/1.1" 200 42276 "-" "Mozilla/5.0 (Windows NT 10.0; Win64; x64) AppleWebKit/537.36 Chrome/120.0.0.0 Safari/537.36" "-"
103.56.163.10 - - [12/May/2026:09:55:23 +0700] "DELETE / HTTP/1.1" 200 7390 "-" "Mozilla/5.0 (X11; Linux x86_64) AppleWebKit/537.36 Chrome/119.0.0.0 Safari/537.36" "-"
34.89.120.5 - - [12/May/2026:09:55:49 +0700] "DELETE /logout HTTP/1.1" 200 36293 "-" "Mozilla/5.0 (X11; Linux x86_64) AppleWebKit/537.36 Chrome/119.0.0.0 Safari/537.36" "-"
192.168.1.10 - - [12/May/2026:09:56:16 +0700] "GET /admin HTTP/1.1" 404 218 "-" "Googlebot/2.1 (+http://www.google.com/bot.html)" "-"
103.56.163.10 - - [12/May/2026:09:56:18 +0700] "POST /admin/users HTTP/1.1" 400 429 "-" "Googlebot/2.1 (+http://www.google.com/bot.html)" "-"
45.148.10.231 - - [12/May/2026:09:56:23 +0700] "POST /admin/users HTTP/1.1" 200 17157 "-" "Mozilla/5.0 (Windows NT 10.0; Win64; x64) AppleWebKit/537.36 Chrome/120.0.0.0 Safari/537.36" "-"
91.108.4.100 - - [12/May/2026:09:56:27 +0700] "DELETE /api/products HTTP/1.1" 404 45 "-" "Mozilla/5.0 (X11; Linux x86_64) AppleWebKit/537.36 Chrome/119.0.0.0 Safari/537.36" "-"
103.56.163.10 - - [12/May/2026:09:56:39 +0700] "POST /static/css/main.css HTTP/1.1" 200 6798 "-" "Mozilla/5.0 (Windows NT 10.0; Win64; x64) AppleWebKit/537.36 Chrome/120.0.0.0 Safari/537.36" "-"
178.128.45.67 - - [12/May/2026:09:56:52 +0700] "POST /login HTTP/1.1" 400 126 "-" "curl/7.68.0" "-"
103.56.163.10 - - [12/May/2026:09:57:06 +0700] "PUT /wp-admin HTTP/1.1" 200 3687 "-" "Mozilla/5.0 (Macintosh; Intel Mac OS X 10_15_7) AppleWebKit/537.36 Safari/537.36" "-"
34.89.120.5 - - [12/May/2026:09:57:20 +0700] "PUT /wp-admin HTTP/1.1" 404 251 "-" "Mozilla/5.0 (Macintosh; Intel Mac OS X 10_15_7) AppleWebKit/537.36 Safari/537.36" "-"
91.108.4.100 - - [12/May/2026:09:57:36 +0700] "GET /admin/users HTTP/1.1" 200 34189 "-" "python-requests/2.28.0" "-"
103.56.163.10 - - [12/May/2026:09:57:36 +0700] "POST /contact HTTP/1.1" 200 25930 "-" "Mozilla/5.0 (Windows NT 10.0; Win64; x64) AppleWebKit/537.36 Chrome/120.0.0.0 Safari/537.36" "-"
203.0.113.42 - - [12/May/2026:09:57:38 +0700] "POST / HTTP/1.1" 200 12732 "-" "python-requests/2.28.0" "-"
185.220.101.45 - - [12/May/2026:09:57:46 +0700] "PUT /nonexistent-page HTTP/1.1" 404 177 "-" "Mozilla/5.0 (X11; Linux x86_64) AppleWebKit/537.36 Chrome/119.0.0.0 Safari/537.36" "-"
52.167.144.16 - - [12/May/2026:09:58:06 +0700] "POST /about HTTP/1.1" 200 36603 "-" "python-requests/2.28.0" "-"
185.220.101.45 - - [12/May/2026:09:58:12 +0700] "GET /api/v1/health HTTP/1.1" 200 30094 "-" "curl/7.68.0" "-"
103.56.163.10 - - [12/May/2026:09:58:30 +0700] "GET /api/products HTTP/1.1" 302 122 "-" "Mozilla/5.0 (Macintosh; Intel Mac OS X 10_15_7) AppleWebKit/537.36 Safari/537.36" "-"
185.220.101.45 - - [12/May/2026:09:58:43 +0700] "PUT /wp-admin HTTP/1.1" 302 330 "-" "Mozilla/5.0 (Macintosh; Intel Mac OS X 10_15_7) AppleWebKit/537.36 Safari/537.36" "-"
45.148.10.231 - - [12/May/2026:09:59:23 +0700] "PUT /api/v1/health HTTP/1.1" 200 31030 "-" "Mozilla/5.0 (Windows NT 10.0; Win64; x64) AppleWebKit/537.36 Chrome/120.0.0.0 Safari/537.36" "-"
52.167.144.16 - - [12/May/2026:09:59:58 +0700] "PUT /api/orders HTTP/1.1" 200 6900 "-" "python-requests/2.28.0" "-"
52.167.144.16 - - [12/May/2026:10:00:12 +0700] "PUT /.env HTTP/1.1" 200 36306 "-" "Mozilla/5.0 (X11; Linux x86_64) AppleWebKit/537.36 Chrome/119.0.0.0 Safari/537.36" "-"
103.72.98.10 - - [12/May/2026:10:00:55 +0700] "DELETE /static/css/main.css HTTP/1.1" 200 23186 "-" "curl/7.68.0" "-"
103.56.163.10 - - [12/May/2026:10:01:07 +0700] "DELETE /.env HTTP/1.1" 200 4614 "-" "python-requests/2.28.0" "-"
91.108.4.100 - - [12/May/2026:10:01:23 +0700] "PUT /login HTTP/1.1" 301 76 "-" "Mozilla/5.0 (Windows NT 10.0; Win64; x64) AppleWebKit/537.36 Chrome/120.0.0.0 Safari/537.36" "-"
103.56.163.10 - - [12/May/2026:10:02:13 +0700] "DELETE /api/products HTTP/1.1" 301 430 "-" "Mozilla/5.0 (X11; Linux x86_64) AppleWebKit/537.36 Chrome/119.0.0.0 Safari/537.36" "-"
103.72.98.10 - - [12/May/2026:10:02:51 +0700] "DELETE /static/js/app.js HTTP/1.1" 200 10459 "-" "Mozilla/5.0 (Windows NT 10.0; Win64; x64) AppleWebKit/537.36 Chrome/120.0.0.0 Safari/537.36" "-"
178.128.45.67 - - [12/May/2026:10:02:52 +0700] "DELETE /wp-admin HTTP/1.1" 200 31725 "-" "Mozilla/5.0 (Windows NT 10.0; Win64; x64) AppleWebKit/537.36 Chrome/120.0.0.0 Safari/537.36" "-"
185.220.101.45 - - [12/May/2026:10:02:55 +0700] "DELETE /api/v1/health HTTP/1.1" 200 15997 "-" "Mozilla/5.0 (Windows NT 10.0; Win64; x64) AppleWebKit/537.36 Chrome/120.0.0.0 Safari/537.36" "-"
52.167.144.16 - - [12/May/2026:10:02:57 +0700] "GET /static/css/main.css HTTP/1.1" 200 39931 "-" "python-requests/2.28.0" "-"
185.220.101.45 - - [12/May/2026:10:03:13 +0700] "DELETE /logout HTTP/1.1" 400 483 "-" "Mozilla/5.0 (Macintosh; Intel Mac OS X 10_15_7) AppleWebKit/537.36 Safari/537.36" "-"
178.128.45.67 - - [12/May/2026:10:03:15 +0700] "POST /index.html HTTP/1.1" 400 265 "-" "curl/7.68.0" "-"
203.0.113.42 - - [12/May/2026:10:03:25 +0700] "POST /old-page HTTP/1.1" 200 1102 "-" "Googlebot/2.1 (+http://www.google.com/bot.html)" "-"
103.56.163.10 - - [12/May/2026:10:03:41 +0700] "PUT /logout HTTP/1.1" 200 27622 "-" "python-requests/2.28.0" "-"
103.72.98.10 - - [12/May/2026:10:04:06 +0700] "PUT /favicon.ico HTTP/1.1" 404 319 "-" "curl/7.68.0" "-"
192.168.1.10 - - [12/May/2026:10:04:09 +0700] "POST /dashboard HTTP/1.1" 200 25185 "-" "curl/7.68.0" "-"
192.168.1.10 - - [12/May/2026:10:04:35 +0700] "PUT /nonexistent-page HTTP/1.1" 200 25265 "-" "Mozilla/5.0 (X11; Linux x86_64) AppleWebKit/537.36 Chrome/119.0.0.0 Safari/537.36" "-"
178.128.45.67 - - [12/May/2026:10:04:39 +0700] "DELETE /api/users HTTP/1.1" 200 47101 "-" "python-requests/2.28.0" "-"
103.56.163.10 - - [12/May/2026:10:04:51 +0700] "POST /login HTTP/1.1" 200 28529 "-" "python-requests/2.28.0" "-"
192.168.1.10 - - [12/May/2026:10:06:02 +0700] "PUT /old-page HTTP/1.1" 200 46640 "-" "Mozilla/5.0 (X11; Linux x86_64) AppleWebKit/537.36 Chrome/119.0.0.0 Safari/537.36" "-"
192.168.1.10 - - [12/May/2026:10:07:07 +0700] "DELETE /contact HTTP/1.1" 200 2362 "-" "curl/7.68.0" "-"
52.167.144.16 - - [12/May/2026:10:08:51 +0700] "POST / HTTP/1.1" 200 41627 "-" "Mozilla/5.0 (X11; Linux x86_64) AppleWebKit/537.36 Chrome/119.0.0.0 Safari/537.36" "-"
178.128.45.67 - - [12/May/2026:10:09:03 +0700] "PUT /api/v1/health HTTP/1.1" 200 22151 "-" "curl/7.68.0" "-"
34.89.120.5 - - [12/May/2026:10:09:12 +0700] "POST /wp-admin HTTP/1.1" 200 9740 "-" "curl/7.68.0" "-"
185.220.101.45 - - [12/May/2026:10:09:22 +0700] "DELETE /logout HTTP/1.1" 200 41794 "-" "Mozilla/5.0 (Windows NT 10.0; Win64; x64) AppleWebKit/537.36 Chrome/120.0.0.0 Safari/537.36" "-"
185.220.101.45 - - [12/May/2026:10:10:55 +0700] "POST /api/products HTTP/1.1" 404 179 "-" "Mozilla/5.0 (X11; Linux x86_64) AppleWebKit/537.36 Chrome/119.0.0.0 Safari/537.36" "-"
103.72.98.10 - - [12/May/2026:10:11:03 +0700] "GET /api/v1/health HTTP/1.1" 500 116 "-" "Mozilla/5.0 (Macintosh; Intel Mac OS X 10_15_7) AppleWebKit/537.36 Safari/537.36" "-"
203.0.113.42 - - [12/May/2026:10:11:15 +0700] "POST /api/v1/health HTTP/1.1" 400 370 "-" "Mozilla/5.0 (Macintosh; Intel Mac OS X 10_15_7) AppleWebKit/537.36 Safari/537.36" "-"
45.148.10.231 - - [12/May/2026:10:11:29 +0700] "POST /login HTTP/1.1" 301 89 "-" "python-requests/2.28.0" "-"
52.167.144.16 - - [12/May/2026:10:11:52 +0700] "PUT /logout HTTP/1.1" 500 243 "-" "Mozilla/5.0 (Windows NT 10.0; Win64; x64) AppleWebKit/537.36 Chrome/120.0.0.0 Safari/537.36" "-"
45.148.10.231 - - [12/May/2026:10:12:22 +0700] "PUT /login HTTP/1.1" 200 31535 "-" "Googlebot/2.1 (+http://www.google.com/bot.html)" "-"
103.72.98.10 - - [12/May/2026:10:12:27 +0700] "PUT /.env HTTP/1.1" 200 26876 "-" "python-requests/2.28.0" "-"
45.148.10.231 - - [12/May/2026:10:12:34 +0700] "DELETE /api/users HTTP/1.1" 200 40535 "-" "Googlebot/2.1 (+http://www.google.com/bot.html)" "-"
178.128.45.67 - - [12/May/2026:10:12:37 +0700] "GET /about HTTP/1.1" 200 32804 "-" "curl/7.68.0" "-"
203.0.113.42 - - [12/May/2026:10:12:41 +0700] "POST /api/products HTTP/1.1" 200 35393 "-" "Mozilla/5.0 (Macintosh; Intel Mac OS X 10_15_7) AppleWebKit/537.36 Safari/537.36" "-"
203.0.113.42 - - [12/May/2026:10:12:43 +0700] "GET /wp-admin HTTP/1.1" 200 39004 "-" "Mozilla/5.0 (Windows NT 10.0; Win64; x64) AppleWebKit/537.36 Chrome/120.0.0.0 Safari/537.36" "-"
45.148.10.231 - - [12/May/2026:10:12:50 +0700] "DELETE /contact HTTP/1.1" 301 424 "-" "Mozilla/5.0 (Macintosh; Intel Mac OS X 10_15_7) AppleWebKit/537.36 Safari/537.36" "-"
52.167.144.16 - - [12/May/2026:10:13:11 +0700] "POST /api/users HTTP/1.1" 301 230 "-" "curl/7.68.0" "-"
178.128.45.67 - - [12/May/2026:10:13:48 +0700] "PUT /old-page HTTP/1.1" 200 444 "-" "Mozilla/5.0 (Windows NT 10.0; Win64; x64) AppleWebKit/537.36 Chrome/120.0.0.0 Safari/537.36" "-"
34.89.120.5 - - [12/May/2026:10:14:10 +0700] "POST /static/css/main.css HTTP/1.1" 301 192 "-" "Mozilla/5.0 (X11; Linux x86_64) AppleWebKit/537.36 Chrome/119.0.0.0 Safari/537.36" "-"
203.0.113.42 - - [12/May/2026:10:14:39 +0700] "PUT /static/js/app.js HTTP/1.1" 200 40061 "-" "Mozilla/5.0 (Windows NT 10.0; Win64; x64) AppleWebKit/537.36 Chrome/120.0.0.0 Safari/537.36" "-"
185.220.101.45 - - [12/May/2026:10:14:59 +0700] "DELETE /wp-admin HTTP/1.1" 400 431 "-" "python-requests/2.28.0" "-"
203.0.113.42 - - [12/May/2026:10:15:09 +0700] "DELETE /nonexistent-page HTTP/1.1" 404 255 "-" "Mozilla/5.0 (Windows NT 10.0; Win64; x64) AppleWebKit/537.36 Chrome/120.0.0.0 Safari/537.36" "-"
192.168.1.10 - - [12/May/2026:10:15:17 +0700] "DELETE /api/users HTTP/1.1" 200 35604 "-" "python-requests/2.28.0" "-"
91.108.4.100 - - [12/May/2026:10:15:18 +0700] "DELETE /.env HTTP/1.1" 200 4288 "-" "Mozilla/5.0 (X11; Linux x86_64) AppleWebKit/537.36 Chrome/119.0.0.0 Safari/537.36" "-"
52.167.144.16 - - [12/May/2026:10:15:19 +0700] "PUT /api/products HTTP/1.1" 200 23132 "-" "Mozilla/5.0 (Macintosh; Intel Mac OS X 10_15_7) AppleWebKit/537.36 Safari/537.36" "-"
34.89.120.5 - - [12/May/2026:10:15:34 +0700] "PUT /logout HTTP/1.1" 200 8654 "-" "Mozilla/5.0 (X11; Linux x86_64) AppleWebKit/537.36 Chrome/119.0.0.0 Safari/537.36" "-"
103.56.163.10 - - [12/May/2026:10:15:42 +0700] "POST /favicon.ico HTTP/1.1" 200 17178 "-" "python-requests/2.28.0" "-"
185.220.101.45 - - [12/May/2026:10:16:39 +0700] "GET /api/v1/health HTTP/1.1" 200 28286 "-" "python-requests/2.28.0" "-"
34.89.120.5 - - [12/May/2026:10:16:43 +0700] "PUT /logout HTTP/1.1" 200 46509 "-" "curl/7.68.0" "-"
103.56.163.10 - - [12/May/2026:10:16:46 +0700] "GET /admin/users HTTP/1.1" 302 142 "-" "Mozilla/5.0 (X11; Linux x86_64) AppleWebKit/537.36 Chrome/119.0.0.0 Safari/537.36" "-"
45.148.10.231 - - [12/May/2026:10:16:54 +0700] "DELETE /wp-admin HTTP/1.1" 302 148 "-" "python-requests/2.28.0" "-"
203.0.113.42 - - [12/May/2026:10:16:58 +0700] "PUT /contact HTTP/1.1" 200 15416 "-" "Mozilla/5.0 (Windows NT 10.0; Win64; x64) AppleWebKit/537.36 Chrome/120.0.0.0 Safari/537.36" "-"
34.89.120.5 - - [12/May/2026:10:17:27 +0700] "PUT /wp-admin HTTP/1.1" 302 326 "-" "Mozilla/5.0 (Windows NT 10.0; Win64; x64) AppleWebKit/537.36 Chrome/120.0.0.0 Safari/537.36" "-"
185.220.101.45 - - [12/May/2026:10:18:37 +0700] "POST / HTTP/1.1" 200 3325 "-" "python-requests/2.28.0" "-"
178.128.45.67 - - [12/May/2026:10:18:41 +0700] "DELETE /static/js/app.js HTTP/1.1" 200 7600 "-" "Mozilla/5.0 (Macintosh; Intel Mac OS X 10_15_7) AppleWebKit/537.36 Safari/537.36" "-"
34.89.120.5 - - [12/May/2026:10:18:45 +0700] "PUT /api/v1/health HTTP/1.1" 404 388 "-" "Mozilla/5.0 (Windows NT 10.0; Win64; x64) AppleWebKit/537.36 Chrome/120.0.0.0 Safari/537.36" "-"
178.128.45.67 - - [12/May/2026:10:19:04 +0700] "POST /.env HTTP/1.1" 200 26657 "-" "Mozilla/5.0 (X11; Linux x86_64) AppleWebKit/537.36 Chrome/119.0.0.0 Safari/537.36" "-"
185.220.101.45 - - [12/May/2026:10:19:09 +0700] "GET /admin HTTP/1.1" 200 1798 "-" "Googlebot/2.1 (+http://www.google.com/bot.html)" "-"
185.220.101.45 - - [12/May/2026:10:19:13 +0700] "PUT /api/v1/health HTTP/1.1" 200 19340 "-" "python-requests/2.28.0" "-"
203.0.113.42 - - [12/May/2026:10:20:36 +0700] "POST /favicon.ico HTTP/1.1" 301 312 "-" "Mozilla/5.0 (Windows NT 10.0; Win64; x64) AppleWebKit/537.36 Chrome/120.0.0.0 Safari/537.36" "-"
34.89.120.5 - - [12/May/2026:10:21:06 +0700] "PUT /api/products HTTP/1.1" 200 32449 "-" "curl/7.68.0" "-"
103.72.98.10 - - [12/May/2026:10:21:13 +0700] "DELETE /wp-admin HTTP/1.1" 404 20 "-" "python-requests/2.28.0" "-"
192.168.1.10 - - [12/May/2026:10:21:31 +0700] "GET /admin HTTP/1.1" 200 33933 "-" "Mozilla/5.0 (Macintosh; Intel Mac OS X 10_15_7) AppleWebKit/537.36 Safari/537.36" "-"
185.220.101.45 - - [12/May/2026:10:21:48 +0700] "PUT /admin HTTP/1.1" 200 29167 "-" "Mozilla/5.0 (Macintosh; Intel Mac OS X 10_15_7) AppleWebKit/537.36 Safari/537.36" "-"
103.56.163.10 - - [12/May/2026:10:22:04 +0700] "PUT /wp-admin HTTP/1.1" 200 23102 "-" "Googlebot/2.1 (+http://www.google.com/bot.html)" "-"
91.108.4.100 - - [12/May/2026:10:22:12 +0700] "POST /dashboard HTTP/1.1" 200 38381 "-" "Mozilla/5.0 (X11; Linux x86_64) AppleWebKit/537.36 Chrome/119.0.0.0 Safari/537.36" "-"
91.108.4.100 - - [12/May/2026:10:22:45 +0700] "PUT /static/css/main.css HTTP/1.1" 200 28705 "-" "curl/7.68.0" "-"
178.128.45.67 - - [12/May/2026:10:23:05 +0700] "POST /old-page HTTP/1.1" 200 27027 "-" "Mozilla/5.0 (Windows NT 10.0; Win64; x64) AppleWebKit/537.36 Chrome/120.0.0.0 Safari/537.36" "-"
45.148.10.231 - - [12/May/2026:10:23:21 +0700] "PUT /admin/users HTTP/1.1" 200 31318 "-" "curl/7.68.0" "-"
103.56.163.10 - - [12/May/2026:10:23:47 +0700] "GET /admin/users HTTP/1.1" 499 276 "-" "Mozilla/5.0 (Macintosh; Intel Mac OS X 10_15_7) AppleWebKit/537.36 Safari/537.36" "-"
91.108.4.100 - - [12/May/2026:10:23:49 +0700] "POST /static/js/app.js HTTP/1.1" 200 25109 "-" "Mozilla/5.0 (Windows NT 10.0; Win64; x64) AppleWebKit/537.36 Chrome/120.0.0.0 Safari/537.36" "-"
103.56.163.10 - - [12/May/2026:10:24:03 +0700] "PUT /wp-admin HTTP/1.1" 200 39209 "-" "Mozilla/5.0 (X11; Linux x86_64) AppleWebKit/537.36 Chrome/119.0.0.0 Safari/537.36" "-"
34.89.120.5 - - [12/May/2026:10:24:15 +0700] "PUT /contact HTTP/1.1" 404 477 "-" "Mozilla/5.0 (X11; Linux x86_64) AppleWebKit/537.36 Chrome/119.0.0.0 Safari/537.36" "-"
192.168.1.10 - - [12/May/2026:10:24:31 +0700] "GET /dashboard HTTP/1.1" 200 25129 "-" "Googlebot/2.1 (+http://www.google.com/bot.html)" "-"
34.89.120.5 - - [12/May/2026:10:24:38 +0700] "GET /.env HTTP/1.1" 200 43253 "-" "Mozilla/5.0 (Macintosh; Intel Mac OS X 10_15_7) AppleWebKit/537.36 Safari/537.36" "-"
34.89.120.5 - - [12/May/2026:10:25:09 +0700] "POST /about HTTP/1.1" 200 19567 "-" "python-requests/2.28.0" "-"
178.128.45.67 - - [12/May/2026:10:25:15 +0700] "GET /old-page HTTP/1.1" 200 48443 "-" "Mozilla/5.0 (Windows NT 10.0; Win64; x64) AppleWebKit/537.36 Chrome/120.0.0.0 Safari/537.36" "-"
185.220.101.45 - - [12/May/2026:10:25:23 +0700] "POST /login HTTP/1.1" 200 1673 "-" "Mozilla/5.0 (X11; Linux x86_64) AppleWebKit/537.36 Chrome/119.0.0.0 Safari/537.36" "-"
178.128.45.67 - - [12/May/2026:10:25:34 +0700] "DELETE /about HTTP/1.1" 200 43517 "-" "Googlebot/2.1 (+http://www.google.com/bot.html)" "-"
192.168.1.10 - - [12/May/2026:10:25:45 +0700] "DELETE /contact HTTP/1.1" 200 32130 "-" "Googlebot/2.1 (+http://www.google.com/bot.html)" "-"
91.108.4.100 - - [12/May/2026:10:25:46 +0700] "PUT /nonexistent-page HTTP/1.1" 200 42539 "-" "Mozilla/5.0 (Macintosh; Intel Mac OS X 10_15_7) AppleWebKit/537.36 Safari/537.36" "-"
178.128.45.67 - - [12/May/2026:10:26:02 +0700] "DELETE /logout HTTP/1.1" 200 12511 "-" "Googlebot/2.1 (+http://www.google.com/bot.html)" "-"
203.0.113.42 - - [12/May/2026:10:26:27 +0700] "GET /static/css/main.css HTTP/1.1" 200 43696 "-" "Mozilla/5.0 (X11; Linux x86_64) AppleWebKit/537.36 Chrome/119.0.0.0 Safari/537.36" "-"
45.148.10.231 - - [12/May/2026:10:27:20 +0700] "PUT /api/orders HTTP/1.1" 302 148 "-" "python-requests/2.28.0" "-"
178.128.45.67 - - [12/May/2026:10:28:01 +0700] "GET /api/v1/health HTTP/1.1" 200 42407 "-" "Mozilla/5.0 (Macintosh; Intel Mac OS X 10_15_7) AppleWebKit/537.36 Safari/537.36" "-"
203.0.113.42 - - [12/May/2026:10:28:20 +0700] "POST /logout HTTP/1.1" 200 34845 "-" "python-requests/2.28.0" "-"
192.168.1.10 - - [12/May/2026:10:28:22 +0700] "PUT /api/orders HTTP/1.1" 500 432 "-" "Mozilla/5.0 (Macintosh; Intel Mac OS X 10_15_7) AppleWebKit/537.36 Safari/537.36" "-"
45.148.10.231 - - [12/May/2026:10:28:36 +0700] "GET /api/v1/health HTTP/1.1" 200 24432 "-" "Mozilla/5.0 (X11; Linux x86_64) AppleWebKit/537.36 Chrome/119.0.0.0 Safari/537.36" "-"
178.128.45.67 - - [12/May/2026:10:28:41 +0700] "PUT /admin HTTP/1.1" 200 36271 "-" "Googlebot/2.1 (+http://www.google.com/bot.html)" "-"
91.108.4.100 - - [12/May/2026:10:29:13 +0700] "POST /.env HTTP/1.1" 200 22389 "-" "curl/7.68.0" "-"
178.128.45.67 - - [12/May/2026:10:30:06 +0700] "GET /admin/users HTTP/1.1" 200 44341 "-" "Googlebot/2.1 (+http://www.google.com/bot.html)" "-"
192.168.1.10 - - [12/May/2026:10:30:18 +0700] "POST /api/orders HTTP/1.1" 499 59 "-" "Mozilla/5.0 (Windows NT 10.0; Win64; x64) AppleWebKit/537.36 Chrome/120.0.0.0 Safari/537.36" "-"
45.148.10.231 - - [12/May/2026:10:30:56 +0700] "POST /static/css/main.css HTTP/1.1" 200 195 "-" "Mozilla/5.0 (Macintosh; Intel Mac OS X 10_15_7) AppleWebKit/537.36 Safari/537.36" "-"
103.72.98.10 - - [12/May/2026:10:31:10 +0700] "DELETE /index.html HTTP/1.1" 200 25788 "-" "Mozilla/5.0 (Windows NT 10.0; Win64; x64) AppleWebKit/537.36 Chrome/120.0.0.0 Safari/537.36" "-"
45.148.10.231 - - [12/May/2026:10:31:22 +0700] "PUT /old-page HTTP/1.1" 200 26668 "-" "curl/7.68.0" "-"
203.0.113.42 - - [12/May/2026:10:32:10 +0700] "GET /api/users HTTP/1.1" 200 27967 "-" "Mozilla/5.0 (Macintosh; Intel Mac OS X 10_15_7) AppleWebKit/537.36 Safari/537.36" "-"
192.168.1.10 - - [12/May/2026:10:33:19 +0700] "POST /dashboard HTTP/1.1" 200 24179 "-" "Mozilla/5.0 (Windows NT 10.0; Win64; x64) AppleWebKit/537.36 Chrome/120.0.0.0 Safari/537.36" "-"
103.72.98.10 - - [12/May/2026:10:33:19 +0700] "GET /api/products HTTP/1.1" 200 14568 "-" "Googlebot/2.1 (+http://www.google.com/bot.html)" "-"
192.168.1.10 - - [12/May/2026:10:34:25 +0700] "DELETE /static/css/main.css HTTP/1.1" 200 12341 "-" "Mozilla/5.0 (Macintosh; Intel Mac OS X 10_15_7) AppleWebKit/537.36 Safari/537.36" "-"
103.72.98.10 - - [12/May/2026:10:34:35 +0700] "GET /favicon.ico HTTP/1.1" 400 269 "-" "Googlebot/2.1 (+http://www.google.com/bot.html)" "-"
52.167.144.16 - - [12/May/2026:10:34:47 +0700] "GET /admin/users HTTP/1.1" 500 421 "-" "Mozilla/5.0 (X11; Linux x86_64) AppleWebKit/537.36 Chrome/119.0.0.0 Safari/537.36" "-"
45.148.10.231 - - [12/May/2026:10:34:54 +0700] "POST /admin/users HTTP/1.1" 200 30601 "-" "python-requests/2.28.0" "-"
185.220.101.45 - - [12/May/2026:10:34:56 +0700] "DELETE /static/css/main.css HTTP/1.1" 200 26536 "-" "Mozilla/5.0 (Macintosh; Intel Mac OS X 10_15_7) AppleWebKit/537.36 Safari/537.36" "-"
185.220.101.45 - - [12/May/2026:10:35:10 +0700] "DELETE /index.html HTTP/1.1" 200 32904 "-" "Mozilla/5.0 (X11; Linux x86_64) AppleWebKit/537.36 Chrome/119.0.0.0 Safari/537.36" "-"
185.220.101.45 - - [12/May/2026:10:35:30 +0700] "POST /static/css/main.css HTTP/1.1" 200 5734 "-" "curl/7.68.0" "-"
52.167.144.16 - - [12/May/2026:10:35:39 +0700] "POST /static/js/app.js HTTP/1.1" 301 2 "-" "curl/7.68.0" "-"
103.72.98.10 - - [12/May/2026:10:35:41 +0700] "GET /logout HTTP/1.1" 200 49554 "-" "Mozilla/5.0 (Macintosh; Intel Mac OS X 10_15_7) AppleWebKit/537.36 Safari/537.36" "-"
103.72.98.10 - - [12/May/2026:10:35:51 +0700] "PUT /old-page HTTP/1.1" 304 395 "-" "curl/7.68.0" "-"
34.89.120.5 - - [12/May/2026:10:35:59 +0700] "PUT /api/products HTTP/1.1" 301 27 "-" "python-requests/2.28.0" "-"
192.168.1.10 - - [12/May/2026:10:36:06 +0700] "POST /nonexistent-page HTTP/1.1" 200 33057 "-" "Mozilla/5.0 (X11; Linux x86_64) AppleWebKit/537.36 Chrome/119.0.0.0 Safari/537.36" "-"
178.128.45.67 - - [12/May/2026:10:36:18 +0700] "DELETE /wp-admin HTTP/1.1" 200 24955 "-" "Mozilla/5.0 (X11; Linux x86_64) AppleWebKit/537.36 Chrome/119.0.0.0 Safari/537.36" "-"
103.56.163.10 - - [12/May/2026:10:37:18 +0700] "DELETE /old-page HTTP/1.1" 200 28256 "-" "Googlebot/2.1 (+http://www.google.com/bot.html)" "-"
185.220.101.45 - - [12/May/2026:10:37:27 +0700] "PUT /contact HTTP/1.1" 304 215 "-" "curl/7.68.0" "-"
52.167.144.16 - - [12/May/2026:10:37:58 +0700] "PUT /static/js/app.js HTTP/1.1" 304 239 "-" "Mozilla/5.0 (Windows NT 10.0; Win64; x64) AppleWebKit/537.36 Chrome/120.0.0.0 Safari/537.36" "-"
91.108.4.100 - - [12/May/2026:10:38:08 +0700] "GET /static/css/main.css HTTP/1.1" 200 17164 "-" "curl/7.68.0" "-"
185.220.101.45 - - [12/May/2026:10:38:36 +0700] "PUT /old-page HTTP/1.1" 200 29295 "-" "Googlebot/2.1 (+http://www.google.com/bot.html)" "-"
52.167.144.16 - - [12/May/2026:10:39:14 +0700] "PUT /index.html HTTP/1.1" 200 44990 "-" "Mozilla/5.0 (X11; Linux x86_64) AppleWebKit/537.36 Chrome/119.0.0.0 Safari/537.36" "-"
185.220.101.45 - - [12/May/2026:10:40:10 +0700] "POST /contact HTTP/1.1" 499 486 "-" "Mozilla/5.0 (X11; Linux x86_64) AppleWebKit/537.36 Chrome/119.0.0.0 Safari/537.36" "-"
91.108.4.100 - - [12/May/2026:10:40:40 +0700] "POST /nonexistent-page HTTP/1.1" 301 146 "-" "curl/7.68.0" "-"
178.128.45.67 - - [12/May/2026:10:40:58 +0700] "POST /wp-admin HTTP/1.1" 499 322 "-" "Mozilla/5.0 (X11; Linux x86_64) AppleWebKit/537.36 Chrome/119.0.0.0 Safari/537.36" "-"
185.220.101.45 - - [12/May/2026:10:41:18 +0700] "GET /old-page HTTP/1.1" 200 11722 "-" "curl/7.68.0" "-"
91.108.4.100 - - [12/May/2026:10:41:38 +0700] "GET /api/users HTTP/1.1" 200 772 "-" "Googlebot/2.1 (+http://www.google.com/bot.html)" "-"
45.148.10.231 - - [12/May/2026:10:41:48 +0700] "PUT /old-page HTTP/1.1" 200 31728 "-" "curl/7.68.0" "-"
203.0.113.42 - - [12/May/2026:10:42:06 +0700] "DELETE /logout HTTP/1.1" 200 3774 "-" "Mozilla/5.0 (Windows NT 10.0; Win64; x64) AppleWebKit/537.36 Chrome/120.0.0.0 Safari/537.36" "-"
178.128.45.67 - - [12/May/2026:10:42:08 +0700] "POST /static/css/main.css HTTP/1.1" 200 41083 "-" "python-requests/2.28.0" "-"
34.89.120.5 - - [12/May/2026:10:43:04 +0700] "POST / HTTP/1.1" 404 235 "-" "curl/7.68.0" "-"
45.148.10.231 - - [12/May/2026:10:43:11 +0700] "GET /admin/users HTTP/1.1" 200 19670 "-" "Mozilla/5.0 (Windows NT 10.0; Win64; x64) AppleWebKit/537.36 Chrome/120.0.0.0 Safari/537.36" "-"
45.148.10.231 - - [12/May/2026:10:43:28 +0700] "DELETE /login HTTP/1.1" 200 20426 "-" "Mozilla/5.0 (Macintosh; Intel Mac OS X 10_15_7) AppleWebKit/537.36 Safari/537.36" "-"
185.220.101.45 - - [12/May/2026:10:43:36 +0700] "POST /wp-admin HTTP/1.1" 200 31417 "-" "Mozilla/5.0 (X11; Linux x86_64) AppleWebKit/537.36 Chrome/119.0.0.0 Safari/537.36" "-"
185.220.101.45 - - [12/May/2026:10:44:01 +0700] "POST /index.html HTTP/1.1" 200 32616 "-" "Googlebot/2.1 (+http://www.google.com/bot.html)" "-"
103.56.163.10 - - [12/May/2026:10:45:01 +0700] "POST /dashboard HTTP/1.1" 200 26699 "-" "Mozilla/5.0 (Macintosh; Intel Mac OS X 10_15_7) AppleWebKit/537.36 Safari/537.36" "-"
185.220.101.45 - - [12/May/2026:10:45:01 +0700] "GET /login HTTP/1.1" 200 10872 "-" "Mozilla/5.0 (Macintosh; Intel Mac OS X 10_15_7) AppleWebKit/537.36 Safari/537.36" "-"
185.220.101.45 - - [12/May/2026:10:45:39 +0700] "PUT /api/users HTTP/1.1" 200 1281 "-" "Mozilla/5.0 (X11; Linux x86_64) AppleWebKit/537.36 Chrome/119.0.0.0 Safari/537.36" "-"
52.167.144.16 - - [12/May/2026:10:45:41 +0700] "DELETE /login HTTP/1.1" 200 8158 "-" "Mozilla/5.0 (Windows NT 10.0; Win64; x64) AppleWebKit/537.36 Chrome/120.0.0.0 Safari/537.36" "-"
192.168.1.10 - - [12/May/2026:10:45:54 +0700] "PUT /wp-admin HTTP/1.1" 404 433 "-" "python-requests/2.28.0" "-"
103.56.163.10 - - [12/May/2026:10:46:00 +0700] "DELETE /api/users HTTP/1.1" 200 41796 "-" "python-requests/2.28.0" "-"
103.56.163.10 - - [12/May/2026:10:46:04 +0700] "DELETE / HTTP/1.1" 200 40761 "-" "python-requests/2.28.0" "-"
185.220.101.45 - - [12/May/2026:10:46:04 +0700] "DELETE /wp-admin HTTP/1.1" 200 18569 "-" "Mozilla/5.0 (Macintosh; Intel Mac OS X 10_15_7) AppleWebKit/537.36 Safari/537.36" "-"
178.128.45.67 - - [12/May/2026:10:46:28 +0700] "PUT /old-page HTTP/1.1" 304 474 "-" "Googlebot/2.1 (+http://www.google.com/bot.html)" "-"
185.220.101.45 - - [12/May/2026:10:46:31 +0700] "PUT /contact HTTP/1.1" 200 16033 "-" "Mozilla/5.0 (Macintosh; Intel Mac OS X 10_15_7) AppleWebKit/537.36 Safari/537.36" "-"
103.56.163.10 - - [12/May/2026:10:46:37 +0700] "GET /static/js/app.js HTTP/1.1" 304 457 "-" "Mozilla/5.0 (Macintosh; Intel Mac OS X 10_15_7) AppleWebKit/537.36 Safari/537.36" "-"
34.89.120.5 - - [12/May/2026:10:47:38 +0700] "POST /admin/users HTTP/1.1" 499 319 "-" "Googlebot/2.1 (+http://www.google.com/bot.html)" "-"
103.72.98.10 - - [12/May/2026:10:47:40 +0700] "PUT /.env HTTP/1.1" 200 14540 "-" "Mozilla/5.0 (Macintosh; Intel Mac OS X 10_15_7) AppleWebKit/537.36 Safari/537.36" "-"
34.89.120.5 - - [12/May/2026:10:47:51 +0700] "GET /api/products HTTP/1.1" 200 19527 "-" "Mozilla/5.0 (Windows NT 10.0; Win64; x64) AppleWebKit/537.36 Chrome/120.0.0.0 Safari/537.36" "-"
45.148.10.231 - - [12/May/2026:10:48:16 +0700] "DELETE /index.html HTTP/1.1" 200 18256 "-" "curl/7.68.0" "-"
192.168.1.10 - - [12/May/2026:10:48:46 +0700] "POST / HTTP/1.1" 200 44198 "-" "python-requests/2.28.0" "-"
103.72.98.10 - - [12/May/2026:10:49:15 +0700] "GET /api/products HTTP/1.1" 200 41678 "-" "Googlebot/2.1 (+http://www.google.com/bot.html)" "-"
178.128.45.67 - - [12/May/2026:10:49:40 +0700] "POST /login HTTP/1.1" 200 26737 "-" "Mozilla/5.0 (Macintosh; Intel Mac OS X 10_15_7) AppleWebKit/537.36 Safari/537.36" "-"
103.72.98.10 - - [12/May/2026:10:49:57 +0700] "GET /about HTTP/1.1" 301 117 "-" "Googlebot/2.1 (+http://www.google.com/bot.html)" "-"
178.128.45.67 - - [12/May/2026:10:50:25 +0700] "GET /about HTTP/1.1" 200 7228 "-" "Googlebot/2.1 (+http://www.google.com/bot.html)" "-"
91.108.4.100 - - [12/May/2026:10:50:41 +0700] "DELETE /favicon.ico HTTP/1.1" 200 35885 "-" "Mozilla/5.0 (Windows NT 10.0; Win64; x64) AppleWebKit/537.36 Chrome/120.0.0.0 Safari/537.36" "-"
91.108.4.100 - - [12/May/2026:10:50:44 +0700] "PUT /old-page HTTP/1.1" 200 32969 "-" "Mozilla/5.0 (Windows NT 10.0; Win64; x64) AppleWebKit/537.36 Chrome/120.0.0.0 Safari/537.36" "-"
185.220.101.45 - - [12/May/2026:10:50:51 +0700] "PUT /logout HTTP/1.1" 404 32 "-" "curl/7.68.0" "-"
52.167.144.16 - - [12/May/2026:10:50:52 +0700] "DELETE /static/js/app.js HTTP/1.1" 200 4558 "-" "python-requests/2.28.0" "-"
52.167.144.16 - - [12/May/2026:10:51:20 +0700] "POST /contact HTTP/1.1" 200 17194 "-" "Mozilla/5.0 (Macintosh; Intel Mac OS X 10_15_7) AppleWebKit/537.36 Safari/537.36" "-"
34.89.120.5 - - [12/May/2026:10:51:53 +0700] "DELETE /index.html HTTP/1.1" 200 36581 "-" "Mozilla/5.0 (Macintosh; Intel Mac OS X 10_15_7) AppleWebKit/537.36 Safari/537.36" "-"
45.148.10.231 - - [12/May/2026:10:52:15 +0700] "GET /index.html HTTP/1.1" 500 21 "-" "Mozilla/5.0 (X11; Linux x86_64) AppleWebKit/537.36 Chrome/119.0.0.0 Safari/537.36" "-"
103.56.163.10 - - [12/May/2026:10:52:18 +0700] "PUT /logout HTTP/1.1" 200 24687 "-" "curl/7.68.0" "-"
45.148.10.231 - - [12/May/2026:10:52:21 +0700] "DELETE /api/v1/health HTTP/1.1" 200 5592 "-" "curl/7.68.0" "-"
52.167.144.16 - - [12/May/2026:10:52:52 +0700] "POST /admin/users HTTP/1.1" 200 22909 "-" "Mozilla/5.0 (Macintosh; Intel Mac OS X 10_15_7) AppleWebKit/537.36 Safari/537.36" "-"
185.220.101.45 - - [12/May/2026:10:53:11 +0700] "PUT /admin/users HTTP/1.1" 200 14985 "-" "python-requests/2.28.0" "-"
178.128.45.67 - - [12/May/2026:10:53:48 +0700] "PUT /about HTTP/1.1" 200 21148 "-" "Mozilla/5.0 (Windows NT 10.0; Win64; x64) AppleWebKit/537.36 Chrome/120.0.0.0 Safari/537.36" "-"
192.168.1.10 - - [12/May/2026:10:53:50 +0700] "GET /api/products HTTP/1.1" 200 41871 "-" "Mozilla/5.0 (Macintosh; Intel Mac OS X 10_15_7) AppleWebKit/537.36 Safari/537.36" "-"
192.168.1.10 - - [12/May/2026:10:53:59 +0700] "POST /.env HTTP/1.1" 302 410 "-" "Mozilla/5.0 (X11; Linux x86_64) AppleWebKit/537.36 Chrome/119.0.0.0 Safari/537.36" "-"
45.148.10.231 - - [12/May/2026:10:54:02 +0700] "DELETE /index.html HTTP/1.1" 200 47508 "-" "Mozilla/5.0 (Windows NT 10.0; Win64; x64) AppleWebKit/537.36 Chrome/120.0.0.0 Safari/537.36" "-"
192.168.1.10 - - [12/May/2026:10:54:27 +0700] "GET /dashboard HTTP/1.1" 200 29749 "-" "python-requests/2.28.0" "-"
34.89.120.5 - - [12/May/2026:10:54:50 +0700] "DELETE /about HTTP/1.1" 200 18453 "-" "Googlebot/2.1 (+http://www.google.com/bot.html)" "-"
52.167.144.16 - - [12/May/2026:10:54:54 +0700] "POST /admin/users HTTP/1.1" 404 337 "-" "Mozilla/5.0 (Macintosh; Intel Mac OS X 10_15_7) AppleWebKit/537.36 Safari/537.36" "-"
185.220.101.45 - - [12/May/2026:10:54:55 +0700] "PUT /api/orders HTTP/1.1" 200 38692 "-" "Mozilla/5.0 (Macintosh; Intel Mac OS X 10_15_7) AppleWebKit/537.36 Safari/537.36" "-"
103.56.163.10 - - [12/May/2026:10:55:21 +0700] "GET /login HTTP/1.1" 200 41879 "-" "Mozilla/5.0 (X11; Linux x86_64) AppleWebKit/537.36 Chrome/119.0.0.0 Safari/537.36" "-"
178.128.45.67 - - [12/May/2026:10:55:25 +0700] "PUT /api/v1/health HTTP/1.1" 200 49883 "-" "curl/7.68.0" "-"
45.148.10.231 - - [12/May/2026:10:55:42 +0700] "GET /login HTTP/1.1" 200 11811 "-" "python-requests/2.28.0" "-"
52.167.144.16 - - [12/May/2026:10:55:55 +0700] "PUT /admin HTTP/1.1" 301 400 "-" "curl/7.68.0" "-"
192.168.1.10 - - [12/May/2026:10:56:17 +0700] "PUT /about HTTP/1.1" 200 13576 "-" "python-requests/2.28.0" "-"
34.89.120.5 - - [12/May/2026:10:56:17 +0700] "GET /.env HTTP/1.1" 200 25952 "-" "Mozilla/5.0 (Macintosh; Intel Mac OS X 10_15_7) AppleWebKit/537.36 Safari/537.36" "-"
34.89.120.5 - - [12/May/2026:10:56:28 +0700] "POST /static/css/main.css HTTP/1.1" 301 122 "-" "Mozilla/5.0 (X11; Linux x86_64) AppleWebKit/537.36 Chrome/119.0.0.0 Safari/537.36" "-"
185.220.101.45 - - [12/May/2026:10:56:28 +0700] "DELETE /nonexistent-page HTTP/1.1" 200 35432 "-" "python-requests/2.28.0" "-"
52.167.144.16 - - [12/May/2026:10:57:20 +0700] "POST /contact HTTP/1.1" 200 36791 "-" "curl/7.68.0" "-"
103.56.163.10 - - [12/May/2026:10:57:36 +0700] "DELETE /old-page HTTP/1.1" 200 26097 "-" "Mozilla/5.0 (X11; Linux x86_64) AppleWebKit/537.36 Chrome/119.0.0.0 Safari/537.36" "-"
185.220.101.45 - - [12/May/2026:10:57:49 +0700] "PUT /login HTTP/1.1" 301 63 "-" "python-requests/2.28.0" "-"
45.148.10.231 - - [12/May/2026:10:58:10 +0700] "DELETE /contact HTTP/1.1" 200 39657 "-" "Mozilla/5.0 (Windows NT 10.0; Win64; x64) AppleWebKit/537.36 Chrome/120.0.0.0 Safari/537.36" "-"
203.0.113.42 - - [12/May/2026:10:58:10 +0700] "GET /api/users HTTP/1.1" 200 19501 "-" "Mozilla/5.0 (X11; Linux x86_64) AppleWebKit/537.36 Chrome/119.0.0.0 Safari/537.36" "-"
203.0.113.42 - - [12/May/2026:10:58:24 +0700] "GET /api/orders HTTP/1.1" 499 186 "-" "Mozilla/5.0 (X11; Linux x86_64) AppleWebKit/537.36 Chrome/119.0.0.0 Safari/537.36" "-"
103.72.98.10 - - [12/May/2026:10:58:35 +0700] "DELETE /admin HTTP/1.1" 200 5582 "-" "Mozilla/5.0 (Macintosh; Intel Mac OS X 10_15_7) AppleWebKit/537.36 Safari/537.36" "-"
45.148.10.231 - - [12/May/2026:10:58:45 +0700] "DELETE /favicon.ico HTTP/1.1" 200 36836 "-" "Mozilla/5.0 (Macintosh; Intel Mac OS X 10_15_7) AppleWebKit/537.36 Safari/537.36" "-"
192.168.1.10 - - [12/May/2026:10:59:03 +0700] "DELETE /contact HTTP/1.1" 304 108 "-" "Googlebot/2.1 (+http://www.google.com/bot.html)" "-"
103.56.163.10 - - [12/May/2026:10:59:16 +0700] "POST /admin HTTP/1.1" 200 39517 "-" "Mozilla/5.0 (Windows NT 10.0; Win64; x64) AppleWebKit/537.36 Chrome/120.0.0.0 Safari/537.36" "-"
91.108.4.100 - - [12/May/2026:10:59:19 +0700] "GET /about HTTP/1.1" 200 16060 "-" "curl/7.68.0" "-"
103.72.98.10 - - [12/May/2026:10:59:31 +0700] "POST /nonexistent-page HTTP/1.1" 200 48900 "-" "python-requests/2.28.0" "-"
91.108.4.100 - - [12/May/2026:10:59:34 +0700] "GET /favicon.ico HTTP/1.1" 200 2474 "-" "curl/7.68.0" "-"
185.220.101.45 - - [12/May/2026:10:59:55 +0700] "GET /old-page HTTP/1.1" 200 33643 "-" "python-requests/2.28.0" "-"
185.220.101.45 - - [12/May/2026:10:59:58 +0700] "POST /static/css/main.css HTTP/1.1" 200 39828 "-" "Googlebot/2.1 (+http://www.google.com/bot.html)" "-"
192.168.1.10 - - [12/May/2026:10:59:58 +0700] "GET /index.html HTTP/1.1" 200 42188 "-" "Googlebot/2.1 (+http://www.google.com/bot.html)" "-"
52.167.144.16 - - [12/May/2026:11:00:01 +0700] "POST /about HTTP/1.1" 304 383 "-" "Mozilla/5.0 (Windows NT 10.0; Win64; x64) AppleWebKit/537.36 Chrome/120.0.0.0 Safari/537.36" "-"
45.148.10.231 - - [12/May/2026:11:00:22 +0700] "PUT /nonexistent-page HTTP/1.1" 200 29482 "-" "curl/7.68.0" "-"
185.220.101.45 - - [12/May/2026:11:00:24 +0700] "POST /login HTTP/1.1" 200 16668 "-" "Mozilla/5.0 (Macintosh; Intel Mac OS X 10_15_7) AppleWebKit/537.36 Safari/537.36" "-"
192.168.1.10 - - [12/May/2026:11:00:58 +0700] "PUT /.env HTTP/1.1" 200 45065 "-" "python-requests/2.28.0" "-"
192.168.1.10 - - [12/May/2026:11:01:16 +0700] "POST /about HTTP/1.1" 200 13014 "-" "Googlebot/2.1 (+http://www.google.com/bot.html)" "-"
185.220.101.45 - - [12/May/2026:11:01:38 +0700] "POST /api/v1/health HTTP/1.1" 200 4862 "-" "Mozilla/5.0 (X11; Linux x86_64) AppleWebKit/537.36 Chrome/119.0.0.0 Safari/537.36" "-"
91.108.4.100 - - [12/May/2026:11:01:46 +0700] "DELETE /api/orders HTTP/1.1" 200 1969 "-" "curl/7.68.0" "-"
34.89.120.5 - - [12/May/2026:11:01:48 +0700] "POST /admin HTTP/1.1" 200 19006 "-" "Googlebot/2.1 (+http://www.google.com/bot.html)" "-"
91.108.4.100 - - [12/May/2026:11:01:57 +0700] "DELETE /wp-admin HTTP/1.1" 200 41183 "-" "Mozilla/5.0 (Windows NT 10.0; Win64; x64) AppleWebKit/537.36 Chrome/120.0.0.0 Safari/537.36" "-"
103.72.98.10 - - [12/May/2026:11:01:59 +0700] "GET /logout HTTP/1.1" 200 1595 "-" "Mozilla/5.0 (Windows NT 10.0; Win64; x64) AppleWebKit/537.36 Chrome/120.0.0.0 Safari/537.36" "-"
52.167.144.16 - - [12/May/2026:11:02:54 +0700] "DELETE /old-page HTTP/1.1" 200 3618 "-" "Mozilla/5.0 (Macintosh; Intel Mac OS X 10_15_7) AppleWebKit/537.36 Safari/537.36" "-"
103.56.163.10 - - [12/May/2026:11:03:05 +0700] "POST /index.html HTTP/1.1" 200 2759 "-" "Googlebot/2.1 (+http://www.google.com/bot.html)" "-"
192.168.1.10 - - [12/May/2026:11:03:13 +0700] "GET /api/v1/health HTTP/1.1" 200 9384 "-" "Googlebot/2.1 (+http://www.google.com/bot.html)" "-"
185.220.101.45 - - [12/May/2026:11:03:23 +0700] "GET /index.html HTTP/1.1" 200 28038 "-" "Googlebot/2.1 (+http://www.google.com/bot.html)" "-"
185.220.101.45 - - [12/May/2026:11:03:26 +0700] "GET / HTTP/1.1" 200 34892 "-" "Mozilla/5.0 (Macintosh; Intel Mac OS X 10_15_7) AppleWebKit/537.36 Safari/537.36" "-"
34.89.120.5 - - [12/May/2026:11:03:36 +0700] "DELETE /admin HTTP/1.1" 500 424 "-" "curl/7.68.0" "-"
103.72.98.10 - - [12/May/2026:11:04:08 +0700] "PUT /wp-admin HTTP/1.1" 200 42089 "-" "Mozilla/5.0 (Windows NT 10.0; Win64; x64) AppleWebKit/537.36 Chrome/120.0.0.0 Safari/537.36" "-"
185.220.101.45 - - [12/May/2026:11:04:20 +0700] "PUT /admin HTTP/1.1" 404 388 "-" "Mozilla/5.0 (Macintosh; Intel Mac OS X 10_15_7) AppleWebKit/537.36 Safari/537.36" "-"
103.56.163.10 - - [12/May/2026:11:04:28 +0700] "DELETE /static/js/app.js HTTP/1.1" 200 8396 "-" "Mozilla/5.0 (Windows NT 10.0; Win64; x64) AppleWebKit/537.36 Chrome/120.0.0.0 Safari/537.36" "-"
203.0.113.42 - - [12/May/2026:11:04:56 +0700] "PUT /admin HTTP/1.1" 200 44120 "-" "Mozilla/5.0 (Windows NT 10.0; Win64; x64) AppleWebKit/537.36 Chrome/120.0.0.0 Safari/537.36" "-"
203.0.113.42 - - [12/May/2026:11:05:22 +0700] "PUT /admin/users HTTP/1.1" 200 15371 "-" "Googlebot/2.1 (+http://www.google.com/bot.html)" "-"
203.0.113.42 - - [12/May/2026:11:05:31 +0700] "DELETE / HTTP/1.1" 304 0 "-" "Mozilla/5.0 (X11; Linux x86_64) AppleWebKit/537.36 Chrome/119.0.0.0 Safari/537.36" "-"
52.167.144.16 - - [12/May/2026:11:05:56 +0700] "DELETE /api/users HTTP/1.1" 200 33585 "-" "Mozilla/5.0 (Windows NT 10.0; Win64; x64) AppleWebKit/537.36 Chrome/120.0.0.0 Safari/537.36" "-"
185.220.101.45 - - [12/May/2026:11:06:25 +0700] "PUT /about HTTP/1.1" 200 8443 "-" "Googlebot/2.1 (+http://www.google.com/bot.html)" "-"
34.89.120.5 - - [12/May/2026:11:06:39 +0700] "PUT /api/orders HTTP/1.1" 302 359 "-" "Mozilla/5.0 (Macintosh; Intel Mac OS X 10_15_7) AppleWebKit/537.36 Safari/537.36" "-"
34.89.120.5 - - [12/May/2026:11:06:44 +0700] "DELETE /api/users HTTP/1.1" 200 21351 "-" "Googlebot/2.1 (+http://www.google.com/bot.html)" "-"
91.108.4.100 - - [12/May/2026:11:07:21 +0700] "GET /static/js/app.js HTTP/1.1" 404 418 "-" "Mozilla/5.0 (Windows NT 10.0; Win64; x64) AppleWebKit/537.36 Chrome/120.0.0.0 Safari/537.36" "-"
34.89.120.5 - - [12/May/2026:11:07:33 +0700] "GET /admin HTTP/1.1" 200 11215 "-" "curl/7.68.0" "-"
45.148.10.231 - - [12/May/2026:11:07:48 +0700] "PUT /index.html HTTP/1.1" 400 289 "-" "python-requests/2.28.0" "-"
103.72.98.10 - - [12/May/2026:11:08:17 +0700] "GET /api/v1/health HTTP/1.1" 200 11413 "-" "Mozilla/5.0 (X11; Linux x86_64) AppleWebKit/537.36 Chrome/119.0.0.0 Safari/537.36" "-"
52.167.144.16 - - [12/May/2026:11:08:31 +0700] "PUT /index.html HTTP/1.1" 200 17438 "-" "Googlebot/2.1 (+http://www.google.com/bot.html)" "-"
103.56.163.10 - - [12/May/2026:11:08:43 +0700] "POST /static/js/app.js HTTP/1.1" 200 11057 "-" "curl/7.68.0" "-"
103.56.163.10 - - [12/May/2026:11:08:44 +0700] "DELETE /admin/users HTTP/1.1" 404 496 "-" "Mozilla/5.0 (Windows NT 10.0; Win64; x64) AppleWebKit/537.36 Chrome/120.0.0.0 Safari/537.36" "-"
34.89.120.5 - - [12/May/2026:11:08:44 +0700] "PUT /static/css/main.css HTTP/1.1" 200 11636 "-" "python-requests/2.28.0" "-"
103.72.98.10 - - [12/May/2026:11:09:18 +0700] "POST /api/products HTTP/1.1" 499 499 "-" "Googlebot/2.1 (+http://www.google.com/bot.html)" "-"
185.220.101.45 - - [12/May/2026:11:09:18 +0700] "PUT /nonexistent-page HTTP/1.1" 200 17958 "-" "curl/7.68.0" "-"
103.56.163.10 - - [12/May/2026:11:10:26 +0700] "GET /nonexistent-page HTTP/1.1" 200 1529 "-" "Mozilla/5.0 (Macintosh; Intel Mac OS X 10_15_7) AppleWebKit/537.36 Safari/537.36" "-"
103.72.98.10 - - [12/May/2026:11:11:55 +0700] "PUT /admin HTTP/1.1" 301 220 "-" "Mozilla/5.0 (Windows NT 10.0; Win64; x64) AppleWebKit/537.36 Chrome/120.0.0.0 Safari/537.36" "-"
192.168.1.10 - - [12/May/2026:11:12:43 +0700] "PUT /wp-admin HTTP/1.1" 200 36450 "-" "Mozilla/5.0 (X11; Linux x86_64) AppleWebKit/537.36 Chrome/119.0.0.0 Safari/537.36" "-"
91.108.4.100 - - [12/May/2026:11:12:48 +0700] "DELETE /admin/users HTTP/1.1" 499 117 "-" "Mozilla/5.0 (Windows NT 10.0; Win64; x64) AppleWebKit/537.36 Chrome/120.0.0.0 Safari/537.36" "-"
103.72.98.10 - - [12/May/2026:11:13:03 +0700] "PUT /wp-admin HTTP/1.1" 200 20316 "-" "Googlebot/2.1 (+http://www.google.com/bot.html)" "-"
178.128.45.67 - - [12/May/2026:11:13:03 +0700] "DELETE /about HTTP/1.1" 200 10992 "-" "Mozilla/5.0 (Macintosh; Intel Mac OS X 10_15_7) AppleWebKit/537.36 Safari/537.36" "-"
192.168.1.10 - - [12/May/2026:11:13:20 +0700] "DELETE /api/v1/health HTTP/1.1" 200 39146 "-" "curl/7.68.0" "-"
192.168.1.10 - - [12/May/2026:11:13:24 +0700] "GET / HTTP/1.1" 301 200 "-" "Mozilla/5.0 (Windows NT 10.0; Win64; x64) AppleWebKit/537.36 Chrome/120.0.0.0 Safari/537.36" "-"
52.167.144.16 - - [12/May/2026:11:13:55 +0700] "POST /.env HTTP/1.1" 200 19110 "-" "Mozilla/5.0 (Macintosh; Intel Mac OS X 10_15_7) AppleWebKit/537.36 Safari/537.36" "-"
185.220.101.45 - - [12/May/2026:11:14:08 +0700] "GET /.env HTTP/1.1" 200 39008 "-" "curl/7.68.0" "-"
103.56.163.10 - - [12/May/2026:11:14:36 +0700] "DELETE /about HTTP/1.1" 200 11679 "-" "curl/7.68.0" "-"
192.168.1.10 - - [12/May/2026:11:14:51 +0700] "GET /about HTTP/1.1" 200 4589 "-" "Mozilla/5.0 (X11; Linux x86_64) AppleWebKit/537.36 Chrome/119.0.0.0 Safari/537.36" "-"
91.108.4.100 - - [12/May/2026:11:14:54 +0700] "GET /logout HTTP/1.1" 200 41013 "-" "curl/7.68.0" "-"
103.56.163.10 - - [12/May/2026:11:15:18 +0700] "DELETE /static/css/main.css HTTP/1.1" 404 333 "-" "python-requests/2.28.0" "-"
185.220.101.45 - - [12/May/2026:11:15:22 +0700] "PUT /api/v1/health HTTP/1.1" 200 25593 "-" "Googlebot/2.1 (+http://www.google.com/bot.html)" "-"
45.148.10.231 - - [12/May/2026:11:15:31 +0700] "DELETE /logout HTTP/1.1" 200 3042 "-" "python-requests/2.28.0" "-"
178.128.45.67 - - [12/May/2026:11:15:54 +0700] "POST / HTTP/1.1" 200 38967 "-" "Mozilla/5.0 (Windows NT 10.0; Win64; x64) AppleWebKit/537.36 Chrome/120.0.0.0 Safari/537.36" "-"
45.148.10.231 - - [12/May/2026:11:16:18 +0700] "POST /.env HTTP/1.1" 404 186 "-" "python-requests/2.28.0" "-"
103.72.98.10 - - [12/May/2026:11:17:27 +0700] "GET /dashboard HTTP/1.1" 200 38839 "-" "python-requests/2.28.0" "-"
52.167.144.16 - - [12/May/2026:11:17:28 +0700] "POST /static/js/app.js HTTP/1.1" 200 26301 "-" "Googlebot/2.1 (+http://www.google.com/bot.html)" "-"
34.89.120.5 - - [12/May/2026:11:17:29 +0700] "POST /static/js/app.js HTTP/1.1" 200 15699 "-" "Mozilla/5.0 (Windows NT 10.0; Win64; x64) AppleWebKit/537.36 Chrome/120.0.0.0 Safari/537.36" "-"
178.128.45.67 - - [12/May/2026:11:17:39 +0700] "POST /contact HTTP/1.1" 404 238 "-" "python-requests/2.28.0" "-"
52.167.144.16 - - [12/May/2026:11:17:54 +0700] "DELETE /api/orders HTTP/1.1" 200 47196 "-" "Mozilla/5.0 (X11; Linux x86_64) AppleWebKit/537.36 Chrome/119.0.0.0 Safari/537.36" "-"
103.56.163.10 - - [12/May/2026:11:18:03 +0700] "PUT /api/orders HTTP/1.1" 404 220 "-" "curl/7.68.0" "-"
103.56.163.10 - - [12/May/2026:11:18:05 +0700] "PUT /contact HTTP/1.1" 404 480 "-" "python-requests/2.28.0" "-"
192.168.1.10 - - [12/May/2026:11:18:38 +0700] "GET /dashboard HTTP/1.1" 404 433 "-" "Mozilla/5.0 (X11; Linux x86_64) AppleWebKit/537.36 Chrome/119.0.0.0 Safari/537.36" "-"
203.0.113.42 - - [12/May/2026:11:18:48 +0700] "POST /api/products HTTP/1.1" 499 460 "-" "Googlebot/2.1 (+http://www.google.com/bot.html)" "-"
178.128.45.67 - - [12/May/2026:11:18:52 +0700] "POST /admin/users HTTP/1.1" 404 185 "-" "Googlebot/2.1 (+http://www.google.com/bot.html)" "-"
178.128.45.67 - - [12/May/2026:11:19:00 +0700] "PUT / HTTP/1.1" 404 426 "-" "curl/7.68.0" "-"
34.89.120.5 - - [12/May/2026:11:19:47 +0700] "PUT /static/js/app.js HTTP/1.1" 200 12144 "-" "python-requests/2.28.0" "-"
52.167.144.16 - - [12/May/2026:11:20:11 +0700] "PUT /wp-admin HTTP/1.1" 200 28198 "-" "Googlebot/2.1 (+http://www.google.com/bot.html)" "-"
34.89.120.5 - - [12/May/2026:11:20:40 +0700] "GET /admin/users HTTP/1.1" 301 123 "-" "Mozilla/5.0 (X11; Linux x86_64) AppleWebKit/537.36 Chrome/119.0.0.0 Safari/537.36" "-"
91.108.4.100 - - [12/May/2026:11:20:44 +0700] "POST /.env HTTP/1.1" 200 605 "-" "Mozilla/5.0 (X11; Linux x86_64) AppleWebKit/537.36 Chrome/119.0.0.0 Safari/537.36" "-"
103.72.98.10 - - [12/May/2026:11:21:02 +0700] "DELETE /api/orders HTTP/1.1" 200 23179 "-" "Mozilla/5.0 (X11; Linux x86_64) AppleWebKit/537.36 Chrome/119.0.0.0 Safari/537.36" "-"
103.72.98.10 - - [12/May/2026:11:21:18 +0700] "GET /static/js/app.js HTTP/1.1" 200 39585 "-" "Googlebot/2.1 (+http://www.google.com/bot.html)" "-"
192.168.1.10 - - [12/May/2026:11:21:31 +0700] "POST /api/users HTTP/1.1" 500 11 "-" "curl/7.68.0" "-"
192.168.1.10 - - [12/May/2026:11:22:07 +0700] "DELETE /api/orders HTTP/1.1" 200 32059 "-" "Mozilla/5.0 (Macintosh; Intel Mac OS X 10_15_7) AppleWebKit/537.36 Safari/537.36" "-"
178.128.45.67 - - [12/May/2026:11:22:55 +0700] "PUT /about HTTP/1.1" 200 35785 "-" "Mozilla/5.0 (Windows NT 10.0; Win64; x64) AppleWebKit/537.36 Chrome/120.0.0.0 Safari/537.36" "-"
185.220.101.45 - - [12/May/2026:11:23:13 +0700] "PUT /favicon.ico HTTP/1.1" 200 47551 "-" "Googlebot/2.1 (+http://www.google.com/bot.html)" "-"
34.89.120.5 - - [12/May/2026:11:24:12 +0700] "PUT /logout HTTP/1.1" 200 16740 "-" "Mozilla/5.0 (X11; Linux x86_64) AppleWebKit/537.36 Chrome/119.0.0.0 Safari/537.36" "-"
103.56.163.10 - - [12/May/2026:11:24:24 +0700] "DELETE /favicon.ico HTTP/1.1" 304 372 "-" "Mozilla/5.0 (Windows NT 10.0; Win64; x64) AppleWebKit/537.36 Chrome/120.0.0.0 Safari/537.36" "-"
34.89.120.5 - - [12/May/2026:11:24:49 +0700] "GET /api/products HTTP/1.1" 200 708 "-" "curl/7.68.0" "-"
91.108.4.100 - - [12/May/2026:11:25:10 +0700] "PUT /.env HTTP/1.1" 200 36339 "-" "python-requests/2.28.0" "-"
185.220.101.45 - - [12/May/2026:11:25:27 +0700] "DELETE /wp-admin HTTP/1.1" 200 33705 "-" "Googlebot/2.1 (+http://www.google.com/bot.html)" "-"
45.148.10.231 - - [12/May/2026:11:25:32 +0700] "DELETE /admin HTTP/1.1" 400 500 "-" "python-requests/2.28.0" "-"
103.72.98.10 - - [12/May/2026:11:25:36 +0700] "GET /static/css/main.css HTTP/1.1" 304 428 "-" "Mozilla/5.0 (X11; Linux x86_64) AppleWebKit/537.36 Chrome/119.0.0.0 Safari/537.36" "-"
192.168.1.10 - - [12/May/2026:11:25:42 +0700] "DELETE /logout HTTP/1.1" 404 79 "-" "Mozilla/5.0 (Macintosh; Intel Mac OS X 10_15_7) AppleWebKit/537.36 Safari/537.36" "-"
52.167.144.16 - - [12/May/2026:11:25:46 +0700] "DELETE /old-page HTTP/1.1" 200 846 "-" "Googlebot/2.1 (+http://www.google.com/bot.html)" "-"
192.168.1.10 - - [12/May/2026:11:25:57 +0700] "GET /api/orders HTTP/1.1" 200 4089 "-" "curl/7.68.0" "-"
